2020-12-19 13:58:08,259 INFO  [restartedMain] com.bjfu.fcro.FoodcheckRouteoptiApplication : Starting FoodcheckRouteoptiApplication on DESKTOP-FVOEJCM with PID 8572 (E:\ltx\foodcheck_routeopti\target\classes started by ltx in E:\ltx\foodcheck_routeopti)
2020-12-19 13:58:08,270 INFO  [restartedMain] com.bjfu.fcro.FoodcheckRouteoptiApplication : No active profile set, falling back to default profiles: default
2020-12-19 13:58:08,322 INFO  [restartedMain] org.springframework.boot.devtools.env.DevToolsPropertyDefaultsPostProcessor : Devtools property defaults active! Set 'spring.devtools.add-properties' to 'false' to disable
2020-12-19 13:58:08,322 INFO  [restartedMain] org.springframework.boot.devtools.env.DevToolsPropertyDefaultsPostProcessor : For additional web related logging consider setting the 'logging.level.web' property to 'DEBUG'
2020-12-19 13:58:09,003 INFO  [restartedMain] org.springframework.data.repository.config.RepositoryConfigurationDelegate : Multiple Spring Data modules found, entering strict repository configuration mode!
2020-12-19 13:58:09,004 INFO  [restartedMain] org.springframework.data.repository.config.RepositoryConfigurationDelegate : Bootstrapping Spring Data JDBC repositories in DEFAULT mode.
2020-12-19 13:58:09,048 INFO  [restartedMain] org.springframework.data.repository.config.RepositoryConfigurationDelegate : Finished Spring Data repository scanning in 40ms. Found 0 JDBC repository interfaces.
2020-12-19 13:58:09,062 INFO  [restartedMain] org.springframework.data.repository.config.RepositoryConfigurationDelegate : Multiple Spring Data modules found, entering strict repository configuration mode!
2020-12-19 13:58:09,063 INFO  [restartedMain] org.springframework.data.repository.config.RepositoryConfigurationDelegate : Bootstrapping Spring Data Redis repositories in DEFAULT mode.
2020-12-19 13:58:09,088 INFO  [restartedMain] org.springframework.data.repository.config.RepositoryConfigurationDelegate : Finished Spring Data repository scanning in 18ms. Found 0 Redis repository interfaces.
2020-12-19 13:58:09,753 INFO  [restartedMain] org.springframework.boot.web.embedded.tomcat.TomcatWebServer : Tomcat initialized with port(s): 7070 (http)
2020-12-19 13:58:09,761 INFO  [restartedMain] org.apache.catalina.core.StandardService : Starting service [Tomcat]
2020-12-19 13:58:09,761 INFO  [restartedMain] org.apache.catalina.core.StandardEngine : Starting Servlet engine: [Apache Tomcat/9.0.38]
2020-12-19 13:58:09,878 INFO  [restartedMain] org.apache.catalina.core.ContainerBase.[Tomcat].[localhost].[/] : Initializing Spring embedded WebApplicationContext
2020-12-19 13:58:09,878 INFO  [restartedMain] org.springframework.boot.web.servlet.context.ServletWebServerApplicationContext : Root WebApplicationContext: initialization completed in 1556 ms
2020-12-19 13:58:10,091 WARN  [restartedMain] com.bjfu.fcro.config.handler.CustomizeAbstractSecurityInterceptor : Could not validate configuration attributes as the SecurityMetadataSource did not return any attributes from getAllConfigAttributes()
2020-12-19 13:58:10,424 INFO  [restartedMain] org.springframework.boot.autoconfigure.web.servlet.WelcomePageHandlerMapping : Adding welcome page: class path resource [static/index.html]
2020-12-19 13:58:10,551 INFO  [restartedMain] org.springframework.security.web.DefaultSecurityFilterChain : Creating filter chain: any request, [org.springframework.security.web.context.request.async.WebAsyncManagerIntegrationFilter@7a739634, org.springframework.security.web.context.SecurityContextPersistenceFilter@7e251749, org.springframework.security.web.header.HeaderWriterFilter@4d087a82, org.springframework.web.filter.CorsFilter@3fa4ad0f, org.springframework.security.web.authentication.logout.LogoutFilter@566d98a3, com.bjfu.fcro.config.handler.CustomizeOncePerRequestFilter@455635e, org.springframework.security.web.authentication.UsernamePasswordAuthenticationFilter@2ccad803, org.springframework.security.web.session.ConcurrentSessionFilter@7fdc2590, org.springframework.security.web.savedrequest.RequestCacheAwareFilter@449a2d15, org.springframework.security.web.servletapi.SecurityContextHolderAwareRequestFilter@32c5b8f1, org.springframework.security.web.authentication.AnonymousAuthenticationFilter@f20818b, org.springframework.security.web.session.SessionManagementFilter@1a742508, org.springframework.security.web.access.ExceptionTranslationFilter@7b275bf, org.springframework.security.web.access.intercept.FilterSecurityInterceptor@6d93a571]
2020-12-19 13:58:10,586 INFO  [restartedMain] org.springframework.scheduling.concurrent.ThreadPoolTaskExecutor : Initializing ExecutorService 'applicationTaskExecutor'
2020-12-19 13:58:10,923 INFO  [restartedMain] com.alibaba.druid.pool.DruidDataSource : {dataSource-1} inited
2020-12-19 13:58:11,145 INFO  [restartedMain] org.springframework.boot.devtools.autoconfigure.OptionalLiveReloadServer : LiveReload server is running on port 35729
2020-12-19 13:58:11,179 INFO  [restartedMain] org.springframework.boot.web.embedded.tomcat.TomcatWebServer : Tomcat started on port(s): 7070 (http) with context path ''
2020-12-19 13:58:11,189 INFO  [restartedMain] com.bjfu.fcro.FoodcheckRouteoptiApplication : Started FoodcheckRouteoptiApplication in 3.259 seconds (JVM running for 4.441)
2020-12-19 13:59:14,650 INFO  [http-nio-7070-exec-1] org.apache.catalina.core.ContainerBase.[Tomcat].[localhost].[/] : Initializing Spring DispatcherServlet 'dispatcherServlet'
2020-12-19 13:59:14,650 INFO  [http-nio-7070-exec-1] org.springframework.web.servlet.DispatcherServlet : Initializing Servlet 'dispatcherServlet'
2020-12-19 13:59:14,656 INFO  [http-nio-7070-exec-1] org.springframework.web.servlet.DispatcherServlet : Completed initialization in 6 ms
2020-12-19 14:00:28,055 INFO  [restartedMain] com.bjfu.fcro.FoodcheckRouteoptiApplication : Starting FoodcheckRouteoptiApplication on DESKTOP-FVOEJCM with PID 12704 (E:\ltx\foodcheck_routeopti\target\classes started by ltx in E:\ltx\foodcheck_routeopti)
2020-12-19 14:00:28,063 INFO  [restartedMain] com.bjfu.fcro.FoodcheckRouteoptiApplication : No active profile set, falling back to default profiles: default
2020-12-19 14:00:28,124 INFO  [restartedMain] org.springframework.boot.devtools.env.DevToolsPropertyDefaultsPostProcessor : Devtools property defaults active! Set 'spring.devtools.add-properties' to 'false' to disable
2020-12-19 14:00:28,124 INFO  [restartedMain] org.springframework.boot.devtools.env.DevToolsPropertyDefaultsPostProcessor : For additional web related logging consider setting the 'logging.level.web' property to 'DEBUG'
2020-12-19 14:00:28,769 INFO  [restartedMain] org.springframework.data.repository.config.RepositoryConfigurationDelegate : Multiple Spring Data modules found, entering strict repository configuration mode!
2020-12-19 14:00:28,770 INFO  [restartedMain] org.springframework.data.repository.config.RepositoryConfigurationDelegate : Bootstrapping Spring Data JDBC repositories in DEFAULT mode.
2020-12-19 14:00:28,812 INFO  [restartedMain] org.springframework.data.repository.config.RepositoryConfigurationDelegate : Finished Spring Data repository scanning in 38ms. Found 0 JDBC repository interfaces.
2020-12-19 14:00:28,824 INFO  [restartedMain] org.springframework.data.repository.config.RepositoryConfigurationDelegate : Multiple Spring Data modules found, entering strict repository configuration mode!
2020-12-19 14:00:28,825 INFO  [restartedMain] org.springframework.data.repository.config.RepositoryConfigurationDelegate : Bootstrapping Spring Data Redis repositories in DEFAULT mode.
2020-12-19 14:00:28,850 INFO  [restartedMain] org.springframework.data.repository.config.RepositoryConfigurationDelegate : Finished Spring Data repository scanning in 18ms. Found 0 Redis repository interfaces.
2020-12-19 14:00:29,360 INFO  [restartedMain] org.springframework.boot.web.embedded.tomcat.TomcatWebServer : Tomcat initialized with port(s): 7070 (http)
2020-12-19 14:00:29,367 INFO  [restartedMain] org.apache.catalina.core.StandardService : Starting service [Tomcat]
2020-12-19 14:00:29,368 INFO  [restartedMain] org.apache.catalina.core.StandardEngine : Starting Servlet engine: [Apache Tomcat/9.0.38]
2020-12-19 14:00:29,482 INFO  [restartedMain] org.apache.catalina.core.ContainerBase.[Tomcat].[localhost].[/] : Initializing Spring embedded WebApplicationContext
2020-12-19 14:00:29,482 INFO  [restartedMain] org.springframework.boot.web.servlet.context.ServletWebServerApplicationContext : Root WebApplicationContext: initialization completed in 1358 ms
2020-12-19 14:00:29,692 WARN  [restartedMain] com.bjfu.fcro.config.handler.CustomizeAbstractSecurityInterceptor : Could not validate configuration attributes as the SecurityMetadataSource did not return any attributes from getAllConfigAttributes()
2020-12-19 14:00:30,008 INFO  [restartedMain] org.springframework.boot.autoconfigure.web.servlet.WelcomePageHandlerMapping : Adding welcome page: class path resource [static/index.html]
2020-12-19 14:00:30,139 INFO  [restartedMain] org.springframework.security.web.DefaultSecurityFilterChain : Creating filter chain: any request, [org.springframework.security.web.context.request.async.WebAsyncManagerIntegrationFilter@1f00b8c6, org.springframework.security.web.context.SecurityContextPersistenceFilter@62331862, org.springframework.security.web.header.HeaderWriterFilter@3e001ff, org.springframework.web.filter.CorsFilter@50cd5b8f, org.springframework.security.web.authentication.logout.LogoutFilter@3d77e062, com.bjfu.fcro.config.handler.CustomizeOncePerRequestFilter@408fd457, org.springframework.security.web.authentication.UsernamePasswordAuthenticationFilter@31488485, org.springframework.security.web.session.ConcurrentSessionFilter@719bb5db, org.springframework.security.web.savedrequest.RequestCacheAwareFilter@6a3d84e6, org.springframework.security.web.servletapi.SecurityContextHolderAwareRequestFilter@4864f887, org.springframework.security.web.authentication.AnonymousAuthenticationFilter@2df10b07, org.springframework.security.web.session.SessionManagementFilter@6ea6eb06, org.springframework.security.web.access.ExceptionTranslationFilter@1bdb3290, org.springframework.security.web.access.intercept.FilterSecurityInterceptor@18d6a70d]
2020-12-19 14:00:30,180 INFO  [restartedMain] org.springframework.scheduling.concurrent.ThreadPoolTaskExecutor : Initializing ExecutorService 'applicationTaskExecutor'
2020-12-19 14:00:30,530 INFO  [restartedMain] com.alibaba.druid.pool.DruidDataSource : {dataSource-1} inited
2020-12-19 14:00:30,762 INFO  [restartedMain] org.springframework.boot.devtools.autoconfigure.OptionalLiveReloadServer : LiveReload server is running on port 35729
2020-12-19 14:00:30,795 INFO  [restartedMain] org.springframework.boot.web.embedded.tomcat.TomcatWebServer : Tomcat started on port(s): 7070 (http) with context path ''
2020-12-19 14:00:30,805 INFO  [restartedMain] com.bjfu.fcro.FoodcheckRouteoptiApplication : Started FoodcheckRouteoptiApplication in 3.206 seconds (JVM running for 4.238)
2020-12-19 14:00:38,089 INFO  [http-nio-7070-exec-1] org.apache.catalina.core.ContainerBase.[Tomcat].[localhost].[/] : Initializing Spring DispatcherServlet 'dispatcherServlet'
2020-12-19 14:00:38,090 INFO  [http-nio-7070-exec-1] org.springframework.web.servlet.DispatcherServlet : Initializing Servlet 'dispatcherServlet'
2020-12-19 14:00:38,095 INFO  [http-nio-7070-exec-1] org.springframework.web.servlet.DispatcherServlet : Completed initialization in 5 ms
2020-12-19 14:01:24,462 INFO  [restartedMain] com.bjfu.fcro.FoodcheckRouteoptiApplication : Starting FoodcheckRouteoptiApplication on DESKTOP-FVOEJCM with PID 1188 (E:\ltx\foodcheck_routeopti\target\classes started by ltx in E:\ltx\foodcheck_routeopti)
2020-12-19 14:01:24,470 INFO  [restartedMain] com.bjfu.fcro.FoodcheckRouteoptiApplication : No active profile set, falling back to default profiles: default
2020-12-19 14:01:24,522 INFO  [restartedMain] org.springframework.boot.devtools.env.DevToolsPropertyDefaultsPostProcessor : Devtools property defaults active! Set 'spring.devtools.add-properties' to 'false' to disable
2020-12-19 14:01:24,522 INFO  [restartedMain] org.springframework.boot.devtools.env.DevToolsPropertyDefaultsPostProcessor : For additional web related logging consider setting the 'logging.level.web' property to 'DEBUG'
2020-12-19 14:01:25,198 INFO  [restartedMain] org.springframework.data.repository.config.RepositoryConfigurationDelegate : Multiple Spring Data modules found, entering strict repository configuration mode!
2020-12-19 14:01:25,199 INFO  [restartedMain] org.springframework.data.repository.config.RepositoryConfigurationDelegate : Bootstrapping Spring Data JDBC repositories in DEFAULT mode.
2020-12-19 14:01:25,242 INFO  [restartedMain] org.springframework.data.repository.config.RepositoryConfigurationDelegate : Finished Spring Data repository scanning in 39ms. Found 0 JDBC repository interfaces.
2020-12-19 14:01:25,255 INFO  [restartedMain] org.springframework.data.repository.config.RepositoryConfigurationDelegate : Multiple Spring Data modules found, entering strict repository configuration mode!
2020-12-19 14:01:25,256 INFO  [restartedMain] org.springframework.data.repository.config.RepositoryConfigurationDelegate : Bootstrapping Spring Data Redis repositories in DEFAULT mode.
2020-12-19 14:01:25,282 INFO  [restartedMain] org.springframework.data.repository.config.RepositoryConfigurationDelegate : Finished Spring Data repository scanning in 18ms. Found 0 Redis repository interfaces.
2020-12-19 14:01:25,813 INFO  [restartedMain] org.springframework.boot.web.embedded.tomcat.TomcatWebServer : Tomcat initialized with port(s): 7070 (http)
2020-12-19 14:01:25,820 INFO  [restartedMain] org.apache.catalina.core.StandardService : Starting service [Tomcat]
2020-12-19 14:01:25,821 INFO  [restartedMain] org.apache.catalina.core.StandardEngine : Starting Servlet engine: [Apache Tomcat/9.0.38]
2020-12-19 14:01:25,944 INFO  [restartedMain] org.apache.catalina.core.ContainerBase.[Tomcat].[localhost].[/] : Initializing Spring embedded WebApplicationContext
2020-12-19 14:01:25,944 INFO  [restartedMain] org.springframework.boot.web.servlet.context.ServletWebServerApplicationContext : Root WebApplicationContext: initialization completed in 1422 ms
2020-12-19 14:01:26,156 WARN  [restartedMain] com.bjfu.fcro.config.handler.CustomizeAbstractSecurityInterceptor : Could not validate configuration attributes as the SecurityMetadataSource did not return any attributes from getAllConfigAttributes()
2020-12-19 14:01:26,501 INFO  [restartedMain] org.springframework.boot.autoconfigure.web.servlet.WelcomePageHandlerMapping : Adding welcome page: class path resource [static/index.html]
2020-12-19 14:01:26,642 INFO  [restartedMain] org.springframework.security.web.DefaultSecurityFilterChain : Creating filter chain: any request, [org.springframework.security.web.context.request.async.WebAsyncManagerIntegrationFilter@67ff1985, org.springframework.security.web.context.SecurityContextPersistenceFilter@3094f82, org.springframework.security.web.header.HeaderWriterFilter@297f7c9d, org.springframework.web.filter.CorsFilter@3ff4ad64, org.springframework.security.web.authentication.logout.LogoutFilter@4e68b48d, com.bjfu.fcro.config.handler.CustomizeOncePerRequestFilter@6e96a6fc, org.springframework.security.web.authentication.UsernamePasswordAuthenticationFilter@14db9d2, org.springframework.security.web.session.ConcurrentSessionFilter@5910c401, org.springframework.security.web.savedrequest.RequestCacheAwareFilter@152081fd, org.springframework.security.web.servletapi.SecurityContextHolderAwareRequestFilter@a5d34fc, org.springframework.security.web.authentication.AnonymousAuthenticationFilter@77986e28, org.springframework.security.web.session.SessionManagementFilter@66c146ab, org.springframework.security.web.access.ExceptionTranslationFilter@532ed974, org.springframework.security.web.access.intercept.FilterSecurityInterceptor@592e7f1d]
2020-12-19 14:01:26,681 INFO  [restartedMain] org.springframework.scheduling.concurrent.ThreadPoolTaskExecutor : Initializing ExecutorService 'applicationTaskExecutor'
2020-12-19 14:01:27,046 INFO  [restartedMain] com.alibaba.druid.pool.DruidDataSource : {dataSource-1} inited
2020-12-19 14:01:27,462 INFO  [restartedMain] org.springframework.boot.devtools.autoconfigure.OptionalLiveReloadServer : LiveReload server is running on port 35729
2020-12-19 14:01:27,495 INFO  [restartedMain] org.springframework.boot.web.embedded.tomcat.TomcatWebServer : Tomcat started on port(s): 7070 (http) with context path ''
2020-12-19 14:01:27,505 INFO  [restartedMain] com.bjfu.fcro.FoodcheckRouteoptiApplication : Started FoodcheckRouteoptiApplication in 3.485 seconds (JVM running for 4.519)
2020-12-19 14:01:31,454 INFO  [http-nio-7070-exec-1] org.apache.catalina.core.ContainerBase.[Tomcat].[localhost].[/] : Initializing Spring DispatcherServlet 'dispatcherServlet'
2020-12-19 14:01:31,454 INFO  [http-nio-7070-exec-1] org.springframework.web.servlet.DispatcherServlet : Initializing Servlet 'dispatcherServlet'
2020-12-19 14:01:31,459 INFO  [http-nio-7070-exec-1] org.springframework.web.servlet.DispatcherServlet : Completed initialization in 5 ms
2020-12-19 14:03:52,774 INFO  [restartedMain] com.bjfu.fcro.FoodcheckRouteoptiApplication : Starting FoodcheckRouteoptiApplication on DESKTOP-FVOEJCM with PID 18944 (E:\ltx\foodcheck_routeopti\target\classes started by ltx in E:\ltx\foodcheck_routeopti)
2020-12-19 14:03:52,781 INFO  [restartedMain] com.bjfu.fcro.FoodcheckRouteoptiApplication : No active profile set, falling back to default profiles: default
2020-12-19 14:03:52,834 INFO  [restartedMain] org.springframework.boot.devtools.env.DevToolsPropertyDefaultsPostProcessor : Devtools property defaults active! Set 'spring.devtools.add-properties' to 'false' to disable
2020-12-19 14:03:52,834 INFO  [restartedMain] org.springframework.boot.devtools.env.DevToolsPropertyDefaultsPostProcessor : For additional web related logging consider setting the 'logging.level.web' property to 'DEBUG'
2020-12-19 14:03:53,500 INFO  [restartedMain] org.springframework.data.repository.config.RepositoryConfigurationDelegate : Multiple Spring Data modules found, entering strict repository configuration mode!
2020-12-19 14:03:53,500 INFO  [restartedMain] org.springframework.data.repository.config.RepositoryConfigurationDelegate : Bootstrapping Spring Data JDBC repositories in DEFAULT mode.
2020-12-19 14:03:53,541 INFO  [restartedMain] org.springframework.data.repository.config.RepositoryConfigurationDelegate : Finished Spring Data repository scanning in 37ms. Found 0 JDBC repository interfaces.
2020-12-19 14:03:53,554 INFO  [restartedMain] org.springframework.data.repository.config.RepositoryConfigurationDelegate : Multiple Spring Data modules found, entering strict repository configuration mode!
2020-12-19 14:03:53,555 INFO  [restartedMain] org.springframework.data.repository.config.RepositoryConfigurationDelegate : Bootstrapping Spring Data Redis repositories in DEFAULT mode.
2020-12-19 14:03:53,581 INFO  [restartedMain] org.springframework.data.repository.config.RepositoryConfigurationDelegate : Finished Spring Data repository scanning in 19ms. Found 0 Redis repository interfaces.
2020-12-19 14:03:54,177 INFO  [restartedMain] org.springframework.boot.web.embedded.tomcat.TomcatWebServer : Tomcat initialized with port(s): 7070 (http)
2020-12-19 14:03:54,185 INFO  [restartedMain] org.apache.catalina.core.StandardService : Starting service [Tomcat]
2020-12-19 14:03:54,185 INFO  [restartedMain] org.apache.catalina.core.StandardEngine : Starting Servlet engine: [Apache Tomcat/9.0.38]
2020-12-19 14:03:54,307 INFO  [restartedMain] org.apache.catalina.core.ContainerBase.[Tomcat].[localhost].[/] : Initializing Spring embedded WebApplicationContext
2020-12-19 14:03:54,308 INFO  [restartedMain] org.springframework.boot.web.servlet.context.ServletWebServerApplicationContext : Root WebApplicationContext: initialization completed in 1474 ms
2020-12-19 14:03:54,519 WARN  [restartedMain] com.bjfu.fcro.config.handler.CustomizeAbstractSecurityInterceptor : Could not validate configuration attributes as the SecurityMetadataSource did not return any attributes from getAllConfigAttributes()
2020-12-19 14:03:54,859 INFO  [restartedMain] org.springframework.boot.autoconfigure.web.servlet.WelcomePageHandlerMapping : Adding welcome page: class path resource [static/index.html]
2020-12-19 14:03:54,990 INFO  [restartedMain] org.springframework.security.web.DefaultSecurityFilterChain : Creating filter chain: any request, [org.springframework.security.web.context.request.async.WebAsyncManagerIntegrationFilter@534cdfba, org.springframework.security.web.context.SecurityContextPersistenceFilter@1851c4a0, org.springframework.security.web.header.HeaderWriterFilter@4cee8564, org.springframework.web.filter.CorsFilter@6b7a286, org.springframework.security.web.authentication.logout.LogoutFilter@5d27c047, com.bjfu.fcro.config.handler.CustomizeOncePerRequestFilter@16824bc6, org.springframework.security.web.authentication.UsernamePasswordAuthenticationFilter@3c8571f8, org.springframework.security.web.session.ConcurrentSessionFilter@423c258, org.springframework.security.web.savedrequest.RequestCacheAwareFilter@3b6ef9f0, org.springframework.security.web.servletapi.SecurityContextHolderAwareRequestFilter@535cb811, org.springframework.security.web.authentication.AnonymousAuthenticationFilter@4a84fc2f, org.springframework.security.web.session.SessionManagementFilter@551462c1, org.springframework.security.web.access.ExceptionTranslationFilter@530536f9, org.springframework.security.web.access.intercept.FilterSecurityInterceptor@689bb7f3]
2020-12-19 14:03:55,025 INFO  [restartedMain] org.springframework.scheduling.concurrent.ThreadPoolTaskExecutor : Initializing ExecutorService 'applicationTaskExecutor'
2020-12-19 14:03:55,349 INFO  [restartedMain] com.alibaba.druid.pool.DruidDataSource : {dataSource-1} inited
2020-12-19 14:03:55,570 INFO  [restartedMain] org.springframework.boot.devtools.autoconfigure.OptionalLiveReloadServer : LiveReload server is running on port 35729
2020-12-19 14:03:55,605 INFO  [restartedMain] org.springframework.boot.web.embedded.tomcat.TomcatWebServer : Tomcat started on port(s): 7070 (http) with context path ''
2020-12-19 14:03:55,615 INFO  [restartedMain] com.bjfu.fcro.FoodcheckRouteoptiApplication : Started FoodcheckRouteoptiApplication in 3.314 seconds (JVM running for 4.349)
2020-12-19 14:03:59,777 INFO  [http-nio-7070-exec-1] org.apache.catalina.core.ContainerBase.[Tomcat].[localhost].[/] : Initializing Spring DispatcherServlet 'dispatcherServlet'
2020-12-19 14:03:59,778 INFO  [http-nio-7070-exec-1] org.springframework.web.servlet.DispatcherServlet : Initializing Servlet 'dispatcherServlet'
2020-12-19 14:03:59,786 INFO  [http-nio-7070-exec-1] org.springframework.web.servlet.DispatcherServlet : Completed initialization in 8 ms
2020-12-19 14:06:16,824 INFO  [restartedMain] com.bjfu.fcro.FoodcheckRouteoptiApplication : Starting FoodcheckRouteoptiApplication on DESKTOP-FVOEJCM with PID 17108 (E:\ltx\foodcheck_routeopti\target\classes started by ltx in E:\ltx\foodcheck_routeopti)
2020-12-19 14:06:16,828 INFO  [restartedMain] com.bjfu.fcro.FoodcheckRouteoptiApplication : No active profile set, falling back to default profiles: default
2020-12-19 14:06:16,896 INFO  [restartedMain] org.springframework.boot.devtools.env.DevToolsPropertyDefaultsPostProcessor : Devtools property defaults active! Set 'spring.devtools.add-properties' to 'false' to disable
2020-12-19 14:06:16,896 INFO  [restartedMain] org.springframework.boot.devtools.env.DevToolsPropertyDefaultsPostProcessor : For additional web related logging consider setting the 'logging.level.web' property to 'DEBUG'
2020-12-19 14:06:17,632 INFO  [restartedMain] org.springframework.data.repository.config.RepositoryConfigurationDelegate : Multiple Spring Data modules found, entering strict repository configuration mode!
2020-12-19 14:06:17,633 INFO  [restartedMain] org.springframework.data.repository.config.RepositoryConfigurationDelegate : Bootstrapping Spring Data JDBC repositories in DEFAULT mode.
2020-12-19 14:06:17,674 INFO  [restartedMain] org.springframework.data.repository.config.RepositoryConfigurationDelegate : Finished Spring Data repository scanning in 37ms. Found 0 JDBC repository interfaces.
2020-12-19 14:06:17,687 INFO  [restartedMain] org.springframework.data.repository.config.RepositoryConfigurationDelegate : Multiple Spring Data modules found, entering strict repository configuration mode!
2020-12-19 14:06:17,688 INFO  [restartedMain] org.springframework.data.repository.config.RepositoryConfigurationDelegate : Bootstrapping Spring Data Redis repositories in DEFAULT mode.
2020-12-19 14:06:17,712 INFO  [restartedMain] org.springframework.data.repository.config.RepositoryConfigurationDelegate : Finished Spring Data repository scanning in 17ms. Found 0 Redis repository interfaces.
2020-12-19 14:06:18,218 INFO  [restartedMain] org.springframework.boot.web.embedded.tomcat.TomcatWebServer : Tomcat initialized with port(s): 7070 (http)
2020-12-19 14:06:18,226 INFO  [restartedMain] org.apache.catalina.core.StandardService : Starting service [Tomcat]
2020-12-19 14:06:18,226 INFO  [restartedMain] org.apache.catalina.core.StandardEngine : Starting Servlet engine: [Apache Tomcat/9.0.38]
2020-12-19 14:06:18,342 INFO  [restartedMain] org.apache.catalina.core.ContainerBase.[Tomcat].[localhost].[/] : Initializing Spring embedded WebApplicationContext
2020-12-19 14:06:18,342 INFO  [restartedMain] org.springframework.boot.web.servlet.context.ServletWebServerApplicationContext : Root WebApplicationContext: initialization completed in 1446 ms
2020-12-19 14:06:18,549 WARN  [restartedMain] com.bjfu.fcro.config.handler.CustomizeAbstractSecurityInterceptor : Could not validate configuration attributes as the SecurityMetadataSource did not return any attributes from getAllConfigAttributes()
2020-12-19 14:06:18,872 INFO  [restartedMain] org.springframework.boot.autoconfigure.web.servlet.WelcomePageHandlerMapping : Adding welcome page: class path resource [static/index.html]
2020-12-19 14:06:19,003 INFO  [restartedMain] org.springframework.security.web.DefaultSecurityFilterChain : Creating filter chain: any request, [org.springframework.security.web.context.request.async.WebAsyncManagerIntegrationFilter@13b7fdb, org.springframework.security.web.context.SecurityContextPersistenceFilter@4be0090d, org.springframework.security.web.header.HeaderWriterFilter@63a7199b, org.springframework.web.filter.CorsFilter@4f540e9a, org.springframework.security.web.authentication.logout.LogoutFilter@45ecf867, com.bjfu.fcro.config.handler.CustomizeOncePerRequestFilter@20d66029, org.springframework.security.web.authentication.UsernamePasswordAuthenticationFilter@767a424b, org.springframework.security.web.session.ConcurrentSessionFilter@1ba7bcac, org.springframework.security.web.savedrequest.RequestCacheAwareFilter@73950b96, org.springframework.security.web.servletapi.SecurityContextHolderAwareRequestFilter@7acc2391, org.springframework.security.web.authentication.AnonymousAuthenticationFilter@3b32ea5e, org.springframework.security.web.session.SessionManagementFilter@b333b3f, org.springframework.security.web.access.ExceptionTranslationFilter@6a97779f, org.springframework.security.web.access.intercept.FilterSecurityInterceptor@46e70eda]
2020-12-19 14:06:19,037 INFO  [restartedMain] org.springframework.scheduling.concurrent.ThreadPoolTaskExecutor : Initializing ExecutorService 'applicationTaskExecutor'
2020-12-19 14:06:19,362 INFO  [restartedMain] com.alibaba.druid.pool.DruidDataSource : {dataSource-1} inited
2020-12-19 14:06:19,584 INFO  [restartedMain] org.springframework.boot.devtools.autoconfigure.OptionalLiveReloadServer : LiveReload server is running on port 35729
2020-12-19 14:06:19,618 INFO  [restartedMain] org.springframework.boot.web.embedded.tomcat.TomcatWebServer : Tomcat started on port(s): 7070 (http) with context path ''
2020-12-19 14:06:19,628 INFO  [restartedMain] com.bjfu.fcro.FoodcheckRouteoptiApplication : Started FoodcheckRouteoptiApplication in 3.248 seconds (JVM running for 4.299)
2020-12-19 14:06:35,944 INFO  [http-nio-7070-exec-1] org.apache.catalina.core.ContainerBase.[Tomcat].[localhost].[/] : Initializing Spring DispatcherServlet 'dispatcherServlet'
2020-12-19 14:06:35,945 INFO  [http-nio-7070-exec-1] org.springframework.web.servlet.DispatcherServlet : Initializing Servlet 'dispatcherServlet'
2020-12-19 14:06:35,950 INFO  [http-nio-7070-exec-1] org.springframework.web.servlet.DispatcherServlet : Completed initialization in 5 ms
2020-12-19 14:33:59,500 INFO  [restartedMain] com.bjfu.fcro.FoodcheckRouteoptiApplication : Starting FoodcheckRouteoptiApplication on DESKTOP-FVOEJCM with PID 19572 (E:\ltx\foodcheck_routeopti\target\classes started by ltx in E:\ltx\foodcheck_routeopti)
2020-12-19 14:33:59,509 INFO  [restartedMain] com.bjfu.fcro.FoodcheckRouteoptiApplication : No active profile set, falling back to default profiles: default
2020-12-19 14:33:59,571 INFO  [restartedMain] org.springframework.boot.devtools.env.DevToolsPropertyDefaultsPostProcessor : Devtools property defaults active! Set 'spring.devtools.add-properties' to 'false' to disable
2020-12-19 14:33:59,571 INFO  [restartedMain] org.springframework.boot.devtools.env.DevToolsPropertyDefaultsPostProcessor : For additional web related logging consider setting the 'logging.level.web' property to 'DEBUG'
2020-12-19 14:34:00,222 INFO  [restartedMain] org.springframework.data.repository.config.RepositoryConfigurationDelegate : Multiple Spring Data modules found, entering strict repository configuration mode!
2020-12-19 14:34:00,223 INFO  [restartedMain] org.springframework.data.repository.config.RepositoryConfigurationDelegate : Bootstrapping Spring Data JDBC repositories in DEFAULT mode.
2020-12-19 14:34:00,265 INFO  [restartedMain] org.springframework.data.repository.config.RepositoryConfigurationDelegate : Finished Spring Data repository scanning in 39ms. Found 0 JDBC repository interfaces.
2020-12-19 14:34:00,278 INFO  [restartedMain] org.springframework.data.repository.config.RepositoryConfigurationDelegate : Multiple Spring Data modules found, entering strict repository configuration mode!
2020-12-19 14:34:00,279 INFO  [restartedMain] org.springframework.data.repository.config.RepositoryConfigurationDelegate : Bootstrapping Spring Data Redis repositories in DEFAULT mode.
2020-12-19 14:34:00,304 INFO  [restartedMain] org.springframework.data.repository.config.RepositoryConfigurationDelegate : Finished Spring Data repository scanning in 18ms. Found 0 Redis repository interfaces.
2020-12-19 14:34:00,814 INFO  [restartedMain] org.springframework.boot.web.embedded.tomcat.TomcatWebServer : Tomcat initialized with port(s): 7070 (http)
2020-12-19 14:34:00,822 INFO  [restartedMain] org.apache.catalina.core.StandardService : Starting service [Tomcat]
2020-12-19 14:34:00,822 INFO  [restartedMain] org.apache.catalina.core.StandardEngine : Starting Servlet engine: [Apache Tomcat/9.0.38]
2020-12-19 14:34:00,938 INFO  [restartedMain] org.apache.catalina.core.ContainerBase.[Tomcat].[localhost].[/] : Initializing Spring embedded WebApplicationContext
2020-12-19 14:34:00,938 INFO  [restartedMain] org.springframework.boot.web.servlet.context.ServletWebServerApplicationContext : Root WebApplicationContext: initialization completed in 1367 ms
2020-12-19 14:34:01,144 WARN  [restartedMain] com.bjfu.fcro.config.handler.CustomizeAbstractSecurityInterceptor : Could not validate configuration attributes as the SecurityMetadataSource did not return any attributes from getAllConfigAttributes()
2020-12-19 14:34:01,470 INFO  [restartedMain] org.springframework.boot.autoconfigure.web.servlet.WelcomePageHandlerMapping : Adding welcome page: class path resource [static/index.html]
2020-12-19 14:34:01,599 INFO  [restartedMain] org.springframework.security.web.DefaultSecurityFilterChain : Creating filter chain: any request, [org.springframework.security.web.context.request.async.WebAsyncManagerIntegrationFilter@50d3f29d, org.springframework.security.web.context.SecurityContextPersistenceFilter@54ed45ab, org.springframework.security.web.header.HeaderWriterFilter@6e29118a, org.springframework.web.filter.CorsFilter@70cdaff6, org.springframework.security.web.authentication.logout.LogoutFilter@652890ac, com.bjfu.fcro.config.handler.CustomizeOncePerRequestFilter@110ef0f4, org.springframework.security.web.authentication.UsernamePasswordAuthenticationFilter@7cb518b7, org.springframework.security.web.session.ConcurrentSessionFilter@52d6707c, org.springframework.security.web.savedrequest.RequestCacheAwareFilter@14917c81, org.springframework.security.web.servletapi.SecurityContextHolderAwareRequestFilter@97d0a37, org.springframework.security.web.authentication.AnonymousAuthenticationFilter@3329bee7, org.springframework.security.web.session.SessionManagementFilter@5de100f6, org.springframework.security.web.access.ExceptionTranslationFilter@526ac419, org.springframework.security.web.access.intercept.FilterSecurityInterceptor@26ecde70]
2020-12-19 14:34:01,635 INFO  [restartedMain] org.springframework.scheduling.concurrent.ThreadPoolTaskExecutor : Initializing ExecutorService 'applicationTaskExecutor'
2020-12-19 14:34:01,960 INFO  [restartedMain] com.alibaba.druid.pool.DruidDataSource : {dataSource-1} inited
2020-12-19 14:34:02,186 INFO  [restartedMain] org.springframework.boot.devtools.autoconfigure.OptionalLiveReloadServer : LiveReload server is running on port 35729
2020-12-19 14:34:02,219 INFO  [restartedMain] org.springframework.boot.web.embedded.tomcat.TomcatWebServer : Tomcat started on port(s): 7070 (http) with context path ''
2020-12-19 14:34:02,229 INFO  [restartedMain] com.bjfu.fcro.FoodcheckRouteoptiApplication : Started FoodcheckRouteoptiApplication in 3.249 seconds (JVM running for 4.251)
2020-12-19 14:42:12,620 INFO  [restartedMain] com.bjfu.fcro.FoodcheckRouteoptiApplication : Starting FoodcheckRouteoptiApplication on DESKTOP-FVOEJCM with PID 18520 (E:\ltx\foodcheck_routeopti\target\classes started by ltx in E:\ltx\foodcheck_routeopti)
2020-12-19 14:42:12,623 INFO  [restartedMain] com.bjfu.fcro.FoodcheckRouteoptiApplication : No active profile set, falling back to default profiles: default
2020-12-19 14:42:12,680 INFO  [restartedMain] org.springframework.boot.devtools.env.DevToolsPropertyDefaultsPostProcessor : Devtools property defaults active! Set 'spring.devtools.add-properties' to 'false' to disable
2020-12-19 14:42:12,680 INFO  [restartedMain] org.springframework.boot.devtools.env.DevToolsPropertyDefaultsPostProcessor : For additional web related logging consider setting the 'logging.level.web' property to 'DEBUG'
2020-12-19 14:42:13,404 INFO  [restartedMain] org.springframework.data.repository.config.RepositoryConfigurationDelegate : Multiple Spring Data modules found, entering strict repository configuration mode!
2020-12-19 14:42:13,405 INFO  [restartedMain] org.springframework.data.repository.config.RepositoryConfigurationDelegate : Bootstrapping Spring Data JDBC repositories in DEFAULT mode.
2020-12-19 14:42:13,448 INFO  [restartedMain] org.springframework.data.repository.config.RepositoryConfigurationDelegate : Finished Spring Data repository scanning in 39ms. Found 0 JDBC repository interfaces.
2020-12-19 14:42:13,461 INFO  [restartedMain] org.springframework.data.repository.config.RepositoryConfigurationDelegate : Multiple Spring Data modules found, entering strict repository configuration mode!
2020-12-19 14:42:13,462 INFO  [restartedMain] org.springframework.data.repository.config.RepositoryConfigurationDelegate : Bootstrapping Spring Data Redis repositories in DEFAULT mode.
2020-12-19 14:42:13,488 INFO  [restartedMain] org.springframework.data.repository.config.RepositoryConfigurationDelegate : Finished Spring Data repository scanning in 18ms. Found 0 Redis repository interfaces.
2020-12-19 14:42:13,997 INFO  [restartedMain] org.springframework.boot.web.embedded.tomcat.TomcatWebServer : Tomcat initialized with port(s): 7070 (http)
2020-12-19 14:42:14,004 INFO  [restartedMain] org.apache.catalina.core.StandardService : Starting service [Tomcat]
2020-12-19 14:42:14,004 INFO  [restartedMain] org.apache.catalina.core.StandardEngine : Starting Servlet engine: [Apache Tomcat/9.0.38]
2020-12-19 14:42:14,118 INFO  [restartedMain] org.apache.catalina.core.ContainerBase.[Tomcat].[localhost].[/] : Initializing Spring embedded WebApplicationContext
2020-12-19 14:42:14,119 INFO  [restartedMain] org.springframework.boot.web.servlet.context.ServletWebServerApplicationContext : Root WebApplicationContext: initialization completed in 1439 ms
2020-12-19 14:42:14,325 WARN  [restartedMain] com.bjfu.fcro.config.handler.CustomizeAbstractSecurityInterceptor : Could not validate configuration attributes as the SecurityMetadataSource did not return any attributes from getAllConfigAttributes()
2020-12-19 14:42:14,645 INFO  [restartedMain] org.springframework.boot.autoconfigure.web.servlet.WelcomePageHandlerMapping : Adding welcome page: class path resource [static/index.html]
2020-12-19 14:42:14,774 INFO  [restartedMain] org.springframework.security.web.DefaultSecurityFilterChain : Creating filter chain: any request, [org.springframework.security.web.context.request.async.WebAsyncManagerIntegrationFilter@35dee0fb, org.springframework.security.web.context.SecurityContextPersistenceFilter@7814f825, org.springframework.security.web.header.HeaderWriterFilter@1eee1b76, org.springframework.web.filter.CorsFilter@10092ee2, org.springframework.security.web.authentication.logout.LogoutFilter@2cc3230c, com.bjfu.fcro.config.handler.CustomizeOncePerRequestFilter@5e25b38c, org.springframework.security.web.authentication.UsernamePasswordAuthenticationFilter@1dad3f3f, org.springframework.security.web.session.ConcurrentSessionFilter@73103e4d, org.springframework.security.web.savedrequest.RequestCacheAwareFilter@70ca9fcc, org.springframework.security.web.servletapi.SecurityContextHolderAwareRequestFilter@1a5dd91, org.springframework.security.web.authentication.AnonymousAuthenticationFilter@57cb1de0, org.springframework.security.web.session.SessionManagementFilter@41603c18, org.springframework.security.web.access.ExceptionTranslationFilter@192a886f, org.springframework.security.web.access.intercept.FilterSecurityInterceptor@54730faa]
2020-12-19 14:42:14,808 INFO  [restartedMain] org.springframework.scheduling.concurrent.ThreadPoolTaskExecutor : Initializing ExecutorService 'applicationTaskExecutor'
2020-12-19 14:42:15,125 INFO  [restartedMain] com.alibaba.druid.pool.DruidDataSource : {dataSource-1} inited
2020-12-19 14:42:15,345 INFO  [restartedMain] org.springframework.boot.devtools.autoconfigure.OptionalLiveReloadServer : LiveReload server is running on port 35729
2020-12-19 14:42:15,378 INFO  [restartedMain] org.springframework.boot.web.embedded.tomcat.TomcatWebServer : Tomcat started on port(s): 7070 (http) with context path ''
2020-12-19 14:42:15,388 INFO  [restartedMain] com.bjfu.fcro.FoodcheckRouteoptiApplication : Started FoodcheckRouteoptiApplication in 3.207 seconds (JVM running for 4.208)
2020-12-19 14:44:32,468 INFO  [http-nio-7070-exec-1] org.apache.catalina.core.ContainerBase.[Tomcat].[localhost].[/] : Initializing Spring DispatcherServlet 'dispatcherServlet'
2020-12-19 14:44:32,469 INFO  [http-nio-7070-exec-1] org.springframework.web.servlet.DispatcherServlet : Initializing Servlet 'dispatcherServlet'
2020-12-19 14:44:32,476 INFO  [http-nio-7070-exec-1] org.springframework.web.servlet.DispatcherServlet : Completed initialization in 7 ms
2020-12-19 14:44:33,176 ERROR [http-nio-7070-exec-2] com.bjfu.fcro.common.exception.GlobalExceptionHandler : 未知异常！原因是:
org.springframework.jdbc.BadSqlGrammarException: 
### Error querying database.  Cause: java.sql.SQLSyntaxErrorException: You have an error in your SQL syntax; check the manual that corresponds to your MySQL server version for the right syntax to use near 'admin_id  = ( SELECT id from sys_user WHERE account = 'user2') ORDER BY id LIMIT' at line 1
### The error may exist in com/bjfu/fcro/dao/SamplingAccountDao.java (best guess)
### The error may involve com.bjfu.fcro.dao.SamplingAccountDao.selectpageByAdminAccount-Inline
### The error occurred while setting parameters
### SQL: select * from sys_sampling_account where id >= (SELECT id from sys_sampling_account WHERE whether_modify_ids = 1and admin_id  = ( SELECT id from sys_user WHERE account = ?) ORDER BY id LIMIT ?, 1)and whether_modify_ids = 1 and admin_id =( SELECT id from sys_user WHERE account = ?) ORDER BY id LIMIT ?
### Cause: java.sql.SQLSyntaxErrorException: You have an error in your SQL syntax; check the manual that corresponds to your MySQL server version for the right syntax to use near 'admin_id  = ( SELECT id from sys_user WHERE account = 'user2') ORDER BY id LIMIT' at line 1
; bad SQL grammar []; nested exception is java.sql.SQLSyntaxErrorException: You have an error in your SQL syntax; check the manual that corresponds to your MySQL server version for the right syntax to use near 'admin_id  = ( SELECT id from sys_user WHERE account = 'user2') ORDER BY id LIMIT' at line 1
	at org.springframework.jdbc.support.SQLErrorCodeSQLExceptionTranslator.doTranslate(SQLErrorCodeSQLExceptionTranslator.java:239)
	at org.springframework.jdbc.support.AbstractFallbackSQLExceptionTranslator.translate(AbstractFallbackSQLExceptionTranslator.java:72)
	at org.mybatis.spring.MyBatisExceptionTranslator.translateExceptionIfPossible(MyBatisExceptionTranslator.java:73)
	at org.mybatis.spring.SqlSessionTemplate$SqlSessionInterceptor.invoke(SqlSessionTemplate.java:446)
	at com.sun.proxy.$Proxy63.selectList(Unknown Source)
	at org.mybatis.spring.SqlSessionTemplate.selectList(SqlSessionTemplate.java:230)
	at org.apache.ibatis.binding.MapperMethod.executeForMany(MapperMethod.java:139)
	at org.apache.ibatis.binding.MapperMethod.execute(MapperMethod.java:76)
	at org.apache.ibatis.binding.MapperProxy.invoke(MapperProxy.java:59)
	at com.sun.proxy.$Proxy84.selectpageByAdminAccount(Unknown Source)
	at com.bjfu.fcro.service.serviceimpl.SysSamplingAccountServiceimpl.selectpagebyadminaccount(SysSamplingAccountServiceimpl.java:50)
	at sun.reflect.NativeMethodAccessorImpl.invoke0(Native Method)
	at sun.reflect.NativeMethodAccessorImpl.invoke(NativeMethodAccessorImpl.java:62)
	at sun.reflect.DelegatingMethodAccessorImpl.invoke(DelegatingMethodAccessorImpl.java:43)
	at java.lang.reflect.Method.invoke(Method.java:498)
	at org.springframework.aop.support.AopUtils.invokeJoinpointUsingReflection(AopUtils.java:344)
	at org.springframework.aop.framework.ReflectiveMethodInvocation.invokeJoinpoint(ReflectiveMethodInvocation.java:198)
	at org.springframework.aop.framework.ReflectiveMethodInvocation.proceed(ReflectiveMethodInvocation.java:163)
	at org.springframework.dao.support.PersistenceExceptionTranslationInterceptor.invoke(PersistenceExceptionTranslationInterceptor.java:139)
	at org.springframework.aop.framework.ReflectiveMethodInvocation.proceed(ReflectiveMethodInvocation.java:186)
	at org.springframework.aop.framework.JdkDynamicAopProxy.invoke(JdkDynamicAopProxy.java:212)
	at com.sun.proxy.$Proxy86.selectpagebyadminaccount(Unknown Source)
	at com.bjfu.fcro.controller.SysSamplingAccountController.getallssaccountbyadminaccount(SysSamplingAccountController.java:49)
	at sun.reflect.NativeMethodAccessorImpl.invoke0(Native Method)
	at sun.reflect.NativeMethodAccessorImpl.invoke(NativeMethodAccessorImpl.java:62)
	at sun.reflect.DelegatingMethodAccessorImpl.invoke(DelegatingMethodAccessorImpl.java:43)
	at java.lang.reflect.Method.invoke(Method.java:498)
	at org.springframework.web.method.support.InvocableHandlerMethod.doInvoke(InvocableHandlerMethod.java:190)
	at org.springframework.web.method.support.InvocableHandlerMethod.invokeForRequest(InvocableHandlerMethod.java:138)
	at org.springframework.web.servlet.mvc.method.annotation.ServletInvocableHandlerMethod.invokeAndHandle(ServletInvocableHandlerMethod.java:105)
	at org.springframework.web.servlet.mvc.method.annotation.RequestMappingHandlerAdapter.invokeHandlerMethod(RequestMappingHandlerAdapter.java:878)
	at org.springframework.web.servlet.mvc.method.annotation.RequestMappingHandlerAdapter.handleInternal(RequestMappingHandlerAdapter.java:792)
	at org.springframework.web.servlet.mvc.method.AbstractHandlerMethodAdapter.handle(AbstractHandlerMethodAdapter.java:87)
	at org.springframework.web.servlet.DispatcherServlet.doDispatch(DispatcherServlet.java:1040)
	at org.springframework.web.servlet.DispatcherServlet.doService(DispatcherServlet.java:943)
	at org.springframework.web.servlet.FrameworkServlet.processRequest(FrameworkServlet.java:1006)
	at org.springframework.web.servlet.FrameworkServlet.doPost(FrameworkServlet.java:909)
	at javax.servlet.http.HttpServlet.service(HttpServlet.java:652)
	at org.springframework.web.servlet.FrameworkServlet.service(FrameworkServlet.java:883)
	at javax.servlet.http.HttpServlet.service(HttpServlet.java:733)
	at org.apache.catalina.core.ApplicationFilterChain.internalDoFilter(ApplicationFilterChain.java:231)
	at org.apache.catalina.core.ApplicationFilterChain.doFilter(ApplicationFilterChain.java:166)
	at org.apache.tomcat.websocket.server.WsFilter.doFilter(WsFilter.java:53)
	at org.apache.catalina.core.ApplicationFilterChain.internalDoFilter(ApplicationFilterChain.java:193)
	at org.apache.catalina.core.ApplicationFilterChain.doFilter(ApplicationFilterChain.java:166)
	at org.springframework.web.filter.OncePerRequestFilter.doFilter(OncePerRequestFilter.java:113)
	at org.apache.catalina.core.ApplicationFilterChain.internalDoFilter(ApplicationFilterChain.java:193)
	at org.apache.catalina.core.ApplicationFilterChain.doFilter(ApplicationFilterChain.java:166)
	at com.bjfu.fcro.config.handler.CustomizeAbstractSecurityInterceptor.invoke(CustomizeAbstractSecurityInterceptor.java:56)
	at com.bjfu.fcro.config.handler.CustomizeAbstractSecurityInterceptor.doFilter(CustomizeAbstractSecurityInterceptor.java:46)
	at org.apache.catalina.core.ApplicationFilterChain.internalDoFilter(ApplicationFilterChain.java:193)
	at org.apache.catalina.core.ApplicationFilterChain.doFilter(ApplicationFilterChain.java:166)
	at com.bjfu.fcro.config.fliter.VerifyCodeFilter.doFilter(VerifyCodeFilter.java:62)
	at org.apache.catalina.core.ApplicationFilterChain.internalDoFilter(ApplicationFilterChain.java:193)
	at org.apache.catalina.core.ApplicationFilterChain.doFilter(ApplicationFilterChain.java:166)
	at org.springframework.security.web.FilterChainProxy$VirtualFilterChain.doFilter(FilterChainProxy.java:320)
	at org.springframework.security.web.access.intercept.FilterSecurityInterceptor.invoke(FilterSecurityInterceptor.java:126)
	at org.springframework.security.web.access.intercept.FilterSecurityInterceptor.doFilter(FilterSecurityInterceptor.java:90)
	at org.springframework.security.web.FilterChainProxy$VirtualFilterChain.doFilter(FilterChainProxy.java:334)
	at org.springframework.security.web.access.ExceptionTranslationFilter.doFilter(ExceptionTranslationFilter.java:118)
	at org.springframework.security.web.FilterChainProxy$VirtualFilterChain.doFilter(FilterChainProxy.java:334)
	at org.springframework.security.web.session.SessionManagementFilter.doFilter(SessionManagementFilter.java:137)
	at org.springframework.security.web.FilterChainProxy$VirtualFilterChain.doFilter(FilterChainProxy.java:334)
	at org.springframework.security.web.authentication.AnonymousAuthenticationFilter.doFilter(AnonymousAuthenticationFilter.java:111)
	at org.springframework.security.web.FilterChainProxy$VirtualFilterChain.doFilter(FilterChainProxy.java:334)
	at org.springframework.security.web.servletapi.SecurityContextHolderAwareRequestFilter.doFilter(SecurityContextHolderAwareRequestFilter.java:158)
	at org.springframework.security.web.FilterChainProxy$VirtualFilterChain.doFilter(FilterChainProxy.java:334)
	at org.springframework.security.web.savedrequest.RequestCacheAwareFilter.doFilter(RequestCacheAwareFilter.java:63)
	at org.springframework.security.web.FilterChainProxy$VirtualFilterChain.doFilter(FilterChainProxy.java:334)
	at org.springframework.security.web.session.ConcurrentSessionFilter.doFilter(ConcurrentSessionFilter.java:152)
	at org.springframework.security.web.FilterChainProxy$VirtualFilterChain.doFilter(FilterChainProxy.java:334)
	at org.springframework.security.web.authentication.AbstractAuthenticationProcessingFilter.doFilter(AbstractAuthenticationProcessingFilter.java:200)
	at org.springframework.security.web.FilterChainProxy$VirtualFilterChain.doFilter(FilterChainProxy.java:334)
	at com.bjfu.fcro.config.handler.CustomizeOncePerRequestFilter.doFilterInternal(CustomizeOncePerRequestFilter.java:98)
	at org.springframework.web.filter.OncePerRequestFilter.doFilter(OncePerRequestFilter.java:119)
	at org.springframework.security.web.FilterChainProxy$VirtualFilterChain.doFilter(FilterChainProxy.java:334)
	at org.springframework.security.web.authentication.logout.LogoutFilter.doFilter(LogoutFilter.java:116)
	at org.springframework.security.web.FilterChainProxy$VirtualFilterChain.doFilter(FilterChainProxy.java:334)
	at org.springframework.web.filter.CorsFilter.doFilterInternal(CorsFilter.java:92)
	at org.springframework.web.filter.OncePerRequestFilter.doFilter(OncePerRequestFilter.java:119)
	at org.springframework.security.web.FilterChainProxy$VirtualFilterChain.doFilter(FilterChainProxy.java:334)
	at org.springframework.security.web.header.HeaderWriterFilter.doHeadersAfter(HeaderWriterFilter.java:92)
	at org.springframework.security.web.header.HeaderWriterFilter.doFilterInternal(HeaderWriterFilter.java:77)
	at org.springframework.web.filter.OncePerRequestFilter.doFilter(OncePerRequestFilter.java:119)
	at org.springframework.security.web.FilterChainProxy$VirtualFilterChain.doFilter(FilterChainProxy.java:334)
	at org.springframework.security.web.context.SecurityContextPersistenceFilter.doFilter(SecurityContextPersistenceFilter.java:105)
	at org.springframework.security.web.FilterChainProxy$VirtualFilterChain.doFilter(FilterChainProxy.java:334)
	at org.springframework.security.web.context.request.async.WebAsyncManagerIntegrationFilter.doFilterInternal(WebAsyncManagerIntegrationFilter.java:56)
	at org.springframework.web.filter.OncePerRequestFilter.doFilter(OncePerRequestFilter.java:119)
	at org.springframework.security.web.FilterChainProxy$VirtualFilterChain.doFilter(FilterChainProxy.java:334)
	at org.springframework.security.web.FilterChainProxy.doFilterInternal(FilterChainProxy.java:215)
	at org.springframework.security.web.FilterChainProxy.doFilter(FilterChainProxy.java:178)
	at org.springframework.web.filter.DelegatingFilterProxy.invokeDelegate(DelegatingFilterProxy.java:358)
	at org.springframework.web.filter.DelegatingFilterProxy.doFilter(DelegatingFilterProxy.java:271)
	at org.apache.catalina.core.ApplicationFilterChain.internalDoFilter(ApplicationFilterChain.java:193)
	at org.apache.catalina.core.ApplicationFilterChain.doFilter(ApplicationFilterChain.java:166)
	at org.springframework.web.filter.RequestContextFilter.doFilterInternal(RequestContextFilter.java:100)
	at org.springframework.web.filter.OncePerRequestFilter.doFilter(OncePerRequestFilter.java:119)
	at org.apache.catalina.core.ApplicationFilterChain.internalDoFilter(ApplicationFilterChain.java:193)
	at org.apache.catalina.core.ApplicationFilterChain.doFilter(ApplicationFilterChain.java:166)
	at org.springframework.web.filter.FormContentFilter.doFilterInternal(FormContentFilter.java:93)
	at org.springframework.web.filter.OncePerRequestFilter.doFilter(OncePerRequestFilter.java:119)
	at org.apache.catalina.core.ApplicationFilterChain.internalDoFilter(ApplicationFilterChain.java:193)
	at org.apache.catalina.core.ApplicationFilterChain.doFilter(ApplicationFilterChain.java:166)
	at org.springframework.web.filter.CharacterEncodingFilter.doFilterInternal(CharacterEncodingFilter.java:201)
	at org.springframework.web.filter.OncePerRequestFilter.doFilter(OncePerRequestFilter.java:119)
	at org.apache.catalina.core.ApplicationFilterChain.internalDoFilter(ApplicationFilterChain.java:193)
	at org.apache.catalina.core.ApplicationFilterChain.doFilter(ApplicationFilterChain.java:166)
	at org.apache.catalina.core.StandardWrapperValve.invoke(StandardWrapperValve.java:202)
	at org.apache.catalina.core.StandardContextValve.invoke(StandardContextValve.java:97)
	at org.apache.catalina.authenticator.AuthenticatorBase.invoke(AuthenticatorBase.java:541)
	at org.apache.catalina.core.StandardHostValve.invoke(StandardHostValve.java:143)
	at org.apache.catalina.valves.ErrorReportValve.invoke(ErrorReportValve.java:92)
	at org.apache.catalina.core.StandardEngineValve.invoke(StandardEngineValve.java:78)
	at org.apache.catalina.connector.CoyoteAdapter.service(CoyoteAdapter.java:343)
	at org.apache.coyote.http11.Http11Processor.service(Http11Processor.java:374)
	at org.apache.coyote.AbstractProcessorLight.process(AbstractProcessorLight.java:65)
	at org.apache.coyote.AbstractProtocol$ConnectionHandler.process(AbstractProtocol.java:868)
	at org.apache.tomcat.util.net.NioEndpoint$SocketProcessor.doRun(NioEndpoint.java:1590)
	at org.apache.tomcat.util.net.SocketProcessorBase.run(SocketProcessorBase.java:49)
	at java.util.concurrent.ThreadPoolExecutor.runWorker(ThreadPoolExecutor.java:1142)
	at java.util.concurrent.ThreadPoolExecutor$Worker.run(ThreadPoolExecutor.java:617)
	at org.apache.tomcat.util.threads.TaskThread$WrappingRunnable.run(TaskThread.java:61)
	at java.lang.Thread.run(Thread.java:745)
Caused by: java.sql.SQLSyntaxErrorException: You have an error in your SQL syntax; check the manual that corresponds to your MySQL server version for the right syntax to use near 'admin_id  = ( SELECT id from sys_user WHERE account = 'user2') ORDER BY id LIMIT' at line 1
	at com.mysql.cj.jdbc.exceptions.SQLError.createSQLException(SQLError.java:120)
	at com.mysql.cj.jdbc.exceptions.SQLError.createSQLException(SQLError.java:97)
	at com.mysql.cj.jdbc.exceptions.SQLExceptionsMapping.translateException(SQLExceptionsMapping.java:122)
	at com.mysql.cj.jdbc.ClientPreparedStatement.executeInternal(ClientPreparedStatement.java:953)
	at com.mysql.cj.jdbc.ClientPreparedStatement.execute(ClientPreparedStatement.java:370)
	at com.alibaba.druid.pool.DruidPooledPreparedStatement.execute(DruidPooledPreparedStatement.java:498)
	at org.apache.ibatis.executor.statement.PreparedStatementHandler.query(PreparedStatementHandler.java:63)
	at org.apache.ibatis.executor.statement.RoutingStatementHandler.query(RoutingStatementHandler.java:79)
	at org.apache.ibatis.executor.SimpleExecutor.doQuery(SimpleExecutor.java:63)
	at org.apache.ibatis.executor.BaseExecutor.queryFromDatabase(BaseExecutor.java:326)
	at org.apache.ibatis.executor.BaseExecutor.query(BaseExecutor.java:156)
	at org.apache.ibatis.executor.CachingExecutor.query(CachingExecutor.java:109)
	at org.apache.ibatis.executor.CachingExecutor.query(CachingExecutor.java:83)
	at org.apache.ibatis.session.defaults.DefaultSqlSession.selectList(DefaultSqlSession.java:148)
	at org.apache.ibatis.session.defaults.DefaultSqlSession.selectList(DefaultSqlSession.java:141)
	at sun.reflect.NativeMethodAccessorImpl.invoke0(Native Method)
	at sun.reflect.NativeMethodAccessorImpl.invoke(NativeMethodAccessorImpl.java:62)
	at sun.reflect.DelegatingMethodAccessorImpl.invoke(DelegatingMethodAccessorImpl.java:43)
	at java.lang.reflect.Method.invoke(Method.java:498)
	at org.mybatis.spring.SqlSessionTemplate$SqlSessionInterceptor.invoke(SqlSessionTemplate.java:433)
	... 120 common frames omitted
2020-12-19 14:44:33,218 WARN  [http-nio-7070-exec-2] org.springframework.web.servlet.mvc.method.annotation.ExceptionHandlerExceptionResolver : Resolved [org.springframework.jdbc.BadSqlGrammarException: 
### Error querying database.  Cause: java.sql.SQLSyntaxErrorException: You have an error in your SQL syntax; check the manual that corresponds to your MySQL server version for the right syntax to use near 'admin_id  = ( SELECT id from sys_user WHERE account = 'user2') ORDER BY id LIMIT' at line 1
### The error may exist in com/bjfu/fcro/dao/SamplingAccountDao.java (best guess)
### The error may involve com.bjfu.fcro.dao.SamplingAccountDao.selectpageByAdminAccount-Inline
### The error occurred while setting parameters
### SQL: select * from sys_sampling_account where id >= (SELECT id from sys_sampling_account WHERE whether_modify_ids = 1and admin_id  = ( SELECT id from sys_user WHERE account = ?) ORDER BY id LIMIT ?, 1)and whether_modify_ids = 1 and admin_id =( SELECT id from sys_user WHERE account = ?) ORDER BY id LIMIT ?
### Cause: java.sql.SQLSyntaxErrorException: You have an error in your SQL syntax; check the manual that corresponds to your MySQL server version for the right syntax to use near 'admin_id  = ( SELECT id from sys_user WHERE account = 'user2') ORDER BY id LIMIT' at line 1
; bad SQL grammar []; nested exception is java.sql.SQLSyntaxErrorException: You have an error in your SQL syntax; check the manual that corresponds to your MySQL server version for the right syntax to use near 'admin_id  = ( SELECT id from sys_user WHERE account = 'user2') ORDER BY id LIMIT' at line 1]
2020-12-19 14:45:59,062 INFO  [restartedMain] com.bjfu.fcro.FoodcheckRouteoptiApplication : Starting FoodcheckRouteoptiApplication on DESKTOP-FVOEJCM with PID 5792 (E:\ltx\foodcheck_routeopti\target\classes started by ltx in E:\ltx\foodcheck_routeopti)
2020-12-19 14:45:59,065 INFO  [restartedMain] com.bjfu.fcro.FoodcheckRouteoptiApplication : No active profile set, falling back to default profiles: default
2020-12-19 14:45:59,115 INFO  [restartedMain] org.springframework.boot.devtools.env.DevToolsPropertyDefaultsPostProcessor : Devtools property defaults active! Set 'spring.devtools.add-properties' to 'false' to disable
2020-12-19 14:45:59,115 INFO  [restartedMain] org.springframework.boot.devtools.env.DevToolsPropertyDefaultsPostProcessor : For additional web related logging consider setting the 'logging.level.web' property to 'DEBUG'
2020-12-19 14:45:59,757 INFO  [restartedMain] org.springframework.data.repository.config.RepositoryConfigurationDelegate : Multiple Spring Data modules found, entering strict repository configuration mode!
2020-12-19 14:45:59,758 INFO  [restartedMain] org.springframework.data.repository.config.RepositoryConfigurationDelegate : Bootstrapping Spring Data JDBC repositories in DEFAULT mode.
2020-12-19 14:45:59,801 INFO  [restartedMain] org.springframework.data.repository.config.RepositoryConfigurationDelegate : Finished Spring Data repository scanning in 39ms. Found 0 JDBC repository interfaces.
2020-12-19 14:45:59,815 INFO  [restartedMain] org.springframework.data.repository.config.RepositoryConfigurationDelegate : Multiple Spring Data modules found, entering strict repository configuration mode!
2020-12-19 14:45:59,816 INFO  [restartedMain] org.springframework.data.repository.config.RepositoryConfigurationDelegate : Bootstrapping Spring Data Redis repositories in DEFAULT mode.
2020-12-19 14:45:59,842 INFO  [restartedMain] org.springframework.data.repository.config.RepositoryConfigurationDelegate : Finished Spring Data repository scanning in 18ms. Found 0 Redis repository interfaces.
2020-12-19 14:46:00,354 INFO  [restartedMain] org.springframework.boot.web.embedded.tomcat.TomcatWebServer : Tomcat initialized with port(s): 7070 (http)
2020-12-19 14:46:00,362 INFO  [restartedMain] org.apache.catalina.core.StandardService : Starting service [Tomcat]
2020-12-19 14:46:00,362 INFO  [restartedMain] org.apache.catalina.core.StandardEngine : Starting Servlet engine: [Apache Tomcat/9.0.38]
2020-12-19 14:46:00,478 INFO  [restartedMain] org.apache.catalina.core.ContainerBase.[Tomcat].[localhost].[/] : Initializing Spring embedded WebApplicationContext
2020-12-19 14:46:00,478 INFO  [restartedMain] org.springframework.boot.web.servlet.context.ServletWebServerApplicationContext : Root WebApplicationContext: initialization completed in 1363 ms
2020-12-19 14:46:00,690 WARN  [restartedMain] com.bjfu.fcro.config.handler.CustomizeAbstractSecurityInterceptor : Could not validate configuration attributes as the SecurityMetadataSource did not return any attributes from getAllConfigAttributes()
2020-12-19 14:46:01,010 INFO  [restartedMain] org.springframework.boot.autoconfigure.web.servlet.WelcomePageHandlerMapping : Adding welcome page: class path resource [static/index.html]
2020-12-19 14:46:01,137 INFO  [restartedMain] org.springframework.security.web.DefaultSecurityFilterChain : Creating filter chain: any request, [org.springframework.security.web.context.request.async.WebAsyncManagerIntegrationFilter@3ecffbaa, org.springframework.security.web.context.SecurityContextPersistenceFilter@a9afb07, org.springframework.security.web.header.HeaderWriterFilter@7e21ebf4, org.springframework.web.filter.CorsFilter@73e694ba, org.springframework.security.web.authentication.logout.LogoutFilter@30d86604, com.bjfu.fcro.config.handler.CustomizeOncePerRequestFilter@5405bd07, org.springframework.security.web.authentication.UsernamePasswordAuthenticationFilter@78cfece7, org.springframework.security.web.session.ConcurrentSessionFilter@23ee9f17, org.springframework.security.web.savedrequest.RequestCacheAwareFilter@7a3e8963, org.springframework.security.web.servletapi.SecurityContextHolderAwareRequestFilter@77c9536e, org.springframework.security.web.authentication.AnonymousAuthenticationFilter@5c2bff02, org.springframework.security.web.session.SessionManagementFilter@70f7dbd9, org.springframework.security.web.access.ExceptionTranslationFilter@5160eb89, org.springframework.security.web.access.intercept.FilterSecurityInterceptor@743c5335]
2020-12-19 14:46:01,172 INFO  [restartedMain] org.springframework.scheduling.concurrent.ThreadPoolTaskExecutor : Initializing ExecutorService 'applicationTaskExecutor'
2020-12-19 14:46:01,495 INFO  [restartedMain] com.alibaba.druid.pool.DruidDataSource : {dataSource-1} inited
2020-12-19 14:46:01,730 INFO  [restartedMain] org.springframework.boot.devtools.autoconfigure.OptionalLiveReloadServer : LiveReload server is running on port 35729
2020-12-19 14:46:01,764 INFO  [restartedMain] org.springframework.boot.web.embedded.tomcat.TomcatWebServer : Tomcat started on port(s): 7070 (http) with context path ''
2020-12-19 14:46:01,774 INFO  [restartedMain] com.bjfu.fcro.FoodcheckRouteoptiApplication : Started FoodcheckRouteoptiApplication in 3.179 seconds (JVM running for 4.287)
2020-12-19 14:46:37,904 INFO  [http-nio-7070-exec-1] org.apache.catalina.core.ContainerBase.[Tomcat].[localhost].[/] : Initializing Spring DispatcherServlet 'dispatcherServlet'
2020-12-19 14:46:37,904 INFO  [http-nio-7070-exec-1] org.springframework.web.servlet.DispatcherServlet : Initializing Servlet 'dispatcherServlet'
2020-12-19 14:46:37,910 INFO  [http-nio-7070-exec-1] org.springframework.web.servlet.DispatcherServlet : Completed initialization in 6 ms
2020-12-19 14:49:36,336 INFO  [restartedMain] com.bjfu.fcro.FoodcheckRouteoptiApplication : Starting FoodcheckRouteoptiApplication on DESKTOP-FVOEJCM with PID 9108 (E:\ltx\foodcheck_routeopti\target\classes started by ltx in E:\ltx\foodcheck_routeopti)
2020-12-19 14:49:36,339 INFO  [restartedMain] com.bjfu.fcro.FoodcheckRouteoptiApplication : No active profile set, falling back to default profiles: default
2020-12-19 14:49:36,387 INFO  [restartedMain] org.springframework.boot.devtools.env.DevToolsPropertyDefaultsPostProcessor : Devtools property defaults active! Set 'spring.devtools.add-properties' to 'false' to disable
2020-12-19 14:49:36,388 INFO  [restartedMain] org.springframework.boot.devtools.env.DevToolsPropertyDefaultsPostProcessor : For additional web related logging consider setting the 'logging.level.web' property to 'DEBUG'
2020-12-19 14:49:37,041 INFO  [restartedMain] org.springframework.data.repository.config.RepositoryConfigurationDelegate : Multiple Spring Data modules found, entering strict repository configuration mode!
2020-12-19 14:49:37,042 INFO  [restartedMain] org.springframework.data.repository.config.RepositoryConfigurationDelegate : Bootstrapping Spring Data JDBC repositories in DEFAULT mode.
2020-12-19 14:49:37,085 INFO  [restartedMain] org.springframework.data.repository.config.RepositoryConfigurationDelegate : Finished Spring Data repository scanning in 39ms. Found 0 JDBC repository interfaces.
2020-12-19 14:49:37,097 INFO  [restartedMain] org.springframework.data.repository.config.RepositoryConfigurationDelegate : Multiple Spring Data modules found, entering strict repository configuration mode!
2020-12-19 14:49:37,098 INFO  [restartedMain] org.springframework.data.repository.config.RepositoryConfigurationDelegate : Bootstrapping Spring Data Redis repositories in DEFAULT mode.
2020-12-19 14:49:37,124 INFO  [restartedMain] org.springframework.data.repository.config.RepositoryConfigurationDelegate : Finished Spring Data repository scanning in 19ms. Found 0 Redis repository interfaces.
2020-12-19 14:49:37,645 INFO  [restartedMain] org.springframework.boot.web.embedded.tomcat.TomcatWebServer : Tomcat initialized with port(s): 7070 (http)
2020-12-19 14:49:37,653 INFO  [restartedMain] org.apache.catalina.core.StandardService : Starting service [Tomcat]
2020-12-19 14:49:37,653 INFO  [restartedMain] org.apache.catalina.core.StandardEngine : Starting Servlet engine: [Apache Tomcat/9.0.38]
2020-12-19 14:49:37,772 INFO  [restartedMain] org.apache.catalina.core.ContainerBase.[Tomcat].[localhost].[/] : Initializing Spring embedded WebApplicationContext
2020-12-19 14:49:37,772 INFO  [restartedMain] org.springframework.boot.web.servlet.context.ServletWebServerApplicationContext : Root WebApplicationContext: initialization completed in 1384 ms
2020-12-19 14:49:37,979 WARN  [restartedMain] com.bjfu.fcro.config.handler.CustomizeAbstractSecurityInterceptor : Could not validate configuration attributes as the SecurityMetadataSource did not return any attributes from getAllConfigAttributes()
2020-12-19 14:49:38,316 INFO  [restartedMain] org.springframework.boot.autoconfigure.web.servlet.WelcomePageHandlerMapping : Adding welcome page: class path resource [static/index.html]
2020-12-19 14:49:38,454 INFO  [restartedMain] org.springframework.security.web.DefaultSecurityFilterChain : Creating filter chain: any request, [org.springframework.security.web.context.request.async.WebAsyncManagerIntegrationFilter@6ac0cb35, org.springframework.security.web.context.SecurityContextPersistenceFilter@1540551b, org.springframework.security.web.header.HeaderWriterFilter@32d86fd2, org.springframework.web.filter.CorsFilter@6010f1a1, org.springframework.security.web.authentication.logout.LogoutFilter@1a0dfb4a, com.bjfu.fcro.config.handler.CustomizeOncePerRequestFilter@255896b3, org.springframework.security.web.authentication.UsernamePasswordAuthenticationFilter@6e7f8e15, org.springframework.security.web.session.ConcurrentSessionFilter@50f2665d, org.springframework.security.web.savedrequest.RequestCacheAwareFilter@2738670e, org.springframework.security.web.servletapi.SecurityContextHolderAwareRequestFilter@7939a11b, org.springframework.security.web.authentication.AnonymousAuthenticationFilter@6b532630, org.springframework.security.web.session.SessionManagementFilter@7cefac23, org.springframework.security.web.access.ExceptionTranslationFilter@5a937ff, org.springframework.security.web.access.intercept.FilterSecurityInterceptor@1528ab0f]
2020-12-19 14:49:38,495 INFO  [restartedMain] org.springframework.scheduling.concurrent.ThreadPoolTaskExecutor : Initializing ExecutorService 'applicationTaskExecutor'
2020-12-19 14:49:38,863 INFO  [restartedMain] com.alibaba.druid.pool.DruidDataSource : {dataSource-1} inited
2020-12-19 14:49:39,099 INFO  [restartedMain] org.springframework.boot.devtools.autoconfigure.OptionalLiveReloadServer : LiveReload server is running on port 35729
2020-12-19 14:49:39,132 INFO  [restartedMain] org.springframework.boot.web.embedded.tomcat.TomcatWebServer : Tomcat started on port(s): 7070 (http) with context path ''
2020-12-19 14:49:39,142 INFO  [restartedMain] com.bjfu.fcro.FoodcheckRouteoptiApplication : Started FoodcheckRouteoptiApplication in 3.231 seconds (JVM running for 4.345)
2020-12-19 14:49:50,926 INFO  [http-nio-7070-exec-1] org.apache.catalina.core.ContainerBase.[Tomcat].[localhost].[/] : Initializing Spring DispatcherServlet 'dispatcherServlet'
2020-12-19 14:49:50,926 INFO  [http-nio-7070-exec-1] org.springframework.web.servlet.DispatcherServlet : Initializing Servlet 'dispatcherServlet'
2020-12-19 14:49:50,932 INFO  [http-nio-7070-exec-1] org.springframework.web.servlet.DispatcherServlet : Completed initialization in 6 ms
2020-12-19 15:08:04,469 INFO  [restartedMain] com.bjfu.fcro.FoodcheckRouteoptiApplication : Starting FoodcheckRouteoptiApplication on DESKTOP-FVOEJCM with PID 11316 (E:\ltx\foodcheck_routeopti\target\classes started by ltx in E:\ltx\foodcheck_routeopti)
2020-12-19 15:08:04,477 INFO  [restartedMain] com.bjfu.fcro.FoodcheckRouteoptiApplication : No active profile set, falling back to default profiles: default
2020-12-19 15:08:04,530 INFO  [restartedMain] org.springframework.boot.devtools.env.DevToolsPropertyDefaultsPostProcessor : Devtools property defaults active! Set 'spring.devtools.add-properties' to 'false' to disable
2020-12-19 15:08:04,530 INFO  [restartedMain] org.springframework.boot.devtools.env.DevToolsPropertyDefaultsPostProcessor : For additional web related logging consider setting the 'logging.level.web' property to 'DEBUG'
2020-12-19 15:08:05,174 INFO  [restartedMain] org.springframework.data.repository.config.RepositoryConfigurationDelegate : Multiple Spring Data modules found, entering strict repository configuration mode!
2020-12-19 15:08:05,175 INFO  [restartedMain] org.springframework.data.repository.config.RepositoryConfigurationDelegate : Bootstrapping Spring Data JDBC repositories in DEFAULT mode.
2020-12-19 15:08:05,217 INFO  [restartedMain] org.springframework.data.repository.config.RepositoryConfigurationDelegate : Finished Spring Data repository scanning in 38ms. Found 0 JDBC repository interfaces.
2020-12-19 15:08:05,230 INFO  [restartedMain] org.springframework.data.repository.config.RepositoryConfigurationDelegate : Multiple Spring Data modules found, entering strict repository configuration mode!
2020-12-19 15:08:05,231 INFO  [restartedMain] org.springframework.data.repository.config.RepositoryConfigurationDelegate : Bootstrapping Spring Data Redis repositories in DEFAULT mode.
2020-12-19 15:08:05,256 INFO  [restartedMain] org.springframework.data.repository.config.RepositoryConfigurationDelegate : Finished Spring Data repository scanning in 18ms. Found 0 Redis repository interfaces.
2020-12-19 15:08:05,786 INFO  [restartedMain] org.springframework.boot.web.embedded.tomcat.TomcatWebServer : Tomcat initialized with port(s): 7070 (http)
2020-12-19 15:08:05,794 INFO  [restartedMain] org.apache.catalina.core.StandardService : Starting service [Tomcat]
2020-12-19 15:08:05,794 INFO  [restartedMain] org.apache.catalina.core.StandardEngine : Starting Servlet engine: [Apache Tomcat/9.0.38]
2020-12-19 15:08:05,916 INFO  [restartedMain] org.apache.catalina.core.ContainerBase.[Tomcat].[localhost].[/] : Initializing Spring embedded WebApplicationContext
2020-12-19 15:08:05,916 INFO  [restartedMain] org.springframework.boot.web.servlet.context.ServletWebServerApplicationContext : Root WebApplicationContext: initialization completed in 1385 ms
2020-12-19 15:08:06,125 WARN  [restartedMain] com.bjfu.fcro.config.handler.CustomizeAbstractSecurityInterceptor : Could not validate configuration attributes as the SecurityMetadataSource did not return any attributes from getAllConfigAttributes()
2020-12-19 15:08:06,469 INFO  [restartedMain] org.springframework.boot.autoconfigure.web.servlet.WelcomePageHandlerMapping : Adding welcome page: class path resource [static/index.html]
2020-12-19 15:08:06,598 INFO  [restartedMain] org.springframework.security.web.DefaultSecurityFilterChain : Creating filter chain: any request, [org.springframework.security.web.context.request.async.WebAsyncManagerIntegrationFilter@7bd5ef1a, org.springframework.security.web.context.SecurityContextPersistenceFilter@7201e0f6, org.springframework.security.web.header.HeaderWriterFilter@19ef46b8, org.springframework.web.filter.CorsFilter@2b8b6b53, org.springframework.security.web.authentication.logout.LogoutFilter@2f85a26d, com.bjfu.fcro.config.handler.CustomizeOncePerRequestFilter@ed2c5b0, org.springframework.security.web.authentication.UsernamePasswordAuthenticationFilter@2d1cdabd, org.springframework.security.web.session.ConcurrentSessionFilter@622d1a53, org.springframework.security.web.savedrequest.RequestCacheAwareFilter@748e300a, org.springframework.security.web.servletapi.SecurityContextHolderAwareRequestFilter@41062cef, org.springframework.security.web.authentication.AnonymousAuthenticationFilter@4a103500, org.springframework.security.web.session.SessionManagementFilter@54d5537e, org.springframework.security.web.access.ExceptionTranslationFilter@23a6521c, org.springframework.security.web.access.intercept.FilterSecurityInterceptor@d70f1ef]
2020-12-19 15:08:06,633 INFO  [restartedMain] org.springframework.scheduling.concurrent.ThreadPoolTaskExecutor : Initializing ExecutorService 'applicationTaskExecutor'
2020-12-19 15:08:06,992 INFO  [restartedMain] com.alibaba.druid.pool.DruidDataSource : {dataSource-1} inited
2020-12-19 15:08:07,279 INFO  [restartedMain] org.springframework.boot.devtools.autoconfigure.OptionalLiveReloadServer : LiveReload server is running on port 35729
2020-12-19 15:08:07,326 INFO  [restartedMain] org.springframework.boot.web.embedded.tomcat.TomcatWebServer : Tomcat started on port(s): 7070 (http) with context path ''
2020-12-19 15:08:07,337 INFO  [restartedMain] com.bjfu.fcro.FoodcheckRouteoptiApplication : Started FoodcheckRouteoptiApplication in 3.349 seconds (JVM running for 4.487)
2020-12-19 15:08:18,362 INFO  [http-nio-7070-exec-2] org.apache.catalina.core.ContainerBase.[Tomcat].[localhost].[/] : Initializing Spring DispatcherServlet 'dispatcherServlet'
2020-12-19 15:08:18,362 INFO  [http-nio-7070-exec-2] org.springframework.web.servlet.DispatcherServlet : Initializing Servlet 'dispatcherServlet'
2020-12-19 15:08:18,367 INFO  [http-nio-7070-exec-2] org.springframework.web.servlet.DispatcherServlet : Completed initialization in 5 ms
2020-12-19 15:08:36,730 INFO  [restartedMain] com.bjfu.fcro.FoodcheckRouteoptiApplication : Starting FoodcheckRouteoptiApplication on DESKTOP-FVOEJCM with PID 5460 (E:\ltx\foodcheck_routeopti\target\classes started by ltx in E:\ltx\foodcheck_routeopti)
2020-12-19 15:08:36,732 INFO  [restartedMain] com.bjfu.fcro.FoodcheckRouteoptiApplication : No active profile set, falling back to default profiles: default
2020-12-19 15:08:36,786 INFO  [restartedMain] org.springframework.boot.devtools.env.DevToolsPropertyDefaultsPostProcessor : Devtools property defaults active! Set 'spring.devtools.add-properties' to 'false' to disable
2020-12-19 15:08:36,787 INFO  [restartedMain] org.springframework.boot.devtools.env.DevToolsPropertyDefaultsPostProcessor : For additional web related logging consider setting the 'logging.level.web' property to 'DEBUG'
2020-12-19 15:08:37,518 INFO  [restartedMain] org.springframework.data.repository.config.RepositoryConfigurationDelegate : Multiple Spring Data modules found, entering strict repository configuration mode!
2020-12-19 15:08:37,519 INFO  [restartedMain] org.springframework.data.repository.config.RepositoryConfigurationDelegate : Bootstrapping Spring Data JDBC repositories in DEFAULT mode.
2020-12-19 15:08:37,562 INFO  [restartedMain] org.springframework.data.repository.config.RepositoryConfigurationDelegate : Finished Spring Data repository scanning in 39ms. Found 0 JDBC repository interfaces.
2020-12-19 15:08:37,575 INFO  [restartedMain] org.springframework.data.repository.config.RepositoryConfigurationDelegate : Multiple Spring Data modules found, entering strict repository configuration mode!
2020-12-19 15:08:37,576 INFO  [restartedMain] org.springframework.data.repository.config.RepositoryConfigurationDelegate : Bootstrapping Spring Data Redis repositories in DEFAULT mode.
2020-12-19 15:08:37,602 INFO  [restartedMain] org.springframework.data.repository.config.RepositoryConfigurationDelegate : Finished Spring Data repository scanning in 19ms. Found 0 Redis repository interfaces.
2020-12-19 15:08:38,129 INFO  [restartedMain] org.springframework.boot.web.embedded.tomcat.TomcatWebServer : Tomcat initialized with port(s): 7070 (http)
2020-12-19 15:08:38,137 INFO  [restartedMain] org.apache.catalina.core.StandardService : Starting service [Tomcat]
2020-12-19 15:08:38,137 INFO  [restartedMain] org.apache.catalina.core.StandardEngine : Starting Servlet engine: [Apache Tomcat/9.0.38]
2020-12-19 15:08:38,254 INFO  [restartedMain] org.apache.catalina.core.ContainerBase.[Tomcat].[localhost].[/] : Initializing Spring embedded WebApplicationContext
2020-12-19 15:08:38,255 INFO  [restartedMain] org.springframework.boot.web.servlet.context.ServletWebServerApplicationContext : Root WebApplicationContext: initialization completed in 1468 ms
2020-12-19 15:08:38,470 WARN  [restartedMain] com.bjfu.fcro.config.handler.CustomizeAbstractSecurityInterceptor : Could not validate configuration attributes as the SecurityMetadataSource did not return any attributes from getAllConfigAttributes()
2020-12-19 15:08:38,827 INFO  [restartedMain] org.springframework.boot.autoconfigure.web.servlet.WelcomePageHandlerMapping : Adding welcome page: class path resource [static/index.html]
2020-12-19 15:08:38,981 INFO  [restartedMain] org.springframework.security.web.DefaultSecurityFilterChain : Creating filter chain: any request, [org.springframework.security.web.context.request.async.WebAsyncManagerIntegrationFilter@553f1552, org.springframework.security.web.context.SecurityContextPersistenceFilter@5388d487, org.springframework.security.web.header.HeaderWriterFilter@654d4510, org.springframework.web.filter.CorsFilter@39e5e1e0, org.springframework.security.web.authentication.logout.LogoutFilter@12e0e249, com.bjfu.fcro.config.handler.CustomizeOncePerRequestFilter@256172be, org.springframework.security.web.authentication.UsernamePasswordAuthenticationFilter@6304f71b, org.springframework.security.web.session.ConcurrentSessionFilter@a5573ec, org.springframework.security.web.savedrequest.RequestCacheAwareFilter@5243df9c, org.springframework.security.web.servletapi.SecurityContextHolderAwareRequestFilter@456a53b, org.springframework.security.web.authentication.AnonymousAuthenticationFilter@32b41ad, org.springframework.security.web.session.SessionManagementFilter@3cdad146, org.springframework.security.web.access.ExceptionTranslationFilter@a2a3d43, org.springframework.security.web.access.intercept.FilterSecurityInterceptor@32247530]
2020-12-19 15:08:39,018 INFO  [restartedMain] org.springframework.scheduling.concurrent.ThreadPoolTaskExecutor : Initializing ExecutorService 'applicationTaskExecutor'
2020-12-19 15:08:39,357 INFO  [restartedMain] com.alibaba.druid.pool.DruidDataSource : {dataSource-1} inited
2020-12-19 15:08:39,579 INFO  [restartedMain] org.springframework.boot.devtools.autoconfigure.OptionalLiveReloadServer : LiveReload server is running on port 35729
2020-12-19 15:08:39,613 INFO  [restartedMain] org.springframework.boot.web.embedded.tomcat.TomcatWebServer : Tomcat started on port(s): 7070 (http) with context path ''
2020-12-19 15:08:39,623 INFO  [restartedMain] com.bjfu.fcro.FoodcheckRouteoptiApplication : Started FoodcheckRouteoptiApplication in 3.346 seconds (JVM running for 4.409)
2020-12-19 15:08:45,170 INFO  [http-nio-7070-exec-1] org.apache.catalina.core.ContainerBase.[Tomcat].[localhost].[/] : Initializing Spring DispatcherServlet 'dispatcherServlet'
2020-12-19 15:08:45,170 INFO  [http-nio-7070-exec-1] org.springframework.web.servlet.DispatcherServlet : Initializing Servlet 'dispatcherServlet'
2020-12-19 15:08:45,175 INFO  [http-nio-7070-exec-1] org.springframework.web.servlet.DispatcherServlet : Completed initialization in 5 ms
2020-12-19 15:09:24,244 INFO  [restartedMain] com.bjfu.fcro.FoodcheckRouteoptiApplication : Starting FoodcheckRouteoptiApplication on DESKTOP-FVOEJCM with PID 18912 (E:\ltx\foodcheck_routeopti\target\classes started by ltx in E:\ltx\foodcheck_routeopti)
2020-12-19 15:09:24,251 INFO  [restartedMain] com.bjfu.fcro.FoodcheckRouteoptiApplication : No active profile set, falling back to default profiles: default
2020-12-19 15:09:24,306 INFO  [restartedMain] org.springframework.boot.devtools.env.DevToolsPropertyDefaultsPostProcessor : Devtools property defaults active! Set 'spring.devtools.add-properties' to 'false' to disable
2020-12-19 15:09:24,307 INFO  [restartedMain] org.springframework.boot.devtools.env.DevToolsPropertyDefaultsPostProcessor : For additional web related logging consider setting the 'logging.level.web' property to 'DEBUG'
2020-12-19 15:09:24,935 INFO  [restartedMain] org.springframework.data.repository.config.RepositoryConfigurationDelegate : Multiple Spring Data modules found, entering strict repository configuration mode!
2020-12-19 15:09:24,935 INFO  [restartedMain] org.springframework.data.repository.config.RepositoryConfigurationDelegate : Bootstrapping Spring Data JDBC repositories in DEFAULT mode.
2020-12-19 15:09:24,977 INFO  [restartedMain] org.springframework.data.repository.config.RepositoryConfigurationDelegate : Finished Spring Data repository scanning in 38ms. Found 0 JDBC repository interfaces.
2020-12-19 15:09:24,989 INFO  [restartedMain] org.springframework.data.repository.config.RepositoryConfigurationDelegate : Multiple Spring Data modules found, entering strict repository configuration mode!
2020-12-19 15:09:24,990 INFO  [restartedMain] org.springframework.data.repository.config.RepositoryConfigurationDelegate : Bootstrapping Spring Data Redis repositories in DEFAULT mode.
2020-12-19 15:09:25,015 INFO  [restartedMain] org.springframework.data.repository.config.RepositoryConfigurationDelegate : Finished Spring Data repository scanning in 18ms. Found 0 Redis repository interfaces.
2020-12-19 15:09:25,526 INFO  [restartedMain] org.springframework.boot.web.embedded.tomcat.TomcatWebServer : Tomcat initialized with port(s): 7070 (http)
2020-12-19 15:09:25,534 INFO  [restartedMain] org.apache.catalina.core.StandardService : Starting service [Tomcat]
2020-12-19 15:09:25,535 INFO  [restartedMain] org.apache.catalina.core.StandardEngine : Starting Servlet engine: [Apache Tomcat/9.0.38]
2020-12-19 15:09:25,654 INFO  [restartedMain] org.apache.catalina.core.ContainerBase.[Tomcat].[localhost].[/] : Initializing Spring embedded WebApplicationContext
2020-12-19 15:09:25,654 INFO  [restartedMain] org.springframework.boot.web.servlet.context.ServletWebServerApplicationContext : Root WebApplicationContext: initialization completed in 1347 ms
2020-12-19 15:09:25,863 WARN  [restartedMain] com.bjfu.fcro.config.handler.CustomizeAbstractSecurityInterceptor : Could not validate configuration attributes as the SecurityMetadataSource did not return any attributes from getAllConfigAttributes()
2020-12-19 15:09:26,195 INFO  [restartedMain] org.springframework.boot.autoconfigure.web.servlet.WelcomePageHandlerMapping : Adding welcome page: class path resource [static/index.html]
2020-12-19 15:09:26,322 INFO  [restartedMain] org.springframework.security.web.DefaultSecurityFilterChain : Creating filter chain: any request, [org.springframework.security.web.context.request.async.WebAsyncManagerIntegrationFilter@393ac52b, org.springframework.security.web.context.SecurityContextPersistenceFilter@5ee3bf01, org.springframework.security.web.header.HeaderWriterFilter@72c82abe, org.springframework.web.filter.CorsFilter@7afc39a, org.springframework.security.web.authentication.logout.LogoutFilter@103a8005, com.bjfu.fcro.config.handler.CustomizeOncePerRequestFilter@4878c4b5, org.springframework.security.web.authentication.UsernamePasswordAuthenticationFilter@4c380358, org.springframework.security.web.session.ConcurrentSessionFilter@22902c9, org.springframework.security.web.savedrequest.RequestCacheAwareFilter@6250cba8, org.springframework.security.web.servletapi.SecurityContextHolderAwareRequestFilter@354ba865, org.springframework.security.web.authentication.AnonymousAuthenticationFilter@6520542f, org.springframework.security.web.session.SessionManagementFilter@578e2b7b, org.springframework.security.web.access.ExceptionTranslationFilter@56b0b213, org.springframework.security.web.access.intercept.FilterSecurityInterceptor@5bbe623c]
2020-12-19 15:09:26,359 INFO  [restartedMain] org.springframework.scheduling.concurrent.ThreadPoolTaskExecutor : Initializing ExecutorService 'applicationTaskExecutor'
2020-12-19 15:09:26,699 INFO  [restartedMain] com.alibaba.druid.pool.DruidDataSource : {dataSource-1} inited
2020-12-19 15:09:26,935 INFO  [restartedMain] org.springframework.boot.devtools.autoconfigure.OptionalLiveReloadServer : LiveReload server is running on port 35729
2020-12-19 15:09:26,971 INFO  [restartedMain] org.springframework.boot.web.embedded.tomcat.TomcatWebServer : Tomcat started on port(s): 7070 (http) with context path ''
2020-12-19 15:09:26,981 INFO  [restartedMain] com.bjfu.fcro.FoodcheckRouteoptiApplication : Started FoodcheckRouteoptiApplication in 3.165 seconds (JVM running for 4.211)
2020-12-19 15:09:42,418 INFO  [http-nio-7070-exec-1] org.apache.catalina.core.ContainerBase.[Tomcat].[localhost].[/] : Initializing Spring DispatcherServlet 'dispatcherServlet'
2020-12-19 15:09:42,419 INFO  [http-nio-7070-exec-1] org.springframework.web.servlet.DispatcherServlet : Initializing Servlet 'dispatcherServlet'
2020-12-19 15:09:42,424 INFO  [http-nio-7070-exec-1] org.springframework.web.servlet.DispatcherServlet : Completed initialization in 5 ms
2020-12-19 15:15:15,391 INFO  [restartedMain] com.bjfu.fcro.FoodcheckRouteoptiApplication : Starting FoodcheckRouteoptiApplication on DESKTOP-FVOEJCM with PID 21264 (E:\ltx\foodcheck_routeopti\target\classes started by ltx in E:\ltx\foodcheck_routeopti)
2020-12-19 15:15:15,394 INFO  [restartedMain] com.bjfu.fcro.FoodcheckRouteoptiApplication : No active profile set, falling back to default profiles: default
2020-12-19 15:15:15,458 INFO  [restartedMain] org.springframework.boot.devtools.env.DevToolsPropertyDefaultsPostProcessor : Devtools property defaults active! Set 'spring.devtools.add-properties' to 'false' to disable
2020-12-19 15:15:15,458 INFO  [restartedMain] org.springframework.boot.devtools.env.DevToolsPropertyDefaultsPostProcessor : For additional web related logging consider setting the 'logging.level.web' property to 'DEBUG'
2020-12-19 15:15:16,127 INFO  [restartedMain] org.springframework.data.repository.config.RepositoryConfigurationDelegate : Multiple Spring Data modules found, entering strict repository configuration mode!
2020-12-19 15:15:16,128 INFO  [restartedMain] org.springframework.data.repository.config.RepositoryConfigurationDelegate : Bootstrapping Spring Data JDBC repositories in DEFAULT mode.
2020-12-19 15:15:16,169 INFO  [restartedMain] org.springframework.data.repository.config.RepositoryConfigurationDelegate : Finished Spring Data repository scanning in 37ms. Found 0 JDBC repository interfaces.
2020-12-19 15:15:16,181 INFO  [restartedMain] org.springframework.data.repository.config.RepositoryConfigurationDelegate : Multiple Spring Data modules found, entering strict repository configuration mode!
2020-12-19 15:15:16,182 INFO  [restartedMain] org.springframework.data.repository.config.RepositoryConfigurationDelegate : Bootstrapping Spring Data Redis repositories in DEFAULT mode.
2020-12-19 15:15:16,207 INFO  [restartedMain] org.springframework.data.repository.config.RepositoryConfigurationDelegate : Finished Spring Data repository scanning in 17ms. Found 0 Redis repository interfaces.
2020-12-19 15:15:16,730 INFO  [restartedMain] org.springframework.boot.web.embedded.tomcat.TomcatWebServer : Tomcat initialized with port(s): 7070 (http)
2020-12-19 15:15:16,738 INFO  [restartedMain] org.apache.catalina.core.StandardService : Starting service [Tomcat]
2020-12-19 15:15:16,738 INFO  [restartedMain] org.apache.catalina.core.StandardEngine : Starting Servlet engine: [Apache Tomcat/9.0.38]
2020-12-19 15:15:16,857 INFO  [restartedMain] org.apache.catalina.core.ContainerBase.[Tomcat].[localhost].[/] : Initializing Spring embedded WebApplicationContext
2020-12-19 15:15:16,857 INFO  [restartedMain] org.springframework.boot.web.servlet.context.ServletWebServerApplicationContext : Root WebApplicationContext: initialization completed in 1399 ms
2020-12-19 15:15:17,066 WARN  [restartedMain] com.bjfu.fcro.config.handler.CustomizeAbstractSecurityInterceptor : Could not validate configuration attributes as the SecurityMetadataSource did not return any attributes from getAllConfigAttributes()
2020-12-19 15:15:17,398 INFO  [restartedMain] org.springframework.boot.autoconfigure.web.servlet.WelcomePageHandlerMapping : Adding welcome page: class path resource [static/index.html]
2020-12-19 15:15:17,529 INFO  [restartedMain] org.springframework.security.web.DefaultSecurityFilterChain : Creating filter chain: any request, [org.springframework.security.web.context.request.async.WebAsyncManagerIntegrationFilter@542ce600, org.springframework.security.web.context.SecurityContextPersistenceFilter@43b9d340, org.springframework.security.web.header.HeaderWriterFilter@2b90f2ed, org.springframework.web.filter.CorsFilter@95a24c4, org.springframework.security.web.authentication.logout.LogoutFilter@3e6bc66f, com.bjfu.fcro.config.handler.CustomizeOncePerRequestFilter@27b6bb6f, org.springframework.security.web.authentication.UsernamePasswordAuthenticationFilter@11e7bc46, org.springframework.security.web.session.ConcurrentSessionFilter@530c0422, org.springframework.security.web.savedrequest.RequestCacheAwareFilter@317d9846, org.springframework.security.web.servletapi.SecurityContextHolderAwareRequestFilter@74c83e87, org.springframework.security.web.authentication.AnonymousAuthenticationFilter@7e5494b4, org.springframework.security.web.session.SessionManagementFilter@1047a576, org.springframework.security.web.access.ExceptionTranslationFilter@150acb6, org.springframework.security.web.access.intercept.FilterSecurityInterceptor@5ef4d718]
2020-12-19 15:15:17,565 INFO  [restartedMain] org.springframework.scheduling.concurrent.ThreadPoolTaskExecutor : Initializing ExecutorService 'applicationTaskExecutor'
2020-12-19 15:15:17,901 INFO  [restartedMain] com.alibaba.druid.pool.DruidDataSource : {dataSource-1} inited
2020-12-19 15:15:18,140 INFO  [restartedMain] org.springframework.boot.devtools.autoconfigure.OptionalLiveReloadServer : LiveReload server is running on port 35729
2020-12-19 15:15:18,174 INFO  [restartedMain] org.springframework.boot.web.embedded.tomcat.TomcatWebServer : Tomcat started on port(s): 7070 (http) with context path ''
2020-12-19 15:15:18,185 INFO  [restartedMain] com.bjfu.fcro.FoodcheckRouteoptiApplication : Started FoodcheckRouteoptiApplication in 3.239 seconds (JVM running for 4.408)
2020-12-19 15:15:24,949 INFO  [http-nio-7070-exec-1] org.apache.catalina.core.ContainerBase.[Tomcat].[localhost].[/] : Initializing Spring DispatcherServlet 'dispatcherServlet'
2020-12-19 15:15:24,949 INFO  [http-nio-7070-exec-1] org.springframework.web.servlet.DispatcherServlet : Initializing Servlet 'dispatcherServlet'
2020-12-19 15:15:24,955 INFO  [http-nio-7070-exec-1] org.springframework.web.servlet.DispatcherServlet : Completed initialization in 6 ms
2020-12-19 21:21:24,167 INFO  [restartedMain] com.bjfu.fcro.FoodcheckRouteoptiApplication : Starting FoodcheckRouteoptiApplication on DESKTOP-FVOEJCM with PID 20308 (E:\ltx\foodcheck_routeopti\target\classes started by ltx in E:\ltx\foodcheck_routeopti)
2020-12-19 21:21:24,169 INFO  [restartedMain] com.bjfu.fcro.FoodcheckRouteoptiApplication : No active profile set, falling back to default profiles: default
2020-12-19 21:21:24,221 INFO  [restartedMain] org.springframework.boot.devtools.env.DevToolsPropertyDefaultsPostProcessor : Devtools property defaults active! Set 'spring.devtools.add-properties' to 'false' to disable
2020-12-19 21:21:24,221 INFO  [restartedMain] org.springframework.boot.devtools.env.DevToolsPropertyDefaultsPostProcessor : For additional web related logging consider setting the 'logging.level.web' property to 'DEBUG'
2020-12-19 21:21:24,888 INFO  [restartedMain] org.springframework.data.repository.config.RepositoryConfigurationDelegate : Multiple Spring Data modules found, entering strict repository configuration mode!
2020-12-19 21:21:24,888 INFO  [restartedMain] org.springframework.data.repository.config.RepositoryConfigurationDelegate : Bootstrapping Spring Data JDBC repositories in DEFAULT mode.
2020-12-19 21:21:24,934 INFO  [restartedMain] org.springframework.data.repository.config.RepositoryConfigurationDelegate : Finished Spring Data repository scanning in 41ms. Found 0 JDBC repository interfaces.
2020-12-19 21:21:24,946 INFO  [restartedMain] org.springframework.data.repository.config.RepositoryConfigurationDelegate : Multiple Spring Data modules found, entering strict repository configuration mode!
2020-12-19 21:21:24,948 INFO  [restartedMain] org.springframework.data.repository.config.RepositoryConfigurationDelegate : Bootstrapping Spring Data Redis repositories in DEFAULT mode.
2020-12-19 21:21:24,975 INFO  [restartedMain] org.springframework.data.repository.config.RepositoryConfigurationDelegate : Finished Spring Data repository scanning in 19ms. Found 0 Redis repository interfaces.
2020-12-19 21:21:25,514 INFO  [restartedMain] org.springframework.boot.web.embedded.tomcat.TomcatWebServer : Tomcat initialized with port(s): 7070 (http)
2020-12-19 21:21:25,522 INFO  [restartedMain] org.apache.catalina.core.StandardService : Starting service [Tomcat]
2020-12-19 21:21:25,522 INFO  [restartedMain] org.apache.catalina.core.StandardEngine : Starting Servlet engine: [Apache Tomcat/9.0.38]
2020-12-19 21:21:25,643 INFO  [restartedMain] org.apache.catalina.core.ContainerBase.[Tomcat].[localhost].[/] : Initializing Spring embedded WebApplicationContext
2020-12-19 21:21:25,643 INFO  [restartedMain] org.springframework.boot.web.servlet.context.ServletWebServerApplicationContext : Root WebApplicationContext: initialization completed in 1421 ms
2020-12-19 21:21:25,851 WARN  [restartedMain] com.bjfu.fcro.config.handler.CustomizeAbstractSecurityInterceptor : Could not validate configuration attributes as the SecurityMetadataSource did not return any attributes from getAllConfigAttributes()
2020-12-19 21:21:26,207 INFO  [restartedMain] org.springframework.boot.autoconfigure.web.servlet.WelcomePageHandlerMapping : Adding welcome page: class path resource [static/index.html]
2020-12-19 21:21:26,352 INFO  [restartedMain] org.springframework.security.web.DefaultSecurityFilterChain : Creating filter chain: any request, [org.springframework.security.web.context.request.async.WebAsyncManagerIntegrationFilter@1df993b8, org.springframework.security.web.context.SecurityContextPersistenceFilter@1590c8a5, org.springframework.security.web.header.HeaderWriterFilter@4bc5e817, org.springframework.web.filter.CorsFilter@168ced7, org.springframework.security.web.authentication.logout.LogoutFilter@ce7c9f6, com.bjfu.fcro.config.handler.CustomizeOncePerRequestFilter@2d2575ea, org.springframework.security.web.authentication.UsernamePasswordAuthenticationFilter@36a3b1e6, org.springframework.security.web.session.ConcurrentSessionFilter@14108e30, org.springframework.security.web.savedrequest.RequestCacheAwareFilter@524184d, org.springframework.security.web.servletapi.SecurityContextHolderAwareRequestFilter@2ef66f2b, org.springframework.security.web.authentication.AnonymousAuthenticationFilter@5b13c1e, org.springframework.security.web.session.SessionManagementFilter@57297835, org.springframework.security.web.access.ExceptionTranslationFilter@6480c94a, org.springframework.security.web.access.intercept.FilterSecurityInterceptor@9008cb6]
2020-12-19 21:21:26,391 INFO  [restartedMain] org.springframework.scheduling.concurrent.ThreadPoolTaskExecutor : Initializing ExecutorService 'applicationTaskExecutor'
2020-12-19 21:21:26,826 INFO  [restartedMain] com.alibaba.druid.pool.DruidDataSource : {dataSource-1} inited
2020-12-19 21:21:27,083 INFO  [restartedMain] org.springframework.boot.devtools.autoconfigure.OptionalLiveReloadServer : LiveReload server is running on port 35729
2020-12-19 21:21:27,119 INFO  [restartedMain] org.springframework.boot.web.embedded.tomcat.TomcatWebServer : Tomcat started on port(s): 7070 (http) with context path ''
2020-12-19 21:21:27,131 INFO  [restartedMain] com.bjfu.fcro.FoodcheckRouteoptiApplication : Started FoodcheckRouteoptiApplication in 3.406 seconds (JVM running for 4.573)
2020-12-19 21:25:09,430 INFO  [http-nio-7070-exec-1] org.apache.catalina.core.ContainerBase.[Tomcat].[localhost].[/] : Initializing Spring DispatcherServlet 'dispatcherServlet'
2020-12-19 21:25:09,430 INFO  [http-nio-7070-exec-1] org.springframework.web.servlet.DispatcherServlet : Initializing Servlet 'dispatcherServlet'
2020-12-19 21:25:09,435 INFO  [http-nio-7070-exec-1] org.springframework.web.servlet.DispatcherServlet : Completed initialization in 5 ms
2020-12-19 21:59:18,591 INFO  [restartedMain] com.bjfu.fcro.FoodcheckRouteoptiApplication : Starting FoodcheckRouteoptiApplication on DESKTOP-FVOEJCM with PID 12628 (E:\ltx\foodcheck_routeopti\target\classes started by ltx in E:\ltx\foodcheck_routeopti)
2020-12-19 21:59:18,595 INFO  [restartedMain] com.bjfu.fcro.FoodcheckRouteoptiApplication : No active profile set, falling back to default profiles: default
2020-12-19 21:59:18,657 INFO  [restartedMain] org.springframework.boot.devtools.env.DevToolsPropertyDefaultsPostProcessor : Devtools property defaults active! Set 'spring.devtools.add-properties' to 'false' to disable
2020-12-19 21:59:18,657 INFO  [restartedMain] org.springframework.boot.devtools.env.DevToolsPropertyDefaultsPostProcessor : For additional web related logging consider setting the 'logging.level.web' property to 'DEBUG'
2020-12-19 21:59:19,316 INFO  [restartedMain] org.springframework.data.repository.config.RepositoryConfigurationDelegate : Multiple Spring Data modules found, entering strict repository configuration mode!
2020-12-19 21:59:19,316 INFO  [restartedMain] org.springframework.data.repository.config.RepositoryConfigurationDelegate : Bootstrapping Spring Data JDBC repositories in DEFAULT mode.
2020-12-19 21:59:19,358 INFO  [restartedMain] org.springframework.data.repository.config.RepositoryConfigurationDelegate : Finished Spring Data repository scanning in 37ms. Found 0 JDBC repository interfaces.
2020-12-19 21:59:19,370 INFO  [restartedMain] org.springframework.data.repository.config.RepositoryConfigurationDelegate : Multiple Spring Data modules found, entering strict repository configuration mode!
2020-12-19 21:59:19,371 INFO  [restartedMain] org.springframework.data.repository.config.RepositoryConfigurationDelegate : Bootstrapping Spring Data Redis repositories in DEFAULT mode.
2020-12-19 21:59:19,396 INFO  [restartedMain] org.springframework.data.repository.config.RepositoryConfigurationDelegate : Finished Spring Data repository scanning in 18ms. Found 0 Redis repository interfaces.
2020-12-19 21:59:19,954 INFO  [restartedMain] org.springframework.boot.web.embedded.tomcat.TomcatWebServer : Tomcat initialized with port(s): 7070 (http)
2020-12-19 21:59:19,963 INFO  [restartedMain] org.apache.catalina.core.StandardService : Starting service [Tomcat]
2020-12-19 21:59:19,963 INFO  [restartedMain] org.apache.catalina.core.StandardEngine : Starting Servlet engine: [Apache Tomcat/9.0.38]
2020-12-19 21:59:20,083 INFO  [restartedMain] org.apache.catalina.core.ContainerBase.[Tomcat].[localhost].[/] : Initializing Spring embedded WebApplicationContext
2020-12-19 21:59:20,083 INFO  [restartedMain] org.springframework.boot.web.servlet.context.ServletWebServerApplicationContext : Root WebApplicationContext: initialization completed in 1426 ms
2020-12-19 21:59:20,290 WARN  [restartedMain] com.bjfu.fcro.config.handler.CustomizeAbstractSecurityInterceptor : Could not validate configuration attributes as the SecurityMetadataSource did not return any attributes from getAllConfigAttributes()
2020-12-19 21:59:20,624 INFO  [restartedMain] org.springframework.boot.autoconfigure.web.servlet.WelcomePageHandlerMapping : Adding welcome page: class path resource [static/index.html]
2020-12-19 21:59:20,752 INFO  [restartedMain] org.springframework.security.web.DefaultSecurityFilterChain : Creating filter chain: any request, [org.springframework.security.web.context.request.async.WebAsyncManagerIntegrationFilter@498aec5e, org.springframework.security.web.context.SecurityContextPersistenceFilter@2d96eb54, org.springframework.security.web.header.HeaderWriterFilter@1e5768f4, org.springframework.web.filter.CorsFilter@7f621300, org.springframework.security.web.authentication.logout.LogoutFilter@6e3d254a, com.bjfu.fcro.config.handler.CustomizeOncePerRequestFilter@5ab49a1d, org.springframework.security.web.authentication.UsernamePasswordAuthenticationFilter@434928f3, org.springframework.security.web.session.ConcurrentSessionFilter@5e03cc29, org.springframework.security.web.savedrequest.RequestCacheAwareFilter@5e718112, org.springframework.security.web.servletapi.SecurityContextHolderAwareRequestFilter@7cce58d2, org.springframework.security.web.authentication.AnonymousAuthenticationFilter@12a474e9, org.springframework.security.web.session.SessionManagementFilter@64d30a24, org.springframework.security.web.access.ExceptionTranslationFilter@238ec5c7, org.springframework.security.web.access.intercept.FilterSecurityInterceptor@5b106617]
2020-12-19 21:59:20,788 INFO  [restartedMain] org.springframework.scheduling.concurrent.ThreadPoolTaskExecutor : Initializing ExecutorService 'applicationTaskExecutor'
2020-12-19 21:59:21,127 INFO  [restartedMain] com.alibaba.druid.pool.DruidDataSource : {dataSource-1} inited
2020-12-19 21:59:21,360 INFO  [restartedMain] org.springframework.boot.devtools.autoconfigure.OptionalLiveReloadServer : LiveReload server is running on port 35729
2020-12-19 21:59:21,402 INFO  [restartedMain] org.springframework.boot.web.embedded.tomcat.TomcatWebServer : Tomcat started on port(s): 7070 (http) with context path ''
2020-12-19 21:59:21,413 INFO  [restartedMain] com.bjfu.fcro.FoodcheckRouteoptiApplication : Started FoodcheckRouteoptiApplication in 3.332 seconds (JVM running for 4.415)
2020-12-19 22:00:09,964 INFO  [http-nio-7070-exec-1] org.apache.catalina.core.ContainerBase.[Tomcat].[localhost].[/] : Initializing Spring DispatcherServlet 'dispatcherServlet'
2020-12-19 22:00:09,964 INFO  [http-nio-7070-exec-1] org.springframework.web.servlet.DispatcherServlet : Initializing Servlet 'dispatcherServlet'
2020-12-19 22:00:09,969 INFO  [http-nio-7070-exec-1] org.springframework.web.servlet.DispatcherServlet : Completed initialization in 5 ms
2020-12-19 22:00:14,524 ERROR [http-nio-7070-exec-3] com.bjfu.fcro.common.exception.GlobalExceptionHandler : 未知异常！原因是:
org.springframework.web.bind.MissingServletRequestParameterException: Required int parameter 'size' is not present
	at org.springframework.web.method.annotation.RequestParamMethodArgumentResolver.handleMissingValue(RequestParamMethodArgumentResolver.java:204)
	at org.springframework.web.method.annotation.AbstractNamedValueMethodArgumentResolver.resolveArgument(AbstractNamedValueMethodArgumentResolver.java:114)
	at org.springframework.web.method.support.HandlerMethodArgumentResolverComposite.resolveArgument(HandlerMethodArgumentResolverComposite.java:121)
	at org.springframework.web.method.support.InvocableHandlerMethod.getMethodArgumentValues(InvocableHandlerMethod.java:167)
	at org.springframework.web.method.support.InvocableHandlerMethod.invokeForRequest(InvocableHandlerMethod.java:134)
	at org.springframework.web.servlet.mvc.method.annotation.ServletInvocableHandlerMethod.invokeAndHandle(ServletInvocableHandlerMethod.java:105)
	at org.springframework.web.servlet.mvc.method.annotation.RequestMappingHandlerAdapter.invokeHandlerMethod(RequestMappingHandlerAdapter.java:878)
	at org.springframework.web.servlet.mvc.method.annotation.RequestMappingHandlerAdapter.handleInternal(RequestMappingHandlerAdapter.java:792)
	at org.springframework.web.servlet.mvc.method.AbstractHandlerMethodAdapter.handle(AbstractHandlerMethodAdapter.java:87)
	at org.springframework.web.servlet.DispatcherServlet.doDispatch(DispatcherServlet.java:1040)
	at org.springframework.web.servlet.DispatcherServlet.doService(DispatcherServlet.java:943)
	at org.springframework.web.servlet.FrameworkServlet.processRequest(FrameworkServlet.java:1006)
	at org.springframework.web.servlet.FrameworkServlet.doPost(FrameworkServlet.java:909)
	at javax.servlet.http.HttpServlet.service(HttpServlet.java:652)
	at org.springframework.web.servlet.FrameworkServlet.service(FrameworkServlet.java:883)
	at javax.servlet.http.HttpServlet.service(HttpServlet.java:733)
	at org.apache.catalina.core.ApplicationFilterChain.internalDoFilter(ApplicationFilterChain.java:231)
	at org.apache.catalina.core.ApplicationFilterChain.doFilter(ApplicationFilterChain.java:166)
	at org.apache.tomcat.websocket.server.WsFilter.doFilter(WsFilter.java:53)
	at org.apache.catalina.core.ApplicationFilterChain.internalDoFilter(ApplicationFilterChain.java:193)
	at org.apache.catalina.core.ApplicationFilterChain.doFilter(ApplicationFilterChain.java:166)
	at org.springframework.web.filter.OncePerRequestFilter.doFilter(OncePerRequestFilter.java:113)
	at org.apache.catalina.core.ApplicationFilterChain.internalDoFilter(ApplicationFilterChain.java:193)
	at org.apache.catalina.core.ApplicationFilterChain.doFilter(ApplicationFilterChain.java:166)
	at com.bjfu.fcro.config.handler.CustomizeAbstractSecurityInterceptor.invoke(CustomizeAbstractSecurityInterceptor.java:56)
	at com.bjfu.fcro.config.handler.CustomizeAbstractSecurityInterceptor.doFilter(CustomizeAbstractSecurityInterceptor.java:46)
	at org.apache.catalina.core.ApplicationFilterChain.internalDoFilter(ApplicationFilterChain.java:193)
	at org.apache.catalina.core.ApplicationFilterChain.doFilter(ApplicationFilterChain.java:166)
	at com.bjfu.fcro.config.fliter.VerifyCodeFilter.doFilter(VerifyCodeFilter.java:62)
	at org.apache.catalina.core.ApplicationFilterChain.internalDoFilter(ApplicationFilterChain.java:193)
	at org.apache.catalina.core.ApplicationFilterChain.doFilter(ApplicationFilterChain.java:166)
	at org.springframework.security.web.FilterChainProxy$VirtualFilterChain.doFilter(FilterChainProxy.java:320)
	at org.springframework.security.web.access.intercept.FilterSecurityInterceptor.invoke(FilterSecurityInterceptor.java:126)
	at org.springframework.security.web.access.intercept.FilterSecurityInterceptor.doFilter(FilterSecurityInterceptor.java:90)
	at org.springframework.security.web.FilterChainProxy$VirtualFilterChain.doFilter(FilterChainProxy.java:334)
	at org.springframework.security.web.access.ExceptionTranslationFilter.doFilter(ExceptionTranslationFilter.java:118)
	at org.springframework.security.web.FilterChainProxy$VirtualFilterChain.doFilter(FilterChainProxy.java:334)
	at org.springframework.security.web.session.SessionManagementFilter.doFilter(SessionManagementFilter.java:137)
	at org.springframework.security.web.FilterChainProxy$VirtualFilterChain.doFilter(FilterChainProxy.java:334)
	at org.springframework.security.web.authentication.AnonymousAuthenticationFilter.doFilter(AnonymousAuthenticationFilter.java:111)
	at org.springframework.security.web.FilterChainProxy$VirtualFilterChain.doFilter(FilterChainProxy.java:334)
	at org.springframework.security.web.servletapi.SecurityContextHolderAwareRequestFilter.doFilter(SecurityContextHolderAwareRequestFilter.java:158)
	at org.springframework.security.web.FilterChainProxy$VirtualFilterChain.doFilter(FilterChainProxy.java:334)
	at org.springframework.security.web.savedrequest.RequestCacheAwareFilter.doFilter(RequestCacheAwareFilter.java:63)
	at org.springframework.security.web.FilterChainProxy$VirtualFilterChain.doFilter(FilterChainProxy.java:334)
	at org.springframework.security.web.session.ConcurrentSessionFilter.doFilter(ConcurrentSessionFilter.java:152)
	at org.springframework.security.web.FilterChainProxy$VirtualFilterChain.doFilter(FilterChainProxy.java:334)
	at org.springframework.security.web.authentication.AbstractAuthenticationProcessingFilter.doFilter(AbstractAuthenticationProcessingFilter.java:200)
	at org.springframework.security.web.FilterChainProxy$VirtualFilterChain.doFilter(FilterChainProxy.java:334)
	at com.bjfu.fcro.config.handler.CustomizeOncePerRequestFilter.doFilterInternal(CustomizeOncePerRequestFilter.java:98)
	at org.springframework.web.filter.OncePerRequestFilter.doFilter(OncePerRequestFilter.java:119)
	at org.springframework.security.web.FilterChainProxy$VirtualFilterChain.doFilter(FilterChainProxy.java:334)
	at org.springframework.security.web.authentication.logout.LogoutFilter.doFilter(LogoutFilter.java:116)
	at org.springframework.security.web.FilterChainProxy$VirtualFilterChain.doFilter(FilterChainProxy.java:334)
	at org.springframework.web.filter.CorsFilter.doFilterInternal(CorsFilter.java:92)
	at org.springframework.web.filter.OncePerRequestFilter.doFilter(OncePerRequestFilter.java:119)
	at org.springframework.security.web.FilterChainProxy$VirtualFilterChain.doFilter(FilterChainProxy.java:334)
	at org.springframework.security.web.header.HeaderWriterFilter.doHeadersAfter(HeaderWriterFilter.java:92)
	at org.springframework.security.web.header.HeaderWriterFilter.doFilterInternal(HeaderWriterFilter.java:77)
	at org.springframework.web.filter.OncePerRequestFilter.doFilter(OncePerRequestFilter.java:119)
	at org.springframework.security.web.FilterChainProxy$VirtualFilterChain.doFilter(FilterChainProxy.java:334)
	at org.springframework.security.web.context.SecurityContextPersistenceFilter.doFilter(SecurityContextPersistenceFilter.java:105)
	at org.springframework.security.web.FilterChainProxy$VirtualFilterChain.doFilter(FilterChainProxy.java:334)
	at org.springframework.security.web.context.request.async.WebAsyncManagerIntegrationFilter.doFilterInternal(WebAsyncManagerIntegrationFilter.java:56)
	at org.springframework.web.filter.OncePerRequestFilter.doFilter(OncePerRequestFilter.java:119)
	at org.springframework.security.web.FilterChainProxy$VirtualFilterChain.doFilter(FilterChainProxy.java:334)
	at org.springframework.security.web.FilterChainProxy.doFilterInternal(FilterChainProxy.java:215)
	at org.springframework.security.web.FilterChainProxy.doFilter(FilterChainProxy.java:178)
	at org.springframework.web.filter.DelegatingFilterProxy.invokeDelegate(DelegatingFilterProxy.java:358)
	at org.springframework.web.filter.DelegatingFilterProxy.doFilter(DelegatingFilterProxy.java:271)
	at org.apache.catalina.core.ApplicationFilterChain.internalDoFilter(ApplicationFilterChain.java:193)
	at org.apache.catalina.core.ApplicationFilterChain.doFilter(ApplicationFilterChain.java:166)
	at org.springframework.web.filter.RequestContextFilter.doFilterInternal(RequestContextFilter.java:100)
	at org.springframework.web.filter.OncePerRequestFilter.doFilter(OncePerRequestFilter.java:119)
	at org.apache.catalina.core.ApplicationFilterChain.internalDoFilter(ApplicationFilterChain.java:193)
	at org.apache.catalina.core.ApplicationFilterChain.doFilter(ApplicationFilterChain.java:166)
	at org.springframework.web.filter.FormContentFilter.doFilterInternal(FormContentFilter.java:93)
	at org.springframework.web.filter.OncePerRequestFilter.doFilter(OncePerRequestFilter.java:119)
	at org.apache.catalina.core.ApplicationFilterChain.internalDoFilter(ApplicationFilterChain.java:193)
	at org.apache.catalina.core.ApplicationFilterChain.doFilter(ApplicationFilterChain.java:166)
	at org.springframework.web.filter.CharacterEncodingFilter.doFilterInternal(CharacterEncodingFilter.java:201)
	at org.springframework.web.filter.OncePerRequestFilter.doFilter(OncePerRequestFilter.java:119)
	at org.apache.catalina.core.ApplicationFilterChain.internalDoFilter(ApplicationFilterChain.java:193)
	at org.apache.catalina.core.ApplicationFilterChain.doFilter(ApplicationFilterChain.java:166)
	at org.apache.catalina.core.StandardWrapperValve.invoke(StandardWrapperValve.java:202)
	at org.apache.catalina.core.StandardContextValve.invoke(StandardContextValve.java:97)
	at org.apache.catalina.authenticator.AuthenticatorBase.invoke(AuthenticatorBase.java:541)
	at org.apache.catalina.core.StandardHostValve.invoke(StandardHostValve.java:143)
	at org.apache.catalina.valves.ErrorReportValve.invoke(ErrorReportValve.java:92)
	at org.apache.catalina.core.StandardEngineValve.invoke(StandardEngineValve.java:78)
	at org.apache.catalina.connector.CoyoteAdapter.service(CoyoteAdapter.java:343)
	at org.apache.coyote.http11.Http11Processor.service(Http11Processor.java:374)
	at org.apache.coyote.AbstractProcessorLight.process(AbstractProcessorLight.java:65)
	at org.apache.coyote.AbstractProtocol$ConnectionHandler.process(AbstractProtocol.java:868)
	at org.apache.tomcat.util.net.NioEndpoint$SocketProcessor.doRun(NioEndpoint.java:1590)
	at org.apache.tomcat.util.net.SocketProcessorBase.run(SocketProcessorBase.java:49)
	at java.util.concurrent.ThreadPoolExecutor.runWorker(ThreadPoolExecutor.java:1142)
	at java.util.concurrent.ThreadPoolExecutor$Worker.run(ThreadPoolExecutor.java:617)
	at org.apache.tomcat.util.threads.TaskThread$WrappingRunnable.run(TaskThread.java:61)
	at java.lang.Thread.run(Thread.java:745)
2020-12-19 22:00:14,530 WARN  [http-nio-7070-exec-3] org.springframework.web.servlet.mvc.method.annotation.ExceptionHandlerExceptionResolver : Resolved [org.springframework.web.bind.MissingServletRequestParameterException: Required int parameter 'size' is not present]
2020-12-19 22:00:50,111 ERROR [http-nio-7070-exec-5] com.bjfu.fcro.common.exception.GlobalExceptionHandler : 未知异常！原因是:
org.springframework.web.bind.MissingServletRequestParameterException: Required int parameter 'size' is not present
	at org.springframework.web.method.annotation.RequestParamMethodArgumentResolver.handleMissingValue(RequestParamMethodArgumentResolver.java:204)
	at org.springframework.web.method.annotation.AbstractNamedValueMethodArgumentResolver.resolveArgument(AbstractNamedValueMethodArgumentResolver.java:114)
	at org.springframework.web.method.support.HandlerMethodArgumentResolverComposite.resolveArgument(HandlerMethodArgumentResolverComposite.java:121)
	at org.springframework.web.method.support.InvocableHandlerMethod.getMethodArgumentValues(InvocableHandlerMethod.java:167)
	at org.springframework.web.method.support.InvocableHandlerMethod.invokeForRequest(InvocableHandlerMethod.java:134)
	at org.springframework.web.servlet.mvc.method.annotation.ServletInvocableHandlerMethod.invokeAndHandle(ServletInvocableHandlerMethod.java:105)
	at org.springframework.web.servlet.mvc.method.annotation.RequestMappingHandlerAdapter.invokeHandlerMethod(RequestMappingHandlerAdapter.java:878)
	at org.springframework.web.servlet.mvc.method.annotation.RequestMappingHandlerAdapter.handleInternal(RequestMappingHandlerAdapter.java:792)
	at org.springframework.web.servlet.mvc.method.AbstractHandlerMethodAdapter.handle(AbstractHandlerMethodAdapter.java:87)
	at org.springframework.web.servlet.DispatcherServlet.doDispatch(DispatcherServlet.java:1040)
	at org.springframework.web.servlet.DispatcherServlet.doService(DispatcherServlet.java:943)
	at org.springframework.web.servlet.FrameworkServlet.processRequest(FrameworkServlet.java:1006)
	at org.springframework.web.servlet.FrameworkServlet.doPost(FrameworkServlet.java:909)
	at javax.servlet.http.HttpServlet.service(HttpServlet.java:652)
	at org.springframework.web.servlet.FrameworkServlet.service(FrameworkServlet.java:883)
	at javax.servlet.http.HttpServlet.service(HttpServlet.java:733)
	at org.apache.catalina.core.ApplicationFilterChain.internalDoFilter(ApplicationFilterChain.java:231)
	at org.apache.catalina.core.ApplicationFilterChain.doFilter(ApplicationFilterChain.java:166)
	at org.apache.tomcat.websocket.server.WsFilter.doFilter(WsFilter.java:53)
	at org.apache.catalina.core.ApplicationFilterChain.internalDoFilter(ApplicationFilterChain.java:193)
	at org.apache.catalina.core.ApplicationFilterChain.doFilter(ApplicationFilterChain.java:166)
	at org.springframework.web.filter.OncePerRequestFilter.doFilter(OncePerRequestFilter.java:113)
	at org.apache.catalina.core.ApplicationFilterChain.internalDoFilter(ApplicationFilterChain.java:193)
	at org.apache.catalina.core.ApplicationFilterChain.doFilter(ApplicationFilterChain.java:166)
	at com.bjfu.fcro.config.handler.CustomizeAbstractSecurityInterceptor.invoke(CustomizeAbstractSecurityInterceptor.java:56)
	at com.bjfu.fcro.config.handler.CustomizeAbstractSecurityInterceptor.doFilter(CustomizeAbstractSecurityInterceptor.java:46)
	at org.apache.catalina.core.ApplicationFilterChain.internalDoFilter(ApplicationFilterChain.java:193)
	at org.apache.catalina.core.ApplicationFilterChain.doFilter(ApplicationFilterChain.java:166)
	at com.bjfu.fcro.config.fliter.VerifyCodeFilter.doFilter(VerifyCodeFilter.java:62)
	at org.apache.catalina.core.ApplicationFilterChain.internalDoFilter(ApplicationFilterChain.java:193)
	at org.apache.catalina.core.ApplicationFilterChain.doFilter(ApplicationFilterChain.java:166)
	at org.springframework.security.web.FilterChainProxy$VirtualFilterChain.doFilter(FilterChainProxy.java:320)
	at org.springframework.security.web.access.intercept.FilterSecurityInterceptor.invoke(FilterSecurityInterceptor.java:126)
	at org.springframework.security.web.access.intercept.FilterSecurityInterceptor.doFilter(FilterSecurityInterceptor.java:90)
	at org.springframework.security.web.FilterChainProxy$VirtualFilterChain.doFilter(FilterChainProxy.java:334)
	at org.springframework.security.web.access.ExceptionTranslationFilter.doFilter(ExceptionTranslationFilter.java:118)
	at org.springframework.security.web.FilterChainProxy$VirtualFilterChain.doFilter(FilterChainProxy.java:334)
	at org.springframework.security.web.session.SessionManagementFilter.doFilter(SessionManagementFilter.java:137)
	at org.springframework.security.web.FilterChainProxy$VirtualFilterChain.doFilter(FilterChainProxy.java:334)
	at org.springframework.security.web.authentication.AnonymousAuthenticationFilter.doFilter(AnonymousAuthenticationFilter.java:111)
	at org.springframework.security.web.FilterChainProxy$VirtualFilterChain.doFilter(FilterChainProxy.java:334)
	at org.springframework.security.web.servletapi.SecurityContextHolderAwareRequestFilter.doFilter(SecurityContextHolderAwareRequestFilter.java:158)
	at org.springframework.security.web.FilterChainProxy$VirtualFilterChain.doFilter(FilterChainProxy.java:334)
	at org.springframework.security.web.savedrequest.RequestCacheAwareFilter.doFilter(RequestCacheAwareFilter.java:63)
	at org.springframework.security.web.FilterChainProxy$VirtualFilterChain.doFilter(FilterChainProxy.java:334)
	at org.springframework.security.web.session.ConcurrentSessionFilter.doFilter(ConcurrentSessionFilter.java:152)
	at org.springframework.security.web.FilterChainProxy$VirtualFilterChain.doFilter(FilterChainProxy.java:334)
	at org.springframework.security.web.authentication.AbstractAuthenticationProcessingFilter.doFilter(AbstractAuthenticationProcessingFilter.java:200)
	at org.springframework.security.web.FilterChainProxy$VirtualFilterChain.doFilter(FilterChainProxy.java:334)
	at com.bjfu.fcro.config.handler.CustomizeOncePerRequestFilter.doFilterInternal(CustomizeOncePerRequestFilter.java:98)
	at org.springframework.web.filter.OncePerRequestFilter.doFilter(OncePerRequestFilter.java:119)
	at org.springframework.security.web.FilterChainProxy$VirtualFilterChain.doFilter(FilterChainProxy.java:334)
	at org.springframework.security.web.authentication.logout.LogoutFilter.doFilter(LogoutFilter.java:116)
	at org.springframework.security.web.FilterChainProxy$VirtualFilterChain.doFilter(FilterChainProxy.java:334)
	at org.springframework.web.filter.CorsFilter.doFilterInternal(CorsFilter.java:92)
	at org.springframework.web.filter.OncePerRequestFilter.doFilter(OncePerRequestFilter.java:119)
	at org.springframework.security.web.FilterChainProxy$VirtualFilterChain.doFilter(FilterChainProxy.java:334)
	at org.springframework.security.web.header.HeaderWriterFilter.doHeadersAfter(HeaderWriterFilter.java:92)
	at org.springframework.security.web.header.HeaderWriterFilter.doFilterInternal(HeaderWriterFilter.java:77)
	at org.springframework.web.filter.OncePerRequestFilter.doFilter(OncePerRequestFilter.java:119)
	at org.springframework.security.web.FilterChainProxy$VirtualFilterChain.doFilter(FilterChainProxy.java:334)
	at org.springframework.security.web.context.SecurityContextPersistenceFilter.doFilter(SecurityContextPersistenceFilter.java:105)
	at org.springframework.security.web.FilterChainProxy$VirtualFilterChain.doFilter(FilterChainProxy.java:334)
	at org.springframework.security.web.context.request.async.WebAsyncManagerIntegrationFilter.doFilterInternal(WebAsyncManagerIntegrationFilter.java:56)
	at org.springframework.web.filter.OncePerRequestFilter.doFilter(OncePerRequestFilter.java:119)
	at org.springframework.security.web.FilterChainProxy$VirtualFilterChain.doFilter(FilterChainProxy.java:334)
	at org.springframework.security.web.FilterChainProxy.doFilterInternal(FilterChainProxy.java:215)
	at org.springframework.security.web.FilterChainProxy.doFilter(FilterChainProxy.java:178)
	at org.springframework.web.filter.DelegatingFilterProxy.invokeDelegate(DelegatingFilterProxy.java:358)
	at org.springframework.web.filter.DelegatingFilterProxy.doFilter(DelegatingFilterProxy.java:271)
	at org.apache.catalina.core.ApplicationFilterChain.internalDoFilter(ApplicationFilterChain.java:193)
	at org.apache.catalina.core.ApplicationFilterChain.doFilter(ApplicationFilterChain.java:166)
	at org.springframework.web.filter.RequestContextFilter.doFilterInternal(RequestContextFilter.java:100)
	at org.springframework.web.filter.OncePerRequestFilter.doFilter(OncePerRequestFilter.java:119)
	at org.apache.catalina.core.ApplicationFilterChain.internalDoFilter(ApplicationFilterChain.java:193)
	at org.apache.catalina.core.ApplicationFilterChain.doFilter(ApplicationFilterChain.java:166)
	at org.springframework.web.filter.FormContentFilter.doFilterInternal(FormContentFilter.java:93)
	at org.springframework.web.filter.OncePerRequestFilter.doFilter(OncePerRequestFilter.java:119)
	at org.apache.catalina.core.ApplicationFilterChain.internalDoFilter(ApplicationFilterChain.java:193)
	at org.apache.catalina.core.ApplicationFilterChain.doFilter(ApplicationFilterChain.java:166)
	at org.springframework.web.filter.CharacterEncodingFilter.doFilterInternal(CharacterEncodingFilter.java:201)
	at org.springframework.web.filter.OncePerRequestFilter.doFilter(OncePerRequestFilter.java:119)
	at org.apache.catalina.core.ApplicationFilterChain.internalDoFilter(ApplicationFilterChain.java:193)
	at org.apache.catalina.core.ApplicationFilterChain.doFilter(ApplicationFilterChain.java:166)
	at org.apache.catalina.core.StandardWrapperValve.invoke(StandardWrapperValve.java:202)
	at org.apache.catalina.core.StandardContextValve.invoke(StandardContextValve.java:97)
	at org.apache.catalina.authenticator.AuthenticatorBase.invoke(AuthenticatorBase.java:541)
	at org.apache.catalina.core.StandardHostValve.invoke(StandardHostValve.java:143)
	at org.apache.catalina.valves.ErrorReportValve.invoke(ErrorReportValve.java:92)
	at org.apache.catalina.core.StandardEngineValve.invoke(StandardEngineValve.java:78)
	at org.apache.catalina.connector.CoyoteAdapter.service(CoyoteAdapter.java:343)
	at org.apache.coyote.http11.Http11Processor.service(Http11Processor.java:374)
	at org.apache.coyote.AbstractProcessorLight.process(AbstractProcessorLight.java:65)
	at org.apache.coyote.AbstractProtocol$ConnectionHandler.process(AbstractProtocol.java:868)
	at org.apache.tomcat.util.net.NioEndpoint$SocketProcessor.doRun(NioEndpoint.java:1590)
	at org.apache.tomcat.util.net.SocketProcessorBase.run(SocketProcessorBase.java:49)
	at java.util.concurrent.ThreadPoolExecutor.runWorker(ThreadPoolExecutor.java:1142)
	at java.util.concurrent.ThreadPoolExecutor$Worker.run(ThreadPoolExecutor.java:617)
	at org.apache.tomcat.util.threads.TaskThread$WrappingRunnable.run(TaskThread.java:61)
	at java.lang.Thread.run(Thread.java:745)
2020-12-19 22:00:50,118 WARN  [http-nio-7070-exec-5] org.springframework.web.servlet.mvc.method.annotation.ExceptionHandlerExceptionResolver : Resolved [org.springframework.web.bind.MissingServletRequestParameterException: Required int parameter 'size' is not present]
2020-12-19 22:16:54,088 INFO  [restartedMain] com.bjfu.fcro.FoodcheckRouteoptiApplication : Starting FoodcheckRouteoptiApplication on DESKTOP-FVOEJCM with PID 2640 (E:\ltx\foodcheck_routeopti\target\classes started by ltx in E:\ltx\foodcheck_routeopti)
2020-12-19 22:16:54,096 INFO  [restartedMain] com.bjfu.fcro.FoodcheckRouteoptiApplication : No active profile set, falling back to default profiles: default
2020-12-19 22:16:54,150 INFO  [restartedMain] org.springframework.boot.devtools.env.DevToolsPropertyDefaultsPostProcessor : Devtools property defaults active! Set 'spring.devtools.add-properties' to 'false' to disable
2020-12-19 22:16:54,150 INFO  [restartedMain] org.springframework.boot.devtools.env.DevToolsPropertyDefaultsPostProcessor : For additional web related logging consider setting the 'logging.level.web' property to 'DEBUG'
2020-12-19 22:16:54,814 INFO  [restartedMain] org.springframework.data.repository.config.RepositoryConfigurationDelegate : Multiple Spring Data modules found, entering strict repository configuration mode!
2020-12-19 22:16:54,814 INFO  [restartedMain] org.springframework.data.repository.config.RepositoryConfigurationDelegate : Bootstrapping Spring Data JDBC repositories in DEFAULT mode.
2020-12-19 22:16:54,859 INFO  [restartedMain] org.springframework.data.repository.config.RepositoryConfigurationDelegate : Finished Spring Data repository scanning in 40ms. Found 0 JDBC repository interfaces.
2020-12-19 22:16:54,871 INFO  [restartedMain] org.springframework.data.repository.config.RepositoryConfigurationDelegate : Multiple Spring Data modules found, entering strict repository configuration mode!
2020-12-19 22:16:54,872 INFO  [restartedMain] org.springframework.data.repository.config.RepositoryConfigurationDelegate : Bootstrapping Spring Data Redis repositories in DEFAULT mode.
2020-12-19 22:16:54,897 INFO  [restartedMain] org.springframework.data.repository.config.RepositoryConfigurationDelegate : Finished Spring Data repository scanning in 18ms. Found 0 Redis repository interfaces.
2020-12-19 22:16:55,435 INFO  [restartedMain] org.springframework.boot.web.embedded.tomcat.TomcatWebServer : Tomcat initialized with port(s): 7070 (http)
2020-12-19 22:16:55,443 INFO  [restartedMain] org.apache.catalina.core.StandardService : Starting service [Tomcat]
2020-12-19 22:16:55,443 INFO  [restartedMain] org.apache.catalina.core.StandardEngine : Starting Servlet engine: [Apache Tomcat/9.0.38]
2020-12-19 22:16:55,598 INFO  [restartedMain] org.apache.catalina.core.ContainerBase.[Tomcat].[localhost].[/] : Initializing Spring embedded WebApplicationContext
2020-12-19 22:16:55,598 INFO  [restartedMain] org.springframework.boot.web.servlet.context.ServletWebServerApplicationContext : Root WebApplicationContext: initialization completed in 1448 ms
2020-12-19 22:16:55,809 WARN  [restartedMain] com.bjfu.fcro.config.handler.CustomizeAbstractSecurityInterceptor : Could not validate configuration attributes as the SecurityMetadataSource did not return any attributes from getAllConfigAttributes()
2020-12-19 22:16:56,141 INFO  [restartedMain] org.springframework.boot.autoconfigure.web.servlet.WelcomePageHandlerMapping : Adding welcome page: class path resource [static/index.html]
2020-12-19 22:16:56,270 INFO  [restartedMain] org.springframework.security.web.DefaultSecurityFilterChain : Creating filter chain: any request, [org.springframework.security.web.context.request.async.WebAsyncManagerIntegrationFilter@2978b517, org.springframework.security.web.context.SecurityContextPersistenceFilter@7cbb3b78, org.springframework.security.web.header.HeaderWriterFilter@74ee741d, org.springframework.web.filter.CorsFilter@73cf7d12, org.springframework.security.web.authentication.logout.LogoutFilter@740f5535, com.bjfu.fcro.config.handler.CustomizeOncePerRequestFilter@67ece79c, org.springframework.security.web.authentication.UsernamePasswordAuthenticationFilter@3b8d396, org.springframework.security.web.session.ConcurrentSessionFilter@75bc067f, org.springframework.security.web.savedrequest.RequestCacheAwareFilter@48f82c3a, org.springframework.security.web.servletapi.SecurityContextHolderAwareRequestFilter@1402e8a2, org.springframework.security.web.authentication.AnonymousAuthenticationFilter@3fdf7492, org.springframework.security.web.session.SessionManagementFilter@6374ea4e, org.springframework.security.web.access.ExceptionTranslationFilter@8ba2662, org.springframework.security.web.access.intercept.FilterSecurityInterceptor@23244512]
2020-12-19 22:16:56,307 INFO  [restartedMain] org.springframework.scheduling.concurrent.ThreadPoolTaskExecutor : Initializing ExecutorService 'applicationTaskExecutor'
2020-12-19 22:16:56,647 INFO  [restartedMain] com.alibaba.druid.pool.DruidDataSource : {dataSource-1} inited
2020-12-19 22:16:56,880 INFO  [restartedMain] org.springframework.boot.devtools.autoconfigure.OptionalLiveReloadServer : LiveReload server is running on port 35729
2020-12-19 22:16:56,914 INFO  [restartedMain] org.springframework.boot.web.embedded.tomcat.TomcatWebServer : Tomcat started on port(s): 7070 (http) with context path ''
2020-12-19 22:16:56,924 INFO  [restartedMain] com.bjfu.fcro.FoodcheckRouteoptiApplication : Started FoodcheckRouteoptiApplication in 3.299 seconds (JVM running for 4.428)
2020-12-19 22:18:31,421 INFO  [http-nio-7070-exec-1] org.apache.catalina.core.ContainerBase.[Tomcat].[localhost].[/] : Initializing Spring DispatcherServlet 'dispatcherServlet'
2020-12-19 22:18:31,421 INFO  [http-nio-7070-exec-1] org.springframework.web.servlet.DispatcherServlet : Initializing Servlet 'dispatcherServlet'
2020-12-19 22:18:31,427 INFO  [http-nio-7070-exec-1] org.springframework.web.servlet.DispatcherServlet : Completed initialization in 5 ms
2020-12-19 22:19:44,996 INFO  [restartedMain] com.bjfu.fcro.FoodcheckRouteoptiApplication : Starting FoodcheckRouteoptiApplication on DESKTOP-FVOEJCM with PID 16736 (E:\ltx\foodcheck_routeopti\target\classes started by ltx in E:\ltx\foodcheck_routeopti)
2020-12-19 22:19:45,001 INFO  [restartedMain] com.bjfu.fcro.FoodcheckRouteoptiApplication : No active profile set, falling back to default profiles: default
2020-12-19 22:19:45,101 INFO  [restartedMain] org.springframework.boot.devtools.env.DevToolsPropertyDefaultsPostProcessor : Devtools property defaults active! Set 'spring.devtools.add-properties' to 'false' to disable
2020-12-19 22:19:45,103 INFO  [restartedMain] org.springframework.boot.devtools.env.DevToolsPropertyDefaultsPostProcessor : For additional web related logging consider setting the 'logging.level.web' property to 'DEBUG'
2020-12-19 22:19:45,944 INFO  [restartedMain] org.springframework.data.repository.config.RepositoryConfigurationDelegate : Multiple Spring Data modules found, entering strict repository configuration mode!
2020-12-19 22:19:45,945 INFO  [restartedMain] org.springframework.data.repository.config.RepositoryConfigurationDelegate : Bootstrapping Spring Data JDBC repositories in DEFAULT mode.
2020-12-19 22:19:45,997 INFO  [restartedMain] org.springframework.data.repository.config.RepositoryConfigurationDelegate : Finished Spring Data repository scanning in 47ms. Found 0 JDBC repository interfaces.
2020-12-19 22:19:46,016 INFO  [restartedMain] org.springframework.data.repository.config.RepositoryConfigurationDelegate : Multiple Spring Data modules found, entering strict repository configuration mode!
2020-12-19 22:19:46,017 INFO  [restartedMain] org.springframework.data.repository.config.RepositoryConfigurationDelegate : Bootstrapping Spring Data Redis repositories in DEFAULT mode.
2020-12-19 22:19:46,052 INFO  [restartedMain] org.springframework.data.repository.config.RepositoryConfigurationDelegate : Finished Spring Data repository scanning in 25ms. Found 0 Redis repository interfaces.
2020-12-19 22:19:46,644 INFO  [restartedMain] org.springframework.boot.web.embedded.tomcat.TomcatWebServer : Tomcat initialized with port(s): 7070 (http)
2020-12-19 22:19:46,658 INFO  [restartedMain] org.apache.catalina.core.StandardService : Starting service [Tomcat]
2020-12-19 22:19:46,659 INFO  [restartedMain] org.apache.catalina.core.StandardEngine : Starting Servlet engine: [Apache Tomcat/9.0.38]
2020-12-19 22:19:46,802 INFO  [restartedMain] org.apache.catalina.core.ContainerBase.[Tomcat].[localhost].[/] : Initializing Spring embedded WebApplicationContext
2020-12-19 22:19:46,802 INFO  [restartedMain] org.springframework.boot.web.servlet.context.ServletWebServerApplicationContext : Root WebApplicationContext: initialization completed in 1699 ms
2020-12-19 22:19:47,036 WARN  [restartedMain] com.bjfu.fcro.config.handler.CustomizeAbstractSecurityInterceptor : Could not validate configuration attributes as the SecurityMetadataSource did not return any attributes from getAllConfigAttributes()
2020-12-19 22:19:47,430 INFO  [restartedMain] org.springframework.boot.autoconfigure.web.servlet.WelcomePageHandlerMapping : Adding welcome page: class path resource [static/index.html]
2020-12-19 22:19:47,586 INFO  [restartedMain] org.springframework.security.web.DefaultSecurityFilterChain : Creating filter chain: any request, [org.springframework.security.web.context.request.async.WebAsyncManagerIntegrationFilter@3f0185d6, org.springframework.security.web.context.SecurityContextPersistenceFilter@c70f957, org.springframework.security.web.header.HeaderWriterFilter@1ad2b151, org.springframework.web.filter.CorsFilter@6f232f74, org.springframework.security.web.authentication.logout.LogoutFilter@c57ee0c, com.bjfu.fcro.config.handler.CustomizeOncePerRequestFilter@1e922710, org.springframework.security.web.authentication.UsernamePasswordAuthenticationFilter@77b26f2, org.springframework.security.web.session.ConcurrentSessionFilter@25b732e0, org.springframework.security.web.savedrequest.RequestCacheAwareFilter@685c749, org.springframework.security.web.servletapi.SecurityContextHolderAwareRequestFilter@7c427684, org.springframework.security.web.authentication.AnonymousAuthenticationFilter@3f1f6400, org.springframework.security.web.session.SessionManagementFilter@7367d58c, org.springframework.security.web.access.ExceptionTranslationFilter@1afd7a67, org.springframework.security.web.access.intercept.FilterSecurityInterceptor@38dcdc01]
2020-12-19 22:19:47,628 INFO  [restartedMain] org.springframework.scheduling.concurrent.ThreadPoolTaskExecutor : Initializing ExecutorService 'applicationTaskExecutor'
2020-12-19 22:19:48,022 INFO  [restartedMain] com.alibaba.druid.pool.DruidDataSource : {dataSource-1} inited
2020-12-19 22:19:48,277 INFO  [restartedMain] org.springframework.boot.devtools.autoconfigure.OptionalLiveReloadServer : LiveReload server is running on port 35729
2020-12-19 22:19:48,317 INFO  [restartedMain] org.springframework.boot.web.embedded.tomcat.TomcatWebServer : Tomcat started on port(s): 7070 (http) with context path ''
2020-12-19 22:19:48,328 INFO  [restartedMain] com.bjfu.fcro.FoodcheckRouteoptiApplication : Started FoodcheckRouteoptiApplication in 4.153 seconds (JVM running for 5.466)
2020-12-19 22:19:54,461 INFO  [http-nio-7070-exec-1] org.apache.catalina.core.ContainerBase.[Tomcat].[localhost].[/] : Initializing Spring DispatcherServlet 'dispatcherServlet'
2020-12-19 22:19:54,462 INFO  [http-nio-7070-exec-1] org.springframework.web.servlet.DispatcherServlet : Initializing Servlet 'dispatcherServlet'
2020-12-19 22:19:54,468 INFO  [http-nio-7070-exec-1] org.springframework.web.servlet.DispatcherServlet : Completed initialization in 6 ms
2020-12-19 23:00:47,260 INFO  [restartedMain] com.bjfu.fcro.FoodcheckRouteoptiApplication : Starting FoodcheckRouteoptiApplication on DESKTOP-FVOEJCM with PID 7768 (E:\ltx\foodcheck_routeopti\target\classes started by ltx in E:\ltx\foodcheck_routeopti)
2020-12-19 23:00:47,270 INFO  [restartedMain] com.bjfu.fcro.FoodcheckRouteoptiApplication : No active profile set, falling back to default profiles: default
2020-12-19 23:00:47,334 INFO  [restartedMain] org.springframework.boot.devtools.env.DevToolsPropertyDefaultsPostProcessor : Devtools property defaults active! Set 'spring.devtools.add-properties' to 'false' to disable
2020-12-19 23:00:47,334 INFO  [restartedMain] org.springframework.boot.devtools.env.DevToolsPropertyDefaultsPostProcessor : For additional web related logging consider setting the 'logging.level.web' property to 'DEBUG'
2020-12-19 23:00:47,976 INFO  [restartedMain] org.springframework.data.repository.config.RepositoryConfigurationDelegate : Multiple Spring Data modules found, entering strict repository configuration mode!
2020-12-19 23:00:47,977 INFO  [restartedMain] org.springframework.data.repository.config.RepositoryConfigurationDelegate : Bootstrapping Spring Data JDBC repositories in DEFAULT mode.
2020-12-19 23:00:48,017 INFO  [restartedMain] org.springframework.data.repository.config.RepositoryConfigurationDelegate : Finished Spring Data repository scanning in 37ms. Found 0 JDBC repository interfaces.
2020-12-19 23:00:48,029 INFO  [restartedMain] org.springframework.data.repository.config.RepositoryConfigurationDelegate : Multiple Spring Data modules found, entering strict repository configuration mode!
2020-12-19 23:00:48,030 INFO  [restartedMain] org.springframework.data.repository.config.RepositoryConfigurationDelegate : Bootstrapping Spring Data Redis repositories in DEFAULT mode.
2020-12-19 23:00:48,055 INFO  [restartedMain] org.springframework.data.repository.config.RepositoryConfigurationDelegate : Finished Spring Data repository scanning in 18ms. Found 0 Redis repository interfaces.
2020-12-19 23:00:48,583 INFO  [restartedMain] org.springframework.boot.web.embedded.tomcat.TomcatWebServer : Tomcat initialized with port(s): 7070 (http)
2020-12-19 23:00:48,591 INFO  [restartedMain] org.apache.catalina.core.StandardService : Starting service [Tomcat]
2020-12-19 23:00:48,592 INFO  [restartedMain] org.apache.catalina.core.StandardEngine : Starting Servlet engine: [Apache Tomcat/9.0.38]
2020-12-19 23:00:48,710 INFO  [restartedMain] org.apache.catalina.core.ContainerBase.[Tomcat].[localhost].[/] : Initializing Spring embedded WebApplicationContext
2020-12-19 23:00:48,710 INFO  [restartedMain] org.springframework.boot.web.servlet.context.ServletWebServerApplicationContext : Root WebApplicationContext: initialization completed in 1376 ms
2020-12-19 23:00:48,927 WARN  [restartedMain] com.bjfu.fcro.config.handler.CustomizeAbstractSecurityInterceptor : Could not validate configuration attributes as the SecurityMetadataSource did not return any attributes from getAllConfigAttributes()
2020-12-19 23:00:49,263 INFO  [restartedMain] org.springframework.boot.autoconfigure.web.servlet.WelcomePageHandlerMapping : Adding welcome page: class path resource [static/index.html]
2020-12-19 23:00:49,391 INFO  [restartedMain] org.springframework.security.web.DefaultSecurityFilterChain : Creating filter chain: any request, [org.springframework.security.web.context.request.async.WebAsyncManagerIntegrationFilter@3c7838da, org.springframework.security.web.context.SecurityContextPersistenceFilter@3afaac5d, org.springframework.security.web.header.HeaderWriterFilter@705bba45, org.springframework.web.filter.CorsFilter@10b845d9, org.springframework.security.web.authentication.logout.LogoutFilter@2025f29f, com.bjfu.fcro.config.handler.CustomizeOncePerRequestFilter@52bc7ff3, org.springframework.security.web.authentication.UsernamePasswordAuthenticationFilter@3609c84f, org.springframework.security.web.session.ConcurrentSessionFilter@4866832c, org.springframework.security.web.savedrequest.RequestCacheAwareFilter@2dfcfa53, org.springframework.security.web.servletapi.SecurityContextHolderAwareRequestFilter@4f413e93, org.springframework.security.web.authentication.AnonymousAuthenticationFilter@722bff11, org.springframework.security.web.session.SessionManagementFilter@738ee667, org.springframework.security.web.access.ExceptionTranslationFilter@5a02320f, org.springframework.security.web.access.intercept.FilterSecurityInterceptor@2b52b224]
2020-12-19 23:00:49,427 INFO  [restartedMain] org.springframework.scheduling.concurrent.ThreadPoolTaskExecutor : Initializing ExecutorService 'applicationTaskExecutor'
2020-12-19 23:00:49,749 INFO  [restartedMain] com.alibaba.druid.pool.DruidDataSource : {dataSource-1} inited
2020-12-19 23:00:49,976 INFO  [restartedMain] org.springframework.boot.devtools.autoconfigure.OptionalLiveReloadServer : LiveReload server is running on port 35729
2020-12-19 23:00:50,010 INFO  [restartedMain] org.springframework.boot.web.embedded.tomcat.TomcatWebServer : Tomcat started on port(s): 7070 (http) with context path ''
2020-12-19 23:00:50,020 INFO  [restartedMain] com.bjfu.fcro.FoodcheckRouteoptiApplication : Started FoodcheckRouteoptiApplication in 3.367 seconds (JVM running for 4.38)
2020-12-19 23:01:26,568 INFO  [http-nio-7070-exec-1] org.apache.catalina.core.ContainerBase.[Tomcat].[localhost].[/] : Initializing Spring DispatcherServlet 'dispatcherServlet'
2020-12-19 23:01:26,569 INFO  [http-nio-7070-exec-1] org.springframework.web.servlet.DispatcherServlet : Initializing Servlet 'dispatcherServlet'
2020-12-19 23:01:26,575 INFO  [http-nio-7070-exec-1] org.springframework.web.servlet.DispatcherServlet : Completed initialization in 6 ms
2020-12-19 23:01:27,084 ERROR [http-nio-7070-exec-2] com.bjfu.fcro.common.exception.GlobalExceptionHandler : 未知异常！原因是:
org.springframework.web.method.annotation.MethodArgumentTypeMismatchException: Failed to convert value of type 'java.lang.String' to required type 'int'; nested exception is java.lang.NumberFormatException: For input string: "每个账号分配一个抽检员"
	at org.springframework.web.method.annotation.AbstractNamedValueMethodArgumentResolver.resolveArgument(AbstractNamedValueMethodArgumentResolver.java:133)
	at org.springframework.web.method.support.HandlerMethodArgumentResolverComposite.resolveArgument(HandlerMethodArgumentResolverComposite.java:121)
	at org.springframework.web.method.support.InvocableHandlerMethod.getMethodArgumentValues(InvocableHandlerMethod.java:167)
	at org.springframework.web.method.support.InvocableHandlerMethod.invokeForRequest(InvocableHandlerMethod.java:134)
	at org.springframework.web.servlet.mvc.method.annotation.ServletInvocableHandlerMethod.invokeAndHandle(ServletInvocableHandlerMethod.java:105)
	at org.springframework.web.servlet.mvc.method.annotation.RequestMappingHandlerAdapter.invokeHandlerMethod(RequestMappingHandlerAdapter.java:878)
	at org.springframework.web.servlet.mvc.method.annotation.RequestMappingHandlerAdapter.handleInternal(RequestMappingHandlerAdapter.java:792)
	at org.springframework.web.servlet.mvc.method.AbstractHandlerMethodAdapter.handle(AbstractHandlerMethodAdapter.java:87)
	at org.springframework.web.servlet.DispatcherServlet.doDispatch(DispatcherServlet.java:1040)
	at org.springframework.web.servlet.DispatcherServlet.doService(DispatcherServlet.java:943)
	at org.springframework.web.servlet.FrameworkServlet.processRequest(FrameworkServlet.java:1006)
	at org.springframework.web.servlet.FrameworkServlet.doPost(FrameworkServlet.java:909)
	at javax.servlet.http.HttpServlet.service(HttpServlet.java:652)
	at org.springframework.web.servlet.FrameworkServlet.service(FrameworkServlet.java:883)
	at javax.servlet.http.HttpServlet.service(HttpServlet.java:733)
	at org.apache.catalina.core.ApplicationFilterChain.internalDoFilter(ApplicationFilterChain.java:231)
	at org.apache.catalina.core.ApplicationFilterChain.doFilter(ApplicationFilterChain.java:166)
	at org.apache.tomcat.websocket.server.WsFilter.doFilter(WsFilter.java:53)
	at org.apache.catalina.core.ApplicationFilterChain.internalDoFilter(ApplicationFilterChain.java:193)
	at org.apache.catalina.core.ApplicationFilterChain.doFilter(ApplicationFilterChain.java:166)
	at org.springframework.web.filter.OncePerRequestFilter.doFilter(OncePerRequestFilter.java:113)
	at org.apache.catalina.core.ApplicationFilterChain.internalDoFilter(ApplicationFilterChain.java:193)
	at org.apache.catalina.core.ApplicationFilterChain.doFilter(ApplicationFilterChain.java:166)
	at com.bjfu.fcro.config.handler.CustomizeAbstractSecurityInterceptor.invoke(CustomizeAbstractSecurityInterceptor.java:56)
	at com.bjfu.fcro.config.handler.CustomizeAbstractSecurityInterceptor.doFilter(CustomizeAbstractSecurityInterceptor.java:46)
	at org.apache.catalina.core.ApplicationFilterChain.internalDoFilter(ApplicationFilterChain.java:193)
	at org.apache.catalina.core.ApplicationFilterChain.doFilter(ApplicationFilterChain.java:166)
	at com.bjfu.fcro.config.fliter.VerifyCodeFilter.doFilter(VerifyCodeFilter.java:62)
	at org.apache.catalina.core.ApplicationFilterChain.internalDoFilter(ApplicationFilterChain.java:193)
	at org.apache.catalina.core.ApplicationFilterChain.doFilter(ApplicationFilterChain.java:166)
	at org.springframework.security.web.FilterChainProxy$VirtualFilterChain.doFilter(FilterChainProxy.java:320)
	at org.springframework.security.web.access.intercept.FilterSecurityInterceptor.invoke(FilterSecurityInterceptor.java:126)
	at org.springframework.security.web.access.intercept.FilterSecurityInterceptor.doFilter(FilterSecurityInterceptor.java:90)
	at org.springframework.security.web.FilterChainProxy$VirtualFilterChain.doFilter(FilterChainProxy.java:334)
	at org.springframework.security.web.access.ExceptionTranslationFilter.doFilter(ExceptionTranslationFilter.java:118)
	at org.springframework.security.web.FilterChainProxy$VirtualFilterChain.doFilter(FilterChainProxy.java:334)
	at org.springframework.security.web.session.SessionManagementFilter.doFilter(SessionManagementFilter.java:137)
	at org.springframework.security.web.FilterChainProxy$VirtualFilterChain.doFilter(FilterChainProxy.java:334)
	at org.springframework.security.web.authentication.AnonymousAuthenticationFilter.doFilter(AnonymousAuthenticationFilter.java:111)
	at org.springframework.security.web.FilterChainProxy$VirtualFilterChain.doFilter(FilterChainProxy.java:334)
	at org.springframework.security.web.servletapi.SecurityContextHolderAwareRequestFilter.doFilter(SecurityContextHolderAwareRequestFilter.java:158)
	at org.springframework.security.web.FilterChainProxy$VirtualFilterChain.doFilter(FilterChainProxy.java:334)
	at org.springframework.security.web.savedrequest.RequestCacheAwareFilter.doFilter(RequestCacheAwareFilter.java:63)
	at org.springframework.security.web.FilterChainProxy$VirtualFilterChain.doFilter(FilterChainProxy.java:334)
	at org.springframework.security.web.session.ConcurrentSessionFilter.doFilter(ConcurrentSessionFilter.java:152)
	at org.springframework.security.web.FilterChainProxy$VirtualFilterChain.doFilter(FilterChainProxy.java:334)
	at org.springframework.security.web.authentication.AbstractAuthenticationProcessingFilter.doFilter(AbstractAuthenticationProcessingFilter.java:200)
	at org.springframework.security.web.FilterChainProxy$VirtualFilterChain.doFilter(FilterChainProxy.java:334)
	at com.bjfu.fcro.config.handler.CustomizeOncePerRequestFilter.doFilterInternal(CustomizeOncePerRequestFilter.java:98)
	at org.springframework.web.filter.OncePerRequestFilter.doFilter(OncePerRequestFilter.java:119)
	at org.springframework.security.web.FilterChainProxy$VirtualFilterChain.doFilter(FilterChainProxy.java:334)
	at org.springframework.security.web.authentication.logout.LogoutFilter.doFilter(LogoutFilter.java:116)
	at org.springframework.security.web.FilterChainProxy$VirtualFilterChain.doFilter(FilterChainProxy.java:334)
	at org.springframework.web.filter.CorsFilter.doFilterInternal(CorsFilter.java:92)
	at org.springframework.web.filter.OncePerRequestFilter.doFilter(OncePerRequestFilter.java:119)
	at org.springframework.security.web.FilterChainProxy$VirtualFilterChain.doFilter(FilterChainProxy.java:334)
	at org.springframework.security.web.header.HeaderWriterFilter.doHeadersAfter(HeaderWriterFilter.java:92)
	at org.springframework.security.web.header.HeaderWriterFilter.doFilterInternal(HeaderWriterFilter.java:77)
	at org.springframework.web.filter.OncePerRequestFilter.doFilter(OncePerRequestFilter.java:119)
	at org.springframework.security.web.FilterChainProxy$VirtualFilterChain.doFilter(FilterChainProxy.java:334)
	at org.springframework.security.web.context.SecurityContextPersistenceFilter.doFilter(SecurityContextPersistenceFilter.java:105)
	at org.springframework.security.web.FilterChainProxy$VirtualFilterChain.doFilter(FilterChainProxy.java:334)
	at org.springframework.security.web.context.request.async.WebAsyncManagerIntegrationFilter.doFilterInternal(WebAsyncManagerIntegrationFilter.java:56)
	at org.springframework.web.filter.OncePerRequestFilter.doFilter(OncePerRequestFilter.java:119)
	at org.springframework.security.web.FilterChainProxy$VirtualFilterChain.doFilter(FilterChainProxy.java:334)
	at org.springframework.security.web.FilterChainProxy.doFilterInternal(FilterChainProxy.java:215)
	at org.springframework.security.web.FilterChainProxy.doFilter(FilterChainProxy.java:178)
	at org.springframework.web.filter.DelegatingFilterProxy.invokeDelegate(DelegatingFilterProxy.java:358)
	at org.springframework.web.filter.DelegatingFilterProxy.doFilter(DelegatingFilterProxy.java:271)
	at org.apache.catalina.core.ApplicationFilterChain.internalDoFilter(ApplicationFilterChain.java:193)
	at org.apache.catalina.core.ApplicationFilterChain.doFilter(ApplicationFilterChain.java:166)
	at org.springframework.web.filter.RequestContextFilter.doFilterInternal(RequestContextFilter.java:100)
	at org.springframework.web.filter.OncePerRequestFilter.doFilter(OncePerRequestFilter.java:119)
	at org.apache.catalina.core.ApplicationFilterChain.internalDoFilter(ApplicationFilterChain.java:193)
	at org.apache.catalina.core.ApplicationFilterChain.doFilter(ApplicationFilterChain.java:166)
	at org.springframework.web.filter.FormContentFilter.doFilterInternal(FormContentFilter.java:93)
	at org.springframework.web.filter.OncePerRequestFilter.doFilter(OncePerRequestFilter.java:119)
	at org.apache.catalina.core.ApplicationFilterChain.internalDoFilter(ApplicationFilterChain.java:193)
	at org.apache.catalina.core.ApplicationFilterChain.doFilter(ApplicationFilterChain.java:166)
	at org.springframework.web.filter.CharacterEncodingFilter.doFilterInternal(CharacterEncodingFilter.java:201)
	at org.springframework.web.filter.OncePerRequestFilter.doFilter(OncePerRequestFilter.java:119)
	at org.apache.catalina.core.ApplicationFilterChain.internalDoFilter(ApplicationFilterChain.java:193)
	at org.apache.catalina.core.ApplicationFilterChain.doFilter(ApplicationFilterChain.java:166)
	at org.apache.catalina.core.StandardWrapperValve.invoke(StandardWrapperValve.java:202)
	at org.apache.catalina.core.StandardContextValve.invoke(StandardContextValve.java:97)
	at org.apache.catalina.authenticator.AuthenticatorBase.invoke(AuthenticatorBase.java:541)
	at org.apache.catalina.core.StandardHostValve.invoke(StandardHostValve.java:143)
	at org.apache.catalina.valves.ErrorReportValve.invoke(ErrorReportValve.java:92)
	at org.apache.catalina.core.StandardEngineValve.invoke(StandardEngineValve.java:78)
	at org.apache.catalina.connector.CoyoteAdapter.service(CoyoteAdapter.java:343)
	at org.apache.coyote.http11.Http11Processor.service(Http11Processor.java:374)
	at org.apache.coyote.AbstractProcessorLight.process(AbstractProcessorLight.java:65)
	at org.apache.coyote.AbstractProtocol$ConnectionHandler.process(AbstractProtocol.java:868)
	at org.apache.tomcat.util.net.NioEndpoint$SocketProcessor.doRun(NioEndpoint.java:1590)
	at org.apache.tomcat.util.net.SocketProcessorBase.run(SocketProcessorBase.java:49)
	at java.util.concurrent.ThreadPoolExecutor.runWorker(ThreadPoolExecutor.java:1142)
	at java.util.concurrent.ThreadPoolExecutor$Worker.run(ThreadPoolExecutor.java:617)
	at org.apache.tomcat.util.threads.TaskThread$WrappingRunnable.run(TaskThread.java:61)
	at java.lang.Thread.run(Thread.java:745)
Caused by: java.lang.NumberFormatException: For input string: "每个账号分配一个抽检员"
	at java.lang.NumberFormatException.forInputString(NumberFormatException.java:65)
	at java.lang.Integer.parseInt(Integer.java:580)
	at java.lang.Integer.valueOf(Integer.java:766)
	at org.springframework.util.NumberUtils.parseNumber(NumberUtils.java:211)
	at org.springframework.beans.propertyeditors.CustomNumberEditor.setAsText(CustomNumberEditor.java:115)
	at org.springframework.beans.TypeConverterDelegate.doConvertTextValue(TypeConverterDelegate.java:429)
	at org.springframework.beans.TypeConverterDelegate.doConvertValue(TypeConverterDelegate.java:402)
	at org.springframework.beans.TypeConverterDelegate.convertIfNecessary(TypeConverterDelegate.java:155)
	at org.springframework.beans.TypeConverterSupport.convertIfNecessary(TypeConverterSupport.java:73)
	at org.springframework.beans.TypeConverterSupport.convertIfNecessary(TypeConverterSupport.java:53)
	at org.springframework.validation.DataBinder.convertIfNecessary(DataBinder.java:693)
	at org.springframework.web.method.annotation.AbstractNamedValueMethodArgumentResolver.resolveArgument(AbstractNamedValueMethodArgumentResolver.java:125)
	... 98 common frames omitted
2020-12-19 23:01:27,129 WARN  [http-nio-7070-exec-2] org.springframework.web.servlet.mvc.method.annotation.ExceptionHandlerExceptionResolver : Resolved [org.springframework.web.method.annotation.MethodArgumentTypeMismatchException: Failed to convert value of type 'java.lang.String' to required type 'int'; nested exception is java.lang.NumberFormatException: For input string: "每个账号分配一个抽检员"]
2020-12-19 23:02:27,869 ERROR [http-nio-7070-exec-4] com.bjfu.fcro.common.exception.GlobalExceptionHandler : 未知异常！原因是:
org.springframework.web.method.annotation.MethodArgumentTypeMismatchException: Failed to convert value of type 'java.lang.String' to required type 'int'; nested exception is java.lang.NumberFormatException: For input string: "每个账号分配一个抽检员"
	at org.springframework.web.method.annotation.AbstractNamedValueMethodArgumentResolver.resolveArgument(AbstractNamedValueMethodArgumentResolver.java:133)
	at org.springframework.web.method.support.HandlerMethodArgumentResolverComposite.resolveArgument(HandlerMethodArgumentResolverComposite.java:121)
	at org.springframework.web.method.support.InvocableHandlerMethod.getMethodArgumentValues(InvocableHandlerMethod.java:167)
	at org.springframework.web.method.support.InvocableHandlerMethod.invokeForRequest(InvocableHandlerMethod.java:134)
	at org.springframework.web.servlet.mvc.method.annotation.ServletInvocableHandlerMethod.invokeAndHandle(ServletInvocableHandlerMethod.java:105)
	at org.springframework.web.servlet.mvc.method.annotation.RequestMappingHandlerAdapter.invokeHandlerMethod(RequestMappingHandlerAdapter.java:878)
	at org.springframework.web.servlet.mvc.method.annotation.RequestMappingHandlerAdapter.handleInternal(RequestMappingHandlerAdapter.java:792)
	at org.springframework.web.servlet.mvc.method.AbstractHandlerMethodAdapter.handle(AbstractHandlerMethodAdapter.java:87)
	at org.springframework.web.servlet.DispatcherServlet.doDispatch(DispatcherServlet.java:1040)
	at org.springframework.web.servlet.DispatcherServlet.doService(DispatcherServlet.java:943)
	at org.springframework.web.servlet.FrameworkServlet.processRequest(FrameworkServlet.java:1006)
	at org.springframework.web.servlet.FrameworkServlet.doPost(FrameworkServlet.java:909)
	at javax.servlet.http.HttpServlet.service(HttpServlet.java:652)
	at org.springframework.web.servlet.FrameworkServlet.service(FrameworkServlet.java:883)
	at javax.servlet.http.HttpServlet.service(HttpServlet.java:733)
	at org.apache.catalina.core.ApplicationFilterChain.internalDoFilter(ApplicationFilterChain.java:231)
	at org.apache.catalina.core.ApplicationFilterChain.doFilter(ApplicationFilterChain.java:166)
	at org.apache.tomcat.websocket.server.WsFilter.doFilter(WsFilter.java:53)
	at org.apache.catalina.core.ApplicationFilterChain.internalDoFilter(ApplicationFilterChain.java:193)
	at org.apache.catalina.core.ApplicationFilterChain.doFilter(ApplicationFilterChain.java:166)
	at org.springframework.web.filter.OncePerRequestFilter.doFilter(OncePerRequestFilter.java:113)
	at org.apache.catalina.core.ApplicationFilterChain.internalDoFilter(ApplicationFilterChain.java:193)
	at org.apache.catalina.core.ApplicationFilterChain.doFilter(ApplicationFilterChain.java:166)
	at com.bjfu.fcro.config.handler.CustomizeAbstractSecurityInterceptor.invoke(CustomizeAbstractSecurityInterceptor.java:56)
	at com.bjfu.fcro.config.handler.CustomizeAbstractSecurityInterceptor.doFilter(CustomizeAbstractSecurityInterceptor.java:46)
	at org.apache.catalina.core.ApplicationFilterChain.internalDoFilter(ApplicationFilterChain.java:193)
	at org.apache.catalina.core.ApplicationFilterChain.doFilter(ApplicationFilterChain.java:166)
	at com.bjfu.fcro.config.fliter.VerifyCodeFilter.doFilter(VerifyCodeFilter.java:62)
	at org.apache.catalina.core.ApplicationFilterChain.internalDoFilter(ApplicationFilterChain.java:193)
	at org.apache.catalina.core.ApplicationFilterChain.doFilter(ApplicationFilterChain.java:166)
	at org.springframework.security.web.FilterChainProxy$VirtualFilterChain.doFilter(FilterChainProxy.java:320)
	at org.springframework.security.web.access.intercept.FilterSecurityInterceptor.invoke(FilterSecurityInterceptor.java:126)
	at org.springframework.security.web.access.intercept.FilterSecurityInterceptor.doFilter(FilterSecurityInterceptor.java:90)
	at org.springframework.security.web.FilterChainProxy$VirtualFilterChain.doFilter(FilterChainProxy.java:334)
	at org.springframework.security.web.access.ExceptionTranslationFilter.doFilter(ExceptionTranslationFilter.java:118)
	at org.springframework.security.web.FilterChainProxy$VirtualFilterChain.doFilter(FilterChainProxy.java:334)
	at org.springframework.security.web.session.SessionManagementFilter.doFilter(SessionManagementFilter.java:137)
	at org.springframework.security.web.FilterChainProxy$VirtualFilterChain.doFilter(FilterChainProxy.java:334)
	at org.springframework.security.web.authentication.AnonymousAuthenticationFilter.doFilter(AnonymousAuthenticationFilter.java:111)
	at org.springframework.security.web.FilterChainProxy$VirtualFilterChain.doFilter(FilterChainProxy.java:334)
	at org.springframework.security.web.servletapi.SecurityContextHolderAwareRequestFilter.doFilter(SecurityContextHolderAwareRequestFilter.java:158)
	at org.springframework.security.web.FilterChainProxy$VirtualFilterChain.doFilter(FilterChainProxy.java:334)
	at org.springframework.security.web.savedrequest.RequestCacheAwareFilter.doFilter(RequestCacheAwareFilter.java:63)
	at org.springframework.security.web.FilterChainProxy$VirtualFilterChain.doFilter(FilterChainProxy.java:334)
	at org.springframework.security.web.session.ConcurrentSessionFilter.doFilter(ConcurrentSessionFilter.java:152)
	at org.springframework.security.web.FilterChainProxy$VirtualFilterChain.doFilter(FilterChainProxy.java:334)
	at org.springframework.security.web.authentication.AbstractAuthenticationProcessingFilter.doFilter(AbstractAuthenticationProcessingFilter.java:200)
	at org.springframework.security.web.FilterChainProxy$VirtualFilterChain.doFilter(FilterChainProxy.java:334)
	at com.bjfu.fcro.config.handler.CustomizeOncePerRequestFilter.doFilterInternal(CustomizeOncePerRequestFilter.java:98)
	at org.springframework.web.filter.OncePerRequestFilter.doFilter(OncePerRequestFilter.java:119)
	at org.springframework.security.web.FilterChainProxy$VirtualFilterChain.doFilter(FilterChainProxy.java:334)
	at org.springframework.security.web.authentication.logout.LogoutFilter.doFilter(LogoutFilter.java:116)
	at org.springframework.security.web.FilterChainProxy$VirtualFilterChain.doFilter(FilterChainProxy.java:334)
	at org.springframework.web.filter.CorsFilter.doFilterInternal(CorsFilter.java:92)
	at org.springframework.web.filter.OncePerRequestFilter.doFilter(OncePerRequestFilter.java:119)
	at org.springframework.security.web.FilterChainProxy$VirtualFilterChain.doFilter(FilterChainProxy.java:334)
	at org.springframework.security.web.header.HeaderWriterFilter.doHeadersAfter(HeaderWriterFilter.java:92)
	at org.springframework.security.web.header.HeaderWriterFilter.doFilterInternal(HeaderWriterFilter.java:77)
	at org.springframework.web.filter.OncePerRequestFilter.doFilter(OncePerRequestFilter.java:119)
	at org.springframework.security.web.FilterChainProxy$VirtualFilterChain.doFilter(FilterChainProxy.java:334)
	at org.springframework.security.web.context.SecurityContextPersistenceFilter.doFilter(SecurityContextPersistenceFilter.java:105)
	at org.springframework.security.web.FilterChainProxy$VirtualFilterChain.doFilter(FilterChainProxy.java:334)
	at org.springframework.security.web.context.request.async.WebAsyncManagerIntegrationFilter.doFilterInternal(WebAsyncManagerIntegrationFilter.java:56)
	at org.springframework.web.filter.OncePerRequestFilter.doFilter(OncePerRequestFilter.java:119)
	at org.springframework.security.web.FilterChainProxy$VirtualFilterChain.doFilter(FilterChainProxy.java:334)
	at org.springframework.security.web.FilterChainProxy.doFilterInternal(FilterChainProxy.java:215)
	at org.springframework.security.web.FilterChainProxy.doFilter(FilterChainProxy.java:178)
	at org.springframework.web.filter.DelegatingFilterProxy.invokeDelegate(DelegatingFilterProxy.java:358)
	at org.springframework.web.filter.DelegatingFilterProxy.doFilter(DelegatingFilterProxy.java:271)
	at org.apache.catalina.core.ApplicationFilterChain.internalDoFilter(ApplicationFilterChain.java:193)
	at org.apache.catalina.core.ApplicationFilterChain.doFilter(ApplicationFilterChain.java:166)
	at org.springframework.web.filter.RequestContextFilter.doFilterInternal(RequestContextFilter.java:100)
	at org.springframework.web.filter.OncePerRequestFilter.doFilter(OncePerRequestFilter.java:119)
	at org.apache.catalina.core.ApplicationFilterChain.internalDoFilter(ApplicationFilterChain.java:193)
	at org.apache.catalina.core.ApplicationFilterChain.doFilter(ApplicationFilterChain.java:166)
	at org.springframework.web.filter.FormContentFilter.doFilterInternal(FormContentFilter.java:93)
	at org.springframework.web.filter.OncePerRequestFilter.doFilter(OncePerRequestFilter.java:119)
	at org.apache.catalina.core.ApplicationFilterChain.internalDoFilter(ApplicationFilterChain.java:193)
	at org.apache.catalina.core.ApplicationFilterChain.doFilter(ApplicationFilterChain.java:166)
	at org.springframework.web.filter.CharacterEncodingFilter.doFilterInternal(CharacterEncodingFilter.java:201)
	at org.springframework.web.filter.OncePerRequestFilter.doFilter(OncePerRequestFilter.java:119)
	at org.apache.catalina.core.ApplicationFilterChain.internalDoFilter(ApplicationFilterChain.java:193)
	at org.apache.catalina.core.ApplicationFilterChain.doFilter(ApplicationFilterChain.java:166)
	at org.apache.catalina.core.StandardWrapperValve.invoke(StandardWrapperValve.java:202)
	at org.apache.catalina.core.StandardContextValve.invoke(StandardContextValve.java:97)
	at org.apache.catalina.authenticator.AuthenticatorBase.invoke(AuthenticatorBase.java:541)
	at org.apache.catalina.core.StandardHostValve.invoke(StandardHostValve.java:143)
	at org.apache.catalina.valves.ErrorReportValve.invoke(ErrorReportValve.java:92)
	at org.apache.catalina.core.StandardEngineValve.invoke(StandardEngineValve.java:78)
	at org.apache.catalina.connector.CoyoteAdapter.service(CoyoteAdapter.java:343)
	at org.apache.coyote.http11.Http11Processor.service(Http11Processor.java:374)
	at org.apache.coyote.AbstractProcessorLight.process(AbstractProcessorLight.java:65)
	at org.apache.coyote.AbstractProtocol$ConnectionHandler.process(AbstractProtocol.java:868)
	at org.apache.tomcat.util.net.NioEndpoint$SocketProcessor.doRun(NioEndpoint.java:1590)
	at org.apache.tomcat.util.net.SocketProcessorBase.run(SocketProcessorBase.java:49)
	at java.util.concurrent.ThreadPoolExecutor.runWorker(ThreadPoolExecutor.java:1142)
	at java.util.concurrent.ThreadPoolExecutor$Worker.run(ThreadPoolExecutor.java:617)
	at org.apache.tomcat.util.threads.TaskThread$WrappingRunnable.run(TaskThread.java:61)
	at java.lang.Thread.run(Thread.java:745)
Caused by: java.lang.NumberFormatException: For input string: "每个账号分配一个抽检员"
	at java.lang.NumberFormatException.forInputString(NumberFormatException.java:65)
	at java.lang.Integer.parseInt(Integer.java:580)
	at java.lang.Integer.valueOf(Integer.java:766)
	at org.springframework.util.NumberUtils.parseNumber(NumberUtils.java:211)
	at org.springframework.beans.propertyeditors.CustomNumberEditor.setAsText(CustomNumberEditor.java:115)
	at org.springframework.beans.TypeConverterDelegate.doConvertTextValue(TypeConverterDelegate.java:429)
	at org.springframework.beans.TypeConverterDelegate.doConvertValue(TypeConverterDelegate.java:402)
	at org.springframework.beans.TypeConverterDelegate.convertIfNecessary(TypeConverterDelegate.java:155)
	at org.springframework.beans.TypeConverterSupport.convertIfNecessary(TypeConverterSupport.java:73)
	at org.springframework.beans.TypeConverterSupport.convertIfNecessary(TypeConverterSupport.java:53)
	at org.springframework.validation.DataBinder.convertIfNecessary(DataBinder.java:693)
	at org.springframework.web.method.annotation.AbstractNamedValueMethodArgumentResolver.resolveArgument(AbstractNamedValueMethodArgumentResolver.java:125)
	... 98 common frames omitted
2020-12-19 23:02:27,877 WARN  [http-nio-7070-exec-4] org.springframework.web.servlet.mvc.method.annotation.ExceptionHandlerExceptionResolver : Resolved [org.springframework.web.method.annotation.MethodArgumentTypeMismatchException: Failed to convert value of type 'java.lang.String' to required type 'int'; nested exception is java.lang.NumberFormatException: For input string: "每个账号分配一个抽检员"]
2020-12-19 23:03:38,472 INFO  [restartedMain] com.bjfu.fcro.FoodcheckRouteoptiApplication : Starting FoodcheckRouteoptiApplication on DESKTOP-FVOEJCM with PID 11540 (E:\ltx\foodcheck_routeopti\target\classes started by ltx in E:\ltx\foodcheck_routeopti)
2020-12-19 23:03:38,476 INFO  [restartedMain] com.bjfu.fcro.FoodcheckRouteoptiApplication : No active profile set, falling back to default profiles: default
2020-12-19 23:03:38,529 INFO  [restartedMain] org.springframework.boot.devtools.env.DevToolsPropertyDefaultsPostProcessor : Devtools property defaults active! Set 'spring.devtools.add-properties' to 'false' to disable
2020-12-19 23:03:38,529 INFO  [restartedMain] org.springframework.boot.devtools.env.DevToolsPropertyDefaultsPostProcessor : For additional web related logging consider setting the 'logging.level.web' property to 'DEBUG'
2020-12-19 23:03:39,169 INFO  [restartedMain] org.springframework.data.repository.config.RepositoryConfigurationDelegate : Multiple Spring Data modules found, entering strict repository configuration mode!
2020-12-19 23:03:39,170 INFO  [restartedMain] org.springframework.data.repository.config.RepositoryConfigurationDelegate : Bootstrapping Spring Data JDBC repositories in DEFAULT mode.
2020-12-19 23:03:39,211 INFO  [restartedMain] org.springframework.data.repository.config.RepositoryConfigurationDelegate : Finished Spring Data repository scanning in 37ms. Found 0 JDBC repository interfaces.
2020-12-19 23:03:39,224 INFO  [restartedMain] org.springframework.data.repository.config.RepositoryConfigurationDelegate : Multiple Spring Data modules found, entering strict repository configuration mode!
2020-12-19 23:03:39,225 INFO  [restartedMain] org.springframework.data.repository.config.RepositoryConfigurationDelegate : Bootstrapping Spring Data Redis repositories in DEFAULT mode.
2020-12-19 23:03:39,250 INFO  [restartedMain] org.springframework.data.repository.config.RepositoryConfigurationDelegate : Finished Spring Data repository scanning in 17ms. Found 0 Redis repository interfaces.
2020-12-19 23:03:39,765 INFO  [restartedMain] org.springframework.boot.web.embedded.tomcat.TomcatWebServer : Tomcat initialized with port(s): 7070 (http)
2020-12-19 23:03:39,773 INFO  [restartedMain] org.apache.catalina.core.StandardService : Starting service [Tomcat]
2020-12-19 23:03:39,774 INFO  [restartedMain] org.apache.catalina.core.StandardEngine : Starting Servlet engine: [Apache Tomcat/9.0.38]
2020-12-19 23:03:39,891 INFO  [restartedMain] org.apache.catalina.core.ContainerBase.[Tomcat].[localhost].[/] : Initializing Spring embedded WebApplicationContext
2020-12-19 23:03:39,892 INFO  [restartedMain] org.springframework.boot.web.servlet.context.ServletWebServerApplicationContext : Root WebApplicationContext: initialization completed in 1363 ms
2020-12-19 23:03:40,100 WARN  [restartedMain] com.bjfu.fcro.config.handler.CustomizeAbstractSecurityInterceptor : Could not validate configuration attributes as the SecurityMetadataSource did not return any attributes from getAllConfigAttributes()
2020-12-19 23:03:40,430 INFO  [restartedMain] org.springframework.boot.autoconfigure.web.servlet.WelcomePageHandlerMapping : Adding welcome page: class path resource [static/index.html]
2020-12-19 23:03:40,557 INFO  [restartedMain] org.springframework.security.web.DefaultSecurityFilterChain : Creating filter chain: any request, [org.springframework.security.web.context.request.async.WebAsyncManagerIntegrationFilter@95a24c4, org.springframework.security.web.context.SecurityContextPersistenceFilter@16a8deb4, org.springframework.security.web.header.HeaderWriterFilter@14f68e42, org.springframework.web.filter.CorsFilter@7e5494b4, org.springframework.security.web.authentication.logout.LogoutFilter@557bc106, com.bjfu.fcro.config.handler.CustomizeOncePerRequestFilter@27b6bb6f, org.springframework.security.web.authentication.UsernamePasswordAuthenticationFilter@34a0ac5, org.springframework.security.web.session.ConcurrentSessionFilter@36ae19b5, org.springframework.security.web.savedrequest.RequestCacheAwareFilter@540bb427, org.springframework.security.web.servletapi.SecurityContextHolderAwareRequestFilter@2d75c1d7, org.springframework.security.web.authentication.AnonymousAuthenticationFilter@4da10697, org.springframework.security.web.session.SessionManagementFilter@72c2f0b6, org.springframework.security.web.access.ExceptionTranslationFilter@45e4e068, org.springframework.security.web.access.intercept.FilterSecurityInterceptor@91ca18a]
2020-12-19 23:03:40,591 INFO  [restartedMain] org.springframework.scheduling.concurrent.ThreadPoolTaskExecutor : Initializing ExecutorService 'applicationTaskExecutor'
2020-12-19 23:03:40,911 INFO  [restartedMain] com.alibaba.druid.pool.DruidDataSource : {dataSource-1} inited
2020-12-19 23:03:41,132 INFO  [restartedMain] org.springframework.boot.devtools.autoconfigure.OptionalLiveReloadServer : LiveReload server is running on port 35729
2020-12-19 23:03:41,165 INFO  [restartedMain] org.springframework.boot.web.embedded.tomcat.TomcatWebServer : Tomcat started on port(s): 7070 (http) with context path ''
2020-12-19 23:03:41,175 INFO  [restartedMain] com.bjfu.fcro.FoodcheckRouteoptiApplication : Started FoodcheckRouteoptiApplication in 3.167 seconds (JVM running for 4.353)
2020-12-19 23:03:47,130 INFO  [http-nio-7070-exec-1] org.apache.catalina.core.ContainerBase.[Tomcat].[localhost].[/] : Initializing Spring DispatcherServlet 'dispatcherServlet'
2020-12-19 23:03:47,130 INFO  [http-nio-7070-exec-1] org.springframework.web.servlet.DispatcherServlet : Initializing Servlet 'dispatcherServlet'
2020-12-19 23:03:47,136 INFO  [http-nio-7070-exec-1] org.springframework.web.servlet.DispatcherServlet : Completed initialization in 6 ms
2020-12-19 23:03:47,636 ERROR [http-nio-7070-exec-1] com.bjfu.fcro.common.exception.GlobalExceptionHandler : 未知异常！原因是:
org.springframework.web.method.annotation.MethodArgumentTypeMismatchException: Failed to convert value of type 'java.lang.String' to required type 'int'; nested exception is java.lang.NumberFormatException: For input string: "每个账号分配一个抽检员"
	at org.springframework.web.method.annotation.AbstractNamedValueMethodArgumentResolver.resolveArgument(AbstractNamedValueMethodArgumentResolver.java:133)
	at org.springframework.web.method.support.HandlerMethodArgumentResolverComposite.resolveArgument(HandlerMethodArgumentResolverComposite.java:121)
	at org.springframework.web.method.support.InvocableHandlerMethod.getMethodArgumentValues(InvocableHandlerMethod.java:167)
	at org.springframework.web.method.support.InvocableHandlerMethod.invokeForRequest(InvocableHandlerMethod.java:134)
	at org.springframework.web.servlet.mvc.method.annotation.ServletInvocableHandlerMethod.invokeAndHandle(ServletInvocableHandlerMethod.java:105)
	at org.springframework.web.servlet.mvc.method.annotation.RequestMappingHandlerAdapter.invokeHandlerMethod(RequestMappingHandlerAdapter.java:878)
	at org.springframework.web.servlet.mvc.method.annotation.RequestMappingHandlerAdapter.handleInternal(RequestMappingHandlerAdapter.java:792)
	at org.springframework.web.servlet.mvc.method.AbstractHandlerMethodAdapter.handle(AbstractHandlerMethodAdapter.java:87)
	at org.springframework.web.servlet.DispatcherServlet.doDispatch(DispatcherServlet.java:1040)
	at org.springframework.web.servlet.DispatcherServlet.doService(DispatcherServlet.java:943)
	at org.springframework.web.servlet.FrameworkServlet.processRequest(FrameworkServlet.java:1006)
	at org.springframework.web.servlet.FrameworkServlet.doPost(FrameworkServlet.java:909)
	at javax.servlet.http.HttpServlet.service(HttpServlet.java:652)
	at org.springframework.web.servlet.FrameworkServlet.service(FrameworkServlet.java:883)
	at javax.servlet.http.HttpServlet.service(HttpServlet.java:733)
	at org.apache.catalina.core.ApplicationFilterChain.internalDoFilter(ApplicationFilterChain.java:231)
	at org.apache.catalina.core.ApplicationFilterChain.doFilter(ApplicationFilterChain.java:166)
	at org.apache.tomcat.websocket.server.WsFilter.doFilter(WsFilter.java:53)
	at org.apache.catalina.core.ApplicationFilterChain.internalDoFilter(ApplicationFilterChain.java:193)
	at org.apache.catalina.core.ApplicationFilterChain.doFilter(ApplicationFilterChain.java:166)
	at org.springframework.web.filter.OncePerRequestFilter.doFilter(OncePerRequestFilter.java:113)
	at org.apache.catalina.core.ApplicationFilterChain.internalDoFilter(ApplicationFilterChain.java:193)
	at org.apache.catalina.core.ApplicationFilterChain.doFilter(ApplicationFilterChain.java:166)
	at com.bjfu.fcro.config.handler.CustomizeAbstractSecurityInterceptor.invoke(CustomizeAbstractSecurityInterceptor.java:56)
	at com.bjfu.fcro.config.handler.CustomizeAbstractSecurityInterceptor.doFilter(CustomizeAbstractSecurityInterceptor.java:46)
	at org.apache.catalina.core.ApplicationFilterChain.internalDoFilter(ApplicationFilterChain.java:193)
	at org.apache.catalina.core.ApplicationFilterChain.doFilter(ApplicationFilterChain.java:166)
	at com.bjfu.fcro.config.fliter.VerifyCodeFilter.doFilter(VerifyCodeFilter.java:62)
	at org.apache.catalina.core.ApplicationFilterChain.internalDoFilter(ApplicationFilterChain.java:193)
	at org.apache.catalina.core.ApplicationFilterChain.doFilter(ApplicationFilterChain.java:166)
	at org.springframework.security.web.FilterChainProxy$VirtualFilterChain.doFilter(FilterChainProxy.java:320)
	at org.springframework.security.web.access.intercept.FilterSecurityInterceptor.invoke(FilterSecurityInterceptor.java:126)
	at org.springframework.security.web.access.intercept.FilterSecurityInterceptor.doFilter(FilterSecurityInterceptor.java:90)
	at org.springframework.security.web.FilterChainProxy$VirtualFilterChain.doFilter(FilterChainProxy.java:334)
	at org.springframework.security.web.access.ExceptionTranslationFilter.doFilter(ExceptionTranslationFilter.java:118)
	at org.springframework.security.web.FilterChainProxy$VirtualFilterChain.doFilter(FilterChainProxy.java:334)
	at org.springframework.security.web.session.SessionManagementFilter.doFilter(SessionManagementFilter.java:137)
	at org.springframework.security.web.FilterChainProxy$VirtualFilterChain.doFilter(FilterChainProxy.java:334)
	at org.springframework.security.web.authentication.AnonymousAuthenticationFilter.doFilter(AnonymousAuthenticationFilter.java:111)
	at org.springframework.security.web.FilterChainProxy$VirtualFilterChain.doFilter(FilterChainProxy.java:334)
	at org.springframework.security.web.servletapi.SecurityContextHolderAwareRequestFilter.doFilter(SecurityContextHolderAwareRequestFilter.java:158)
	at org.springframework.security.web.FilterChainProxy$VirtualFilterChain.doFilter(FilterChainProxy.java:334)
	at org.springframework.security.web.savedrequest.RequestCacheAwareFilter.doFilter(RequestCacheAwareFilter.java:63)
	at org.springframework.security.web.FilterChainProxy$VirtualFilterChain.doFilter(FilterChainProxy.java:334)
	at org.springframework.security.web.session.ConcurrentSessionFilter.doFilter(ConcurrentSessionFilter.java:152)
	at org.springframework.security.web.FilterChainProxy$VirtualFilterChain.doFilter(FilterChainProxy.java:334)
	at org.springframework.security.web.authentication.AbstractAuthenticationProcessingFilter.doFilter(AbstractAuthenticationProcessingFilter.java:200)
	at org.springframework.security.web.FilterChainProxy$VirtualFilterChain.doFilter(FilterChainProxy.java:334)
	at com.bjfu.fcro.config.handler.CustomizeOncePerRequestFilter.doFilterInternal(CustomizeOncePerRequestFilter.java:98)
	at org.springframework.web.filter.OncePerRequestFilter.doFilter(OncePerRequestFilter.java:119)
	at org.springframework.security.web.FilterChainProxy$VirtualFilterChain.doFilter(FilterChainProxy.java:334)
	at org.springframework.security.web.authentication.logout.LogoutFilter.doFilter(LogoutFilter.java:116)
	at org.springframework.security.web.FilterChainProxy$VirtualFilterChain.doFilter(FilterChainProxy.java:334)
	at org.springframework.web.filter.CorsFilter.doFilterInternal(CorsFilter.java:92)
	at org.springframework.web.filter.OncePerRequestFilter.doFilter(OncePerRequestFilter.java:119)
	at org.springframework.security.web.FilterChainProxy$VirtualFilterChain.doFilter(FilterChainProxy.java:334)
	at org.springframework.security.web.header.HeaderWriterFilter.doHeadersAfter(HeaderWriterFilter.java:92)
	at org.springframework.security.web.header.HeaderWriterFilter.doFilterInternal(HeaderWriterFilter.java:77)
	at org.springframework.web.filter.OncePerRequestFilter.doFilter(OncePerRequestFilter.java:119)
	at org.springframework.security.web.FilterChainProxy$VirtualFilterChain.doFilter(FilterChainProxy.java:334)
	at org.springframework.security.web.context.SecurityContextPersistenceFilter.doFilter(SecurityContextPersistenceFilter.java:105)
	at org.springframework.security.web.FilterChainProxy$VirtualFilterChain.doFilter(FilterChainProxy.java:334)
	at org.springframework.security.web.context.request.async.WebAsyncManagerIntegrationFilter.doFilterInternal(WebAsyncManagerIntegrationFilter.java:56)
	at org.springframework.web.filter.OncePerRequestFilter.doFilter(OncePerRequestFilter.java:119)
	at org.springframework.security.web.FilterChainProxy$VirtualFilterChain.doFilter(FilterChainProxy.java:334)
	at org.springframework.security.web.FilterChainProxy.doFilterInternal(FilterChainProxy.java:215)
	at org.springframework.security.web.FilterChainProxy.doFilter(FilterChainProxy.java:178)
	at org.springframework.web.filter.DelegatingFilterProxy.invokeDelegate(DelegatingFilterProxy.java:358)
	at org.springframework.web.filter.DelegatingFilterProxy.doFilter(DelegatingFilterProxy.java:271)
	at org.apache.catalina.core.ApplicationFilterChain.internalDoFilter(ApplicationFilterChain.java:193)
	at org.apache.catalina.core.ApplicationFilterChain.doFilter(ApplicationFilterChain.java:166)
	at org.springframework.web.filter.RequestContextFilter.doFilterInternal(RequestContextFilter.java:100)
	at org.springframework.web.filter.OncePerRequestFilter.doFilter(OncePerRequestFilter.java:119)
	at org.apache.catalina.core.ApplicationFilterChain.internalDoFilter(ApplicationFilterChain.java:193)
	at org.apache.catalina.core.ApplicationFilterChain.doFilter(ApplicationFilterChain.java:166)
	at org.springframework.web.filter.FormContentFilter.doFilterInternal(FormContentFilter.java:93)
	at org.springframework.web.filter.OncePerRequestFilter.doFilter(OncePerRequestFilter.java:119)
	at org.apache.catalina.core.ApplicationFilterChain.internalDoFilter(ApplicationFilterChain.java:193)
	at org.apache.catalina.core.ApplicationFilterChain.doFilter(ApplicationFilterChain.java:166)
	at org.springframework.web.filter.CharacterEncodingFilter.doFilterInternal(CharacterEncodingFilter.java:201)
	at org.springframework.web.filter.OncePerRequestFilter.doFilter(OncePerRequestFilter.java:119)
	at org.apache.catalina.core.ApplicationFilterChain.internalDoFilter(ApplicationFilterChain.java:193)
	at org.apache.catalina.core.ApplicationFilterChain.doFilter(ApplicationFilterChain.java:166)
	at org.apache.catalina.core.StandardWrapperValve.invoke(StandardWrapperValve.java:202)
	at org.apache.catalina.core.StandardContextValve.invoke(StandardContextValve.java:97)
	at org.apache.catalina.authenticator.AuthenticatorBase.invoke(AuthenticatorBase.java:541)
	at org.apache.catalina.core.StandardHostValve.invoke(StandardHostValve.java:143)
	at org.apache.catalina.valves.ErrorReportValve.invoke(ErrorReportValve.java:92)
	at org.apache.catalina.core.StandardEngineValve.invoke(StandardEngineValve.java:78)
	at org.apache.catalina.connector.CoyoteAdapter.service(CoyoteAdapter.java:343)
	at org.apache.coyote.http11.Http11Processor.service(Http11Processor.java:374)
	at org.apache.coyote.AbstractProcessorLight.process(AbstractProcessorLight.java:65)
	at org.apache.coyote.AbstractProtocol$ConnectionHandler.process(AbstractProtocol.java:868)
	at org.apache.tomcat.util.net.NioEndpoint$SocketProcessor.doRun(NioEndpoint.java:1590)
	at org.apache.tomcat.util.net.SocketProcessorBase.run(SocketProcessorBase.java:49)
	at java.util.concurrent.ThreadPoolExecutor.runWorker(ThreadPoolExecutor.java:1142)
	at java.util.concurrent.ThreadPoolExecutor$Worker.run(ThreadPoolExecutor.java:617)
	at org.apache.tomcat.util.threads.TaskThread$WrappingRunnable.run(TaskThread.java:61)
	at java.lang.Thread.run(Thread.java:745)
Caused by: java.lang.NumberFormatException: For input string: "每个账号分配一个抽检员"
	at java.lang.NumberFormatException.forInputString(NumberFormatException.java:65)
	at java.lang.Integer.parseInt(Integer.java:580)
	at java.lang.Integer.valueOf(Integer.java:766)
	at org.springframework.util.NumberUtils.parseNumber(NumberUtils.java:211)
	at org.springframework.beans.propertyeditors.CustomNumberEditor.setAsText(CustomNumberEditor.java:115)
	at org.springframework.beans.TypeConverterDelegate.doConvertTextValue(TypeConverterDelegate.java:429)
	at org.springframework.beans.TypeConverterDelegate.doConvertValue(TypeConverterDelegate.java:402)
	at org.springframework.beans.TypeConverterDelegate.convertIfNecessary(TypeConverterDelegate.java:155)
	at org.springframework.beans.TypeConverterSupport.convertIfNecessary(TypeConverterSupport.java:73)
	at org.springframework.beans.TypeConverterSupport.convertIfNecessary(TypeConverterSupport.java:53)
	at org.springframework.validation.DataBinder.convertIfNecessary(DataBinder.java:693)
	at org.springframework.web.method.annotation.AbstractNamedValueMethodArgumentResolver.resolveArgument(AbstractNamedValueMethodArgumentResolver.java:125)
	... 98 common frames omitted
2020-12-19 23:03:47,680 WARN  [http-nio-7070-exec-1] org.springframework.web.servlet.mvc.method.annotation.ExceptionHandlerExceptionResolver : Resolved [org.springframework.web.method.annotation.MethodArgumentTypeMismatchException: Failed to convert value of type 'java.lang.String' to required type 'int'; nested exception is java.lang.NumberFormatException: For input string: "每个账号分配一个抽检员"]
2020-12-19 23:05:31,474 ERROR [http-nio-7070-exec-7] com.bjfu.fcro.common.exception.GlobalExceptionHandler : 未知异常！原因是:
org.springframework.web.method.annotation.MethodArgumentTypeMismatchException: Failed to convert value of type 'java.lang.String' to required type 'int'; nested exception is java.lang.NumberFormatException: For input string: "每个账号分配一个抽检员"
	at org.springframework.web.method.annotation.AbstractNamedValueMethodArgumentResolver.resolveArgument(AbstractNamedValueMethodArgumentResolver.java:133)
	at org.springframework.web.method.support.HandlerMethodArgumentResolverComposite.resolveArgument(HandlerMethodArgumentResolverComposite.java:121)
	at org.springframework.web.method.support.InvocableHandlerMethod.getMethodArgumentValues(InvocableHandlerMethod.java:167)
	at org.springframework.web.method.support.InvocableHandlerMethod.invokeForRequest(InvocableHandlerMethod.java:134)
	at org.springframework.web.servlet.mvc.method.annotation.ServletInvocableHandlerMethod.invokeAndHandle(ServletInvocableHandlerMethod.java:105)
	at org.springframework.web.servlet.mvc.method.annotation.RequestMappingHandlerAdapter.invokeHandlerMethod(RequestMappingHandlerAdapter.java:878)
	at org.springframework.web.servlet.mvc.method.annotation.RequestMappingHandlerAdapter.handleInternal(RequestMappingHandlerAdapter.java:792)
	at org.springframework.web.servlet.mvc.method.AbstractHandlerMethodAdapter.handle(AbstractHandlerMethodAdapter.java:87)
	at org.springframework.web.servlet.DispatcherServlet.doDispatch(DispatcherServlet.java:1040)
	at org.springframework.web.servlet.DispatcherServlet.doService(DispatcherServlet.java:943)
	at org.springframework.web.servlet.FrameworkServlet.processRequest(FrameworkServlet.java:1006)
	at org.springframework.web.servlet.FrameworkServlet.doPost(FrameworkServlet.java:909)
	at javax.servlet.http.HttpServlet.service(HttpServlet.java:652)
	at org.springframework.web.servlet.FrameworkServlet.service(FrameworkServlet.java:883)
	at javax.servlet.http.HttpServlet.service(HttpServlet.java:733)
	at org.apache.catalina.core.ApplicationFilterChain.internalDoFilter(ApplicationFilterChain.java:231)
	at org.apache.catalina.core.ApplicationFilterChain.doFilter(ApplicationFilterChain.java:166)
	at org.apache.tomcat.websocket.server.WsFilter.doFilter(WsFilter.java:53)
	at org.apache.catalina.core.ApplicationFilterChain.internalDoFilter(ApplicationFilterChain.java:193)
	at org.apache.catalina.core.ApplicationFilterChain.doFilter(ApplicationFilterChain.java:166)
	at org.springframework.web.filter.OncePerRequestFilter.doFilter(OncePerRequestFilter.java:113)
	at org.apache.catalina.core.ApplicationFilterChain.internalDoFilter(ApplicationFilterChain.java:193)
	at org.apache.catalina.core.ApplicationFilterChain.doFilter(ApplicationFilterChain.java:166)
	at com.bjfu.fcro.config.handler.CustomizeAbstractSecurityInterceptor.invoke(CustomizeAbstractSecurityInterceptor.java:56)
	at com.bjfu.fcro.config.handler.CustomizeAbstractSecurityInterceptor.doFilter(CustomizeAbstractSecurityInterceptor.java:46)
	at org.apache.catalina.core.ApplicationFilterChain.internalDoFilter(ApplicationFilterChain.java:193)
	at org.apache.catalina.core.ApplicationFilterChain.doFilter(ApplicationFilterChain.java:166)
	at com.bjfu.fcro.config.fliter.VerifyCodeFilter.doFilter(VerifyCodeFilter.java:62)
	at org.apache.catalina.core.ApplicationFilterChain.internalDoFilter(ApplicationFilterChain.java:193)
	at org.apache.catalina.core.ApplicationFilterChain.doFilter(ApplicationFilterChain.java:166)
	at org.springframework.security.web.FilterChainProxy$VirtualFilterChain.doFilter(FilterChainProxy.java:320)
	at org.springframework.security.web.access.intercept.FilterSecurityInterceptor.invoke(FilterSecurityInterceptor.java:126)
	at org.springframework.security.web.access.intercept.FilterSecurityInterceptor.doFilter(FilterSecurityInterceptor.java:90)
	at org.springframework.security.web.FilterChainProxy$VirtualFilterChain.doFilter(FilterChainProxy.java:334)
	at org.springframework.security.web.access.ExceptionTranslationFilter.doFilter(ExceptionTranslationFilter.java:118)
	at org.springframework.security.web.FilterChainProxy$VirtualFilterChain.doFilter(FilterChainProxy.java:334)
	at org.springframework.security.web.session.SessionManagementFilter.doFilter(SessionManagementFilter.java:137)
	at org.springframework.security.web.FilterChainProxy$VirtualFilterChain.doFilter(FilterChainProxy.java:334)
	at org.springframework.security.web.authentication.AnonymousAuthenticationFilter.doFilter(AnonymousAuthenticationFilter.java:111)
	at org.springframework.security.web.FilterChainProxy$VirtualFilterChain.doFilter(FilterChainProxy.java:334)
	at org.springframework.security.web.servletapi.SecurityContextHolderAwareRequestFilter.doFilter(SecurityContextHolderAwareRequestFilter.java:158)
	at org.springframework.security.web.FilterChainProxy$VirtualFilterChain.doFilter(FilterChainProxy.java:334)
	at org.springframework.security.web.savedrequest.RequestCacheAwareFilter.doFilter(RequestCacheAwareFilter.java:63)
	at org.springframework.security.web.FilterChainProxy$VirtualFilterChain.doFilter(FilterChainProxy.java:334)
	at org.springframework.security.web.session.ConcurrentSessionFilter.doFilter(ConcurrentSessionFilter.java:152)
	at org.springframework.security.web.FilterChainProxy$VirtualFilterChain.doFilter(FilterChainProxy.java:334)
	at org.springframework.security.web.authentication.AbstractAuthenticationProcessingFilter.doFilter(AbstractAuthenticationProcessingFilter.java:200)
	at org.springframework.security.web.FilterChainProxy$VirtualFilterChain.doFilter(FilterChainProxy.java:334)
	at com.bjfu.fcro.config.handler.CustomizeOncePerRequestFilter.doFilterInternal(CustomizeOncePerRequestFilter.java:98)
	at org.springframework.web.filter.OncePerRequestFilter.doFilter(OncePerRequestFilter.java:119)
	at org.springframework.security.web.FilterChainProxy$VirtualFilterChain.doFilter(FilterChainProxy.java:334)
	at org.springframework.security.web.authentication.logout.LogoutFilter.doFilter(LogoutFilter.java:116)
	at org.springframework.security.web.FilterChainProxy$VirtualFilterChain.doFilter(FilterChainProxy.java:334)
	at org.springframework.web.filter.CorsFilter.doFilterInternal(CorsFilter.java:92)
	at org.springframework.web.filter.OncePerRequestFilter.doFilter(OncePerRequestFilter.java:119)
	at org.springframework.security.web.FilterChainProxy$VirtualFilterChain.doFilter(FilterChainProxy.java:334)
	at org.springframework.security.web.header.HeaderWriterFilter.doHeadersAfter(HeaderWriterFilter.java:92)
	at org.springframework.security.web.header.HeaderWriterFilter.doFilterInternal(HeaderWriterFilter.java:77)
	at org.springframework.web.filter.OncePerRequestFilter.doFilter(OncePerRequestFilter.java:119)
	at org.springframework.security.web.FilterChainProxy$VirtualFilterChain.doFilter(FilterChainProxy.java:334)
	at org.springframework.security.web.context.SecurityContextPersistenceFilter.doFilter(SecurityContextPersistenceFilter.java:105)
	at org.springframework.security.web.FilterChainProxy$VirtualFilterChain.doFilter(FilterChainProxy.java:334)
	at org.springframework.security.web.context.request.async.WebAsyncManagerIntegrationFilter.doFilterInternal(WebAsyncManagerIntegrationFilter.java:56)
	at org.springframework.web.filter.OncePerRequestFilter.doFilter(OncePerRequestFilter.java:119)
	at org.springframework.security.web.FilterChainProxy$VirtualFilterChain.doFilter(FilterChainProxy.java:334)
	at org.springframework.security.web.FilterChainProxy.doFilterInternal(FilterChainProxy.java:215)
	at org.springframework.security.web.FilterChainProxy.doFilter(FilterChainProxy.java:178)
	at org.springframework.web.filter.DelegatingFilterProxy.invokeDelegate(DelegatingFilterProxy.java:358)
	at org.springframework.web.filter.DelegatingFilterProxy.doFilter(DelegatingFilterProxy.java:271)
	at org.apache.catalina.core.ApplicationFilterChain.internalDoFilter(ApplicationFilterChain.java:193)
	at org.apache.catalina.core.ApplicationFilterChain.doFilter(ApplicationFilterChain.java:166)
	at org.springframework.web.filter.RequestContextFilter.doFilterInternal(RequestContextFilter.java:100)
	at org.springframework.web.filter.OncePerRequestFilter.doFilter(OncePerRequestFilter.java:119)
	at org.apache.catalina.core.ApplicationFilterChain.internalDoFilter(ApplicationFilterChain.java:193)
	at org.apache.catalina.core.ApplicationFilterChain.doFilter(ApplicationFilterChain.java:166)
	at org.springframework.web.filter.FormContentFilter.doFilterInternal(FormContentFilter.java:93)
	at org.springframework.web.filter.OncePerRequestFilter.doFilter(OncePerRequestFilter.java:119)
	at org.apache.catalina.core.ApplicationFilterChain.internalDoFilter(ApplicationFilterChain.java:193)
	at org.apache.catalina.core.ApplicationFilterChain.doFilter(ApplicationFilterChain.java:166)
	at org.springframework.web.filter.CharacterEncodingFilter.doFilterInternal(CharacterEncodingFilter.java:201)
	at org.springframework.web.filter.OncePerRequestFilter.doFilter(OncePerRequestFilter.java:119)
	at org.apache.catalina.core.ApplicationFilterChain.internalDoFilter(ApplicationFilterChain.java:193)
	at org.apache.catalina.core.ApplicationFilterChain.doFilter(ApplicationFilterChain.java:166)
	at org.apache.catalina.core.StandardWrapperValve.invoke(StandardWrapperValve.java:202)
	at org.apache.catalina.core.StandardContextValve.invoke(StandardContextValve.java:97)
	at org.apache.catalina.authenticator.AuthenticatorBase.invoke(AuthenticatorBase.java:541)
	at org.apache.catalina.core.StandardHostValve.invoke(StandardHostValve.java:143)
	at org.apache.catalina.valves.ErrorReportValve.invoke(ErrorReportValve.java:92)
	at org.apache.catalina.core.StandardEngineValve.invoke(StandardEngineValve.java:78)
	at org.apache.catalina.connector.CoyoteAdapter.service(CoyoteAdapter.java:343)
	at org.apache.coyote.http11.Http11Processor.service(Http11Processor.java:374)
	at org.apache.coyote.AbstractProcessorLight.process(AbstractProcessorLight.java:65)
	at org.apache.coyote.AbstractProtocol$ConnectionHandler.process(AbstractProtocol.java:868)
	at org.apache.tomcat.util.net.NioEndpoint$SocketProcessor.doRun(NioEndpoint.java:1590)
	at org.apache.tomcat.util.net.SocketProcessorBase.run(SocketProcessorBase.java:49)
	at java.util.concurrent.ThreadPoolExecutor.runWorker(ThreadPoolExecutor.java:1142)
	at java.util.concurrent.ThreadPoolExecutor$Worker.run(ThreadPoolExecutor.java:617)
	at org.apache.tomcat.util.threads.TaskThread$WrappingRunnable.run(TaskThread.java:61)
	at java.lang.Thread.run(Thread.java:745)
Caused by: java.lang.NumberFormatException: For input string: "每个账号分配一个抽检员"
	at java.lang.NumberFormatException.forInputString(NumberFormatException.java:65)
	at java.lang.Integer.parseInt(Integer.java:580)
	at java.lang.Integer.valueOf(Integer.java:766)
	at org.springframework.util.NumberUtils.parseNumber(NumberUtils.java:211)
	at org.springframework.beans.propertyeditors.CustomNumberEditor.setAsText(CustomNumberEditor.java:115)
	at org.springframework.beans.TypeConverterDelegate.doConvertTextValue(TypeConverterDelegate.java:429)
	at org.springframework.beans.TypeConverterDelegate.doConvertValue(TypeConverterDelegate.java:402)
	at org.springframework.beans.TypeConverterDelegate.convertIfNecessary(TypeConverterDelegate.java:155)
	at org.springframework.beans.TypeConverterSupport.convertIfNecessary(TypeConverterSupport.java:73)
	at org.springframework.beans.TypeConverterSupport.convertIfNecessary(TypeConverterSupport.java:53)
	at org.springframework.validation.DataBinder.convertIfNecessary(DataBinder.java:693)
	at org.springframework.web.method.annotation.AbstractNamedValueMethodArgumentResolver.resolveArgument(AbstractNamedValueMethodArgumentResolver.java:125)
	... 98 common frames omitted
2020-12-19 23:05:31,480 WARN  [http-nio-7070-exec-7] org.springframework.web.servlet.mvc.method.annotation.ExceptionHandlerExceptionResolver : Resolved [org.springframework.web.method.annotation.MethodArgumentTypeMismatchException: Failed to convert value of type 'java.lang.String' to required type 'int'; nested exception is java.lang.NumberFormatException: For input string: "每个账号分配一个抽检员"]
2020-12-19 23:10:38,264 ERROR [http-nio-7070-exec-3] com.bjfu.fcro.common.exception.GlobalExceptionHandler : 未知异常！原因是:
org.springframework.web.method.annotation.MethodArgumentTypeMismatchException: Failed to convert value of type 'java.lang.String' to required type 'int'; nested exception is java.lang.NumberFormatException: For input string: "每个账号分配一个抽检员"
	at org.springframework.web.method.annotation.AbstractNamedValueMethodArgumentResolver.resolveArgument(AbstractNamedValueMethodArgumentResolver.java:133)
	at org.springframework.web.method.support.HandlerMethodArgumentResolverComposite.resolveArgument(HandlerMethodArgumentResolverComposite.java:121)
	at org.springframework.web.method.support.InvocableHandlerMethod.getMethodArgumentValues(InvocableHandlerMethod.java:167)
	at org.springframework.web.method.support.InvocableHandlerMethod.invokeForRequest(InvocableHandlerMethod.java:134)
	at org.springframework.web.servlet.mvc.method.annotation.ServletInvocableHandlerMethod.invokeAndHandle(ServletInvocableHandlerMethod.java:105)
	at org.springframework.web.servlet.mvc.method.annotation.RequestMappingHandlerAdapter.invokeHandlerMethod(RequestMappingHandlerAdapter.java:878)
	at org.springframework.web.servlet.mvc.method.annotation.RequestMappingHandlerAdapter.handleInternal(RequestMappingHandlerAdapter.java:792)
	at org.springframework.web.servlet.mvc.method.AbstractHandlerMethodAdapter.handle(AbstractHandlerMethodAdapter.java:87)
	at org.springframework.web.servlet.DispatcherServlet.doDispatch(DispatcherServlet.java:1040)
	at org.springframework.web.servlet.DispatcherServlet.doService(DispatcherServlet.java:943)
	at org.springframework.web.servlet.FrameworkServlet.processRequest(FrameworkServlet.java:1006)
	at org.springframework.web.servlet.FrameworkServlet.doPost(FrameworkServlet.java:909)
	at javax.servlet.http.HttpServlet.service(HttpServlet.java:652)
	at org.springframework.web.servlet.FrameworkServlet.service(FrameworkServlet.java:883)
	at javax.servlet.http.HttpServlet.service(HttpServlet.java:733)
	at org.apache.catalina.core.ApplicationFilterChain.internalDoFilter(ApplicationFilterChain.java:231)
	at org.apache.catalina.core.ApplicationFilterChain.doFilter(ApplicationFilterChain.java:166)
	at org.apache.tomcat.websocket.server.WsFilter.doFilter(WsFilter.java:53)
	at org.apache.catalina.core.ApplicationFilterChain.internalDoFilter(ApplicationFilterChain.java:193)
	at org.apache.catalina.core.ApplicationFilterChain.doFilter(ApplicationFilterChain.java:166)
	at org.springframework.web.filter.OncePerRequestFilter.doFilter(OncePerRequestFilter.java:113)
	at org.apache.catalina.core.ApplicationFilterChain.internalDoFilter(ApplicationFilterChain.java:193)
	at org.apache.catalina.core.ApplicationFilterChain.doFilter(ApplicationFilterChain.java:166)
	at com.bjfu.fcro.config.handler.CustomizeAbstractSecurityInterceptor.invoke(CustomizeAbstractSecurityInterceptor.java:56)
	at com.bjfu.fcro.config.handler.CustomizeAbstractSecurityInterceptor.doFilter(CustomizeAbstractSecurityInterceptor.java:46)
	at org.apache.catalina.core.ApplicationFilterChain.internalDoFilter(ApplicationFilterChain.java:193)
	at org.apache.catalina.core.ApplicationFilterChain.doFilter(ApplicationFilterChain.java:166)
	at com.bjfu.fcro.config.fliter.VerifyCodeFilter.doFilter(VerifyCodeFilter.java:62)
	at org.apache.catalina.core.ApplicationFilterChain.internalDoFilter(ApplicationFilterChain.java:193)
	at org.apache.catalina.core.ApplicationFilterChain.doFilter(ApplicationFilterChain.java:166)
	at org.springframework.security.web.FilterChainProxy$VirtualFilterChain.doFilter(FilterChainProxy.java:320)
	at org.springframework.security.web.access.intercept.FilterSecurityInterceptor.invoke(FilterSecurityInterceptor.java:126)
	at org.springframework.security.web.access.intercept.FilterSecurityInterceptor.doFilter(FilterSecurityInterceptor.java:90)
	at org.springframework.security.web.FilterChainProxy$VirtualFilterChain.doFilter(FilterChainProxy.java:334)
	at org.springframework.security.web.access.ExceptionTranslationFilter.doFilter(ExceptionTranslationFilter.java:118)
	at org.springframework.security.web.FilterChainProxy$VirtualFilterChain.doFilter(FilterChainProxy.java:334)
	at org.springframework.security.web.session.SessionManagementFilter.doFilter(SessionManagementFilter.java:137)
	at org.springframework.security.web.FilterChainProxy$VirtualFilterChain.doFilter(FilterChainProxy.java:334)
	at org.springframework.security.web.authentication.AnonymousAuthenticationFilter.doFilter(AnonymousAuthenticationFilter.java:111)
	at org.springframework.security.web.FilterChainProxy$VirtualFilterChain.doFilter(FilterChainProxy.java:334)
	at org.springframework.security.web.servletapi.SecurityContextHolderAwareRequestFilter.doFilter(SecurityContextHolderAwareRequestFilter.java:158)
	at org.springframework.security.web.FilterChainProxy$VirtualFilterChain.doFilter(FilterChainProxy.java:334)
	at org.springframework.security.web.savedrequest.RequestCacheAwareFilter.doFilter(RequestCacheAwareFilter.java:63)
	at org.springframework.security.web.FilterChainProxy$VirtualFilterChain.doFilter(FilterChainProxy.java:334)
	at org.springframework.security.web.session.ConcurrentSessionFilter.doFilter(ConcurrentSessionFilter.java:152)
	at org.springframework.security.web.FilterChainProxy$VirtualFilterChain.doFilter(FilterChainProxy.java:334)
	at org.springframework.security.web.authentication.AbstractAuthenticationProcessingFilter.doFilter(AbstractAuthenticationProcessingFilter.java:200)
	at org.springframework.security.web.FilterChainProxy$VirtualFilterChain.doFilter(FilterChainProxy.java:334)
	at com.bjfu.fcro.config.handler.CustomizeOncePerRequestFilter.doFilterInternal(CustomizeOncePerRequestFilter.java:98)
	at org.springframework.web.filter.OncePerRequestFilter.doFilter(OncePerRequestFilter.java:119)
	at org.springframework.security.web.FilterChainProxy$VirtualFilterChain.doFilter(FilterChainProxy.java:334)
	at org.springframework.security.web.authentication.logout.LogoutFilter.doFilter(LogoutFilter.java:116)
	at org.springframework.security.web.FilterChainProxy$VirtualFilterChain.doFilter(FilterChainProxy.java:334)
	at org.springframework.web.filter.CorsFilter.doFilterInternal(CorsFilter.java:92)
	at org.springframework.web.filter.OncePerRequestFilter.doFilter(OncePerRequestFilter.java:119)
	at org.springframework.security.web.FilterChainProxy$VirtualFilterChain.doFilter(FilterChainProxy.java:334)
	at org.springframework.security.web.header.HeaderWriterFilter.doHeadersAfter(HeaderWriterFilter.java:92)
	at org.springframework.security.web.header.HeaderWriterFilter.doFilterInternal(HeaderWriterFilter.java:77)
	at org.springframework.web.filter.OncePerRequestFilter.doFilter(OncePerRequestFilter.java:119)
	at org.springframework.security.web.FilterChainProxy$VirtualFilterChain.doFilter(FilterChainProxy.java:334)
	at org.springframework.security.web.context.SecurityContextPersistenceFilter.doFilter(SecurityContextPersistenceFilter.java:105)
	at org.springframework.security.web.FilterChainProxy$VirtualFilterChain.doFilter(FilterChainProxy.java:334)
	at org.springframework.security.web.context.request.async.WebAsyncManagerIntegrationFilter.doFilterInternal(WebAsyncManagerIntegrationFilter.java:56)
	at org.springframework.web.filter.OncePerRequestFilter.doFilter(OncePerRequestFilter.java:119)
	at org.springframework.security.web.FilterChainProxy$VirtualFilterChain.doFilter(FilterChainProxy.java:334)
	at org.springframework.security.web.FilterChainProxy.doFilterInternal(FilterChainProxy.java:215)
	at org.springframework.security.web.FilterChainProxy.doFilter(FilterChainProxy.java:178)
	at org.springframework.web.filter.DelegatingFilterProxy.invokeDelegate(DelegatingFilterProxy.java:358)
	at org.springframework.web.filter.DelegatingFilterProxy.doFilter(DelegatingFilterProxy.java:271)
	at org.apache.catalina.core.ApplicationFilterChain.internalDoFilter(ApplicationFilterChain.java:193)
	at org.apache.catalina.core.ApplicationFilterChain.doFilter(ApplicationFilterChain.java:166)
	at org.springframework.web.filter.RequestContextFilter.doFilterInternal(RequestContextFilter.java:100)
	at org.springframework.web.filter.OncePerRequestFilter.doFilter(OncePerRequestFilter.java:119)
	at org.apache.catalina.core.ApplicationFilterChain.internalDoFilter(ApplicationFilterChain.java:193)
	at org.apache.catalina.core.ApplicationFilterChain.doFilter(ApplicationFilterChain.java:166)
	at org.springframework.web.filter.FormContentFilter.doFilterInternal(FormContentFilter.java:93)
	at org.springframework.web.filter.OncePerRequestFilter.doFilter(OncePerRequestFilter.java:119)
	at org.apache.catalina.core.ApplicationFilterChain.internalDoFilter(ApplicationFilterChain.java:193)
	at org.apache.catalina.core.ApplicationFilterChain.doFilter(ApplicationFilterChain.java:166)
	at org.springframework.web.filter.CharacterEncodingFilter.doFilterInternal(CharacterEncodingFilter.java:201)
	at org.springframework.web.filter.OncePerRequestFilter.doFilter(OncePerRequestFilter.java:119)
	at org.apache.catalina.core.ApplicationFilterChain.internalDoFilter(ApplicationFilterChain.java:193)
	at org.apache.catalina.core.ApplicationFilterChain.doFilter(ApplicationFilterChain.java:166)
	at org.apache.catalina.core.StandardWrapperValve.invoke(StandardWrapperValve.java:202)
	at org.apache.catalina.core.StandardContextValve.invoke(StandardContextValve.java:97)
	at org.apache.catalina.authenticator.AuthenticatorBase.invoke(AuthenticatorBase.java:541)
	at org.apache.catalina.core.StandardHostValve.invoke(StandardHostValve.java:143)
	at org.apache.catalina.valves.ErrorReportValve.invoke(ErrorReportValve.java:92)
	at org.apache.catalina.core.StandardEngineValve.invoke(StandardEngineValve.java:78)
	at org.apache.catalina.connector.CoyoteAdapter.service(CoyoteAdapter.java:343)
	at org.apache.coyote.http11.Http11Processor.service(Http11Processor.java:374)
	at org.apache.coyote.AbstractProcessorLight.process(AbstractProcessorLight.java:65)
	at org.apache.coyote.AbstractProtocol$ConnectionHandler.process(AbstractProtocol.java:868)
	at org.apache.tomcat.util.net.NioEndpoint$SocketProcessor.doRun(NioEndpoint.java:1590)
	at org.apache.tomcat.util.net.SocketProcessorBase.run(SocketProcessorBase.java:49)
	at java.util.concurrent.ThreadPoolExecutor.runWorker(ThreadPoolExecutor.java:1142)
	at java.util.concurrent.ThreadPoolExecutor$Worker.run(ThreadPoolExecutor.java:617)
	at org.apache.tomcat.util.threads.TaskThread$WrappingRunnable.run(TaskThread.java:61)
	at java.lang.Thread.run(Thread.java:745)
Caused by: java.lang.NumberFormatException: For input string: "每个账号分配一个抽检员"
	at java.lang.NumberFormatException.forInputString(NumberFormatException.java:65)
	at java.lang.Integer.parseInt(Integer.java:580)
	at java.lang.Integer.valueOf(Integer.java:766)
	at org.springframework.util.NumberUtils.parseNumber(NumberUtils.java:211)
	at org.springframework.beans.propertyeditors.CustomNumberEditor.setAsText(CustomNumberEditor.java:115)
	at org.springframework.beans.TypeConverterDelegate.doConvertTextValue(TypeConverterDelegate.java:429)
	at org.springframework.beans.TypeConverterDelegate.doConvertValue(TypeConverterDelegate.java:402)
	at org.springframework.beans.TypeConverterDelegate.convertIfNecessary(TypeConverterDelegate.java:155)
	at org.springframework.beans.TypeConverterSupport.convertIfNecessary(TypeConverterSupport.java:73)
	at org.springframework.beans.TypeConverterSupport.convertIfNecessary(TypeConverterSupport.java:53)
	at org.springframework.validation.DataBinder.convertIfNecessary(DataBinder.java:693)
	at org.springframework.web.method.annotation.AbstractNamedValueMethodArgumentResolver.resolveArgument(AbstractNamedValueMethodArgumentResolver.java:125)
	... 98 common frames omitted
2020-12-19 23:10:38,268 WARN  [http-nio-7070-exec-3] org.springframework.web.servlet.mvc.method.annotation.ExceptionHandlerExceptionResolver : Resolved [org.springframework.web.method.annotation.MethodArgumentTypeMismatchException: Failed to convert value of type 'java.lang.String' to required type 'int'; nested exception is java.lang.NumberFormatException: For input string: "每个账号分配一个抽检员"]
2020-12-19 23:12:04,236 INFO  [restartedMain] com.bjfu.fcro.FoodcheckRouteoptiApplication : Starting FoodcheckRouteoptiApplication on DESKTOP-FVOEJCM with PID 268 (E:\ltx\foodcheck_routeopti\target\classes started by ltx in E:\ltx\foodcheck_routeopti)
2020-12-19 23:12:04,239 INFO  [restartedMain] com.bjfu.fcro.FoodcheckRouteoptiApplication : No active profile set, falling back to default profiles: default
2020-12-19 23:12:04,287 INFO  [restartedMain] org.springframework.boot.devtools.env.DevToolsPropertyDefaultsPostProcessor : Devtools property defaults active! Set 'spring.devtools.add-properties' to 'false' to disable
2020-12-19 23:12:04,288 INFO  [restartedMain] org.springframework.boot.devtools.env.DevToolsPropertyDefaultsPostProcessor : For additional web related logging consider setting the 'logging.level.web' property to 'DEBUG'
2020-12-19 23:12:04,913 INFO  [restartedMain] org.springframework.data.repository.config.RepositoryConfigurationDelegate : Multiple Spring Data modules found, entering strict repository configuration mode!
2020-12-19 23:12:04,914 INFO  [restartedMain] org.springframework.data.repository.config.RepositoryConfigurationDelegate : Bootstrapping Spring Data JDBC repositories in DEFAULT mode.
2020-12-19 23:12:04,954 INFO  [restartedMain] org.springframework.data.repository.config.RepositoryConfigurationDelegate : Finished Spring Data repository scanning in 37ms. Found 0 JDBC repository interfaces.
2020-12-19 23:12:04,995 INFO  [restartedMain] org.springframework.data.repository.config.RepositoryConfigurationDelegate : Multiple Spring Data modules found, entering strict repository configuration mode!
2020-12-19 23:12:04,997 INFO  [restartedMain] org.springframework.data.repository.config.RepositoryConfigurationDelegate : Bootstrapping Spring Data Redis repositories in DEFAULT mode.
2020-12-19 23:12:05,029 INFO  [restartedMain] org.springframework.data.repository.config.RepositoryConfigurationDelegate : Finished Spring Data repository scanning in 18ms. Found 0 Redis repository interfaces.
2020-12-19 23:12:05,567 INFO  [restartedMain] org.springframework.boot.web.embedded.tomcat.TomcatWebServer : Tomcat initialized with port(s): 7070 (http)
2020-12-19 23:12:05,575 INFO  [restartedMain] org.apache.catalina.core.StandardService : Starting service [Tomcat]
2020-12-19 23:12:05,575 INFO  [restartedMain] org.apache.catalina.core.StandardEngine : Starting Servlet engine: [Apache Tomcat/9.0.38]
2020-12-19 23:12:05,694 INFO  [restartedMain] org.apache.catalina.core.ContainerBase.[Tomcat].[localhost].[/] : Initializing Spring embedded WebApplicationContext
2020-12-19 23:12:05,694 INFO  [restartedMain] org.springframework.boot.web.servlet.context.ServletWebServerApplicationContext : Root WebApplicationContext: initialization completed in 1406 ms
2020-12-19 23:12:05,910 WARN  [restartedMain] com.bjfu.fcro.config.handler.CustomizeAbstractSecurityInterceptor : Could not validate configuration attributes as the SecurityMetadataSource did not return any attributes from getAllConfigAttributes()
2020-12-19 23:12:06,241 INFO  [restartedMain] org.springframework.boot.autoconfigure.web.servlet.WelcomePageHandlerMapping : Adding welcome page: class path resource [static/index.html]
2020-12-19 23:12:06,370 INFO  [restartedMain] org.springframework.security.web.DefaultSecurityFilterChain : Creating filter chain: any request, [org.springframework.security.web.context.request.async.WebAsyncManagerIntegrationFilter@15fab53e, org.springframework.security.web.context.SecurityContextPersistenceFilter@23ee9f17, org.springframework.security.web.header.HeaderWriterFilter@52cb1fd4, org.springframework.web.filter.CorsFilter@5b6d439b, org.springframework.security.web.authentication.logout.LogoutFilter@50f60ad4, com.bjfu.fcro.config.handler.CustomizeOncePerRequestFilter@6897d7a2, org.springframework.security.web.authentication.UsernamePasswordAuthenticationFilter@78e0f5e6, org.springframework.security.web.session.ConcurrentSessionFilter@261d4030, org.springframework.security.web.savedrequest.RequestCacheAwareFilter@2b94666c, org.springframework.security.web.servletapi.SecurityContextHolderAwareRequestFilter@2708f396, org.springframework.security.web.authentication.AnonymousAuthenticationFilter@5c4224c5, org.springframework.security.web.session.SessionManagementFilter@4e62c0c0, org.springframework.security.web.access.ExceptionTranslationFilter@8f737fd, org.springframework.security.web.access.intercept.FilterSecurityInterceptor@3ed77bf8]
2020-12-19 23:12:06,407 INFO  [restartedMain] org.springframework.scheduling.concurrent.ThreadPoolTaskExecutor : Initializing ExecutorService 'applicationTaskExecutor'
2020-12-19 23:12:06,739 INFO  [restartedMain] com.alibaba.druid.pool.DruidDataSource : {dataSource-1} inited
2020-12-19 23:12:06,981 INFO  [restartedMain] org.springframework.boot.devtools.autoconfigure.OptionalLiveReloadServer : LiveReload server is running on port 35729
2020-12-19 23:12:07,014 INFO  [restartedMain] org.springframework.boot.web.embedded.tomcat.TomcatWebServer : Tomcat started on port(s): 7070 (http) with context path ''
2020-12-19 23:12:07,024 INFO  [restartedMain] com.bjfu.fcro.FoodcheckRouteoptiApplication : Started FoodcheckRouteoptiApplication in 3.301 seconds (JVM running for 4.456)
2020-12-19 23:12:14,200 INFO  [http-nio-7070-exec-1] org.apache.catalina.core.ContainerBase.[Tomcat].[localhost].[/] : Initializing Spring DispatcherServlet 'dispatcherServlet'
2020-12-19 23:12:14,200 INFO  [http-nio-7070-exec-1] org.springframework.web.servlet.DispatcherServlet : Initializing Servlet 'dispatcherServlet'
2020-12-19 23:12:14,206 INFO  [http-nio-7070-exec-1] org.springframework.web.servlet.DispatcherServlet : Completed initialization in 5 ms
2020-12-19 23:13:15,322 INFO  [restartedMain] com.bjfu.fcro.FoodcheckRouteoptiApplication : Starting FoodcheckRouteoptiApplication on DESKTOP-FVOEJCM with PID 7452 (E:\ltx\foodcheck_routeopti\target\classes started by ltx in E:\ltx\foodcheck_routeopti)
2020-12-19 23:13:15,327 INFO  [restartedMain] com.bjfu.fcro.FoodcheckRouteoptiApplication : No active profile set, falling back to default profiles: default
2020-12-19 23:13:15,401 INFO  [restartedMain] org.springframework.boot.devtools.env.DevToolsPropertyDefaultsPostProcessor : Devtools property defaults active! Set 'spring.devtools.add-properties' to 'false' to disable
2020-12-19 23:13:15,402 INFO  [restartedMain] org.springframework.boot.devtools.env.DevToolsPropertyDefaultsPostProcessor : For additional web related logging consider setting the 'logging.level.web' property to 'DEBUG'
2020-12-19 23:13:16,048 INFO  [restartedMain] org.springframework.data.repository.config.RepositoryConfigurationDelegate : Multiple Spring Data modules found, entering strict repository configuration mode!
2020-12-19 23:13:16,049 INFO  [restartedMain] org.springframework.data.repository.config.RepositoryConfigurationDelegate : Bootstrapping Spring Data JDBC repositories in DEFAULT mode.
2020-12-19 23:13:16,091 INFO  [restartedMain] org.springframework.data.repository.config.RepositoryConfigurationDelegate : Finished Spring Data repository scanning in 38ms. Found 0 JDBC repository interfaces.
2020-12-19 23:13:16,103 INFO  [restartedMain] org.springframework.data.repository.config.RepositoryConfigurationDelegate : Multiple Spring Data modules found, entering strict repository configuration mode!
2020-12-19 23:13:16,104 INFO  [restartedMain] org.springframework.data.repository.config.RepositoryConfigurationDelegate : Bootstrapping Spring Data Redis repositories in DEFAULT mode.
2020-12-19 23:13:16,129 INFO  [restartedMain] org.springframework.data.repository.config.RepositoryConfigurationDelegate : Finished Spring Data repository scanning in 18ms. Found 0 Redis repository interfaces.
2020-12-19 23:13:16,638 INFO  [restartedMain] org.springframework.boot.web.embedded.tomcat.TomcatWebServer : Tomcat initialized with port(s): 7070 (http)
2020-12-19 23:13:16,646 INFO  [restartedMain] org.apache.catalina.core.StandardService : Starting service [Tomcat]
2020-12-19 23:13:16,646 INFO  [restartedMain] org.apache.catalina.core.StandardEngine : Starting Servlet engine: [Apache Tomcat/9.0.38]
2020-12-19 23:13:16,776 INFO  [restartedMain] org.apache.catalina.core.ContainerBase.[Tomcat].[localhost].[/] : Initializing Spring embedded WebApplicationContext
2020-12-19 23:13:16,776 INFO  [restartedMain] org.springframework.boot.web.servlet.context.ServletWebServerApplicationContext : Root WebApplicationContext: initialization completed in 1374 ms
2020-12-19 23:13:16,989 WARN  [restartedMain] com.bjfu.fcro.config.handler.CustomizeAbstractSecurityInterceptor : Could not validate configuration attributes as the SecurityMetadataSource did not return any attributes from getAllConfigAttributes()
2020-12-19 23:13:17,318 INFO  [restartedMain] org.springframework.boot.autoconfigure.web.servlet.WelcomePageHandlerMapping : Adding welcome page: class path resource [static/index.html]
2020-12-19 23:13:17,451 INFO  [restartedMain] org.springframework.security.web.DefaultSecurityFilterChain : Creating filter chain: any request, [org.springframework.security.web.context.request.async.WebAsyncManagerIntegrationFilter@36cacd9, org.springframework.security.web.context.SecurityContextPersistenceFilter@5ec9d4f3, org.springframework.security.web.header.HeaderWriterFilter@3c1559d6, org.springframework.web.filter.CorsFilter@dd6c31b, org.springframework.security.web.authentication.logout.LogoutFilter@52de330f, com.bjfu.fcro.config.handler.CustomizeOncePerRequestFilter@262a190c, org.springframework.security.web.authentication.UsernamePasswordAuthenticationFilter@5996230, org.springframework.security.web.session.ConcurrentSessionFilter@3ad40eef, org.springframework.security.web.savedrequest.RequestCacheAwareFilter@52e4381a, org.springframework.security.web.servletapi.SecurityContextHolderAwareRequestFilter@3b42d21d, org.springframework.security.web.authentication.AnonymousAuthenticationFilter@71223d4d, org.springframework.security.web.session.SessionManagementFilter@5e84a248, org.springframework.security.web.access.ExceptionTranslationFilter@57fa62db, org.springframework.security.web.access.intercept.FilterSecurityInterceptor@771852f2]
2020-12-19 23:13:17,487 INFO  [restartedMain] org.springframework.scheduling.concurrent.ThreadPoolTaskExecutor : Initializing ExecutorService 'applicationTaskExecutor'
2020-12-19 23:13:17,828 INFO  [restartedMain] com.alibaba.druid.pool.DruidDataSource : {dataSource-1} inited
2020-12-19 23:13:18,048 INFO  [restartedMain] org.springframework.boot.devtools.autoconfigure.OptionalLiveReloadServer : LiveReload server is running on port 35729
2020-12-19 23:13:18,081 INFO  [restartedMain] org.springframework.boot.web.embedded.tomcat.TomcatWebServer : Tomcat started on port(s): 7070 (http) with context path ''
2020-12-19 23:13:18,091 INFO  [restartedMain] com.bjfu.fcro.FoodcheckRouteoptiApplication : Started FoodcheckRouteoptiApplication in 3.357 seconds (JVM running for 4.37)
2020-12-19 23:13:48,502 INFO  [http-nio-7070-exec-1] org.apache.catalina.core.ContainerBase.[Tomcat].[localhost].[/] : Initializing Spring DispatcherServlet 'dispatcherServlet'
2020-12-19 23:13:48,502 INFO  [http-nio-7070-exec-1] org.springframework.web.servlet.DispatcherServlet : Initializing Servlet 'dispatcherServlet'
2020-12-19 23:13:48,508 INFO  [http-nio-7070-exec-1] org.springframework.web.servlet.DispatcherServlet : Completed initialization in 6 ms
2020-12-19 23:15:21,354 INFO  [restartedMain] com.bjfu.fcro.FoodcheckRouteoptiApplication : Starting FoodcheckRouteoptiApplication on DESKTOP-FVOEJCM with PID 17284 (E:\ltx\foodcheck_routeopti\target\classes started by ltx in E:\ltx\foodcheck_routeopti)
2020-12-19 23:15:21,356 INFO  [restartedMain] com.bjfu.fcro.FoodcheckRouteoptiApplication : No active profile set, falling back to default profiles: default
2020-12-19 23:15:21,418 INFO  [restartedMain] org.springframework.boot.devtools.env.DevToolsPropertyDefaultsPostProcessor : Devtools property defaults active! Set 'spring.devtools.add-properties' to 'false' to disable
2020-12-19 23:15:21,418 INFO  [restartedMain] org.springframework.boot.devtools.env.DevToolsPropertyDefaultsPostProcessor : For additional web related logging consider setting the 'logging.level.web' property to 'DEBUG'
2020-12-19 23:15:22,166 INFO  [restartedMain] org.springframework.data.repository.config.RepositoryConfigurationDelegate : Multiple Spring Data modules found, entering strict repository configuration mode!
2020-12-19 23:15:22,167 INFO  [restartedMain] org.springframework.data.repository.config.RepositoryConfigurationDelegate : Bootstrapping Spring Data JDBC repositories in DEFAULT mode.
2020-12-19 23:15:22,212 INFO  [restartedMain] org.springframework.data.repository.config.RepositoryConfigurationDelegate : Finished Spring Data repository scanning in 41ms. Found 0 JDBC repository interfaces.
2020-12-19 23:15:22,225 INFO  [restartedMain] org.springframework.data.repository.config.RepositoryConfigurationDelegate : Multiple Spring Data modules found, entering strict repository configuration mode!
2020-12-19 23:15:22,226 INFO  [restartedMain] org.springframework.data.repository.config.RepositoryConfigurationDelegate : Bootstrapping Spring Data Redis repositories in DEFAULT mode.
2020-12-19 23:15:22,254 INFO  [restartedMain] org.springframework.data.repository.config.RepositoryConfigurationDelegate : Finished Spring Data repository scanning in 19ms. Found 0 Redis repository interfaces.
2020-12-19 23:15:22,776 INFO  [restartedMain] org.springframework.boot.web.embedded.tomcat.TomcatWebServer : Tomcat initialized with port(s): 7070 (http)
2020-12-19 23:15:22,784 INFO  [restartedMain] org.apache.catalina.core.StandardService : Starting service [Tomcat]
2020-12-19 23:15:22,784 INFO  [restartedMain] org.apache.catalina.core.StandardEngine : Starting Servlet engine: [Apache Tomcat/9.0.38]
2020-12-19 23:15:22,912 INFO  [restartedMain] org.apache.catalina.core.ContainerBase.[Tomcat].[localhost].[/] : Initializing Spring embedded WebApplicationContext
2020-12-19 23:15:22,913 INFO  [restartedMain] org.springframework.boot.web.servlet.context.ServletWebServerApplicationContext : Root WebApplicationContext: initialization completed in 1495 ms
2020-12-19 23:15:23,123 WARN  [restartedMain] com.bjfu.fcro.config.handler.CustomizeAbstractSecurityInterceptor : Could not validate configuration attributes as the SecurityMetadataSource did not return any attributes from getAllConfigAttributes()
2020-12-19 23:15:23,463 INFO  [restartedMain] org.springframework.boot.autoconfigure.web.servlet.WelcomePageHandlerMapping : Adding welcome page: class path resource [static/index.html]
2020-12-19 23:15:23,592 INFO  [restartedMain] org.springframework.security.web.DefaultSecurityFilterChain : Creating filter chain: any request, [org.springframework.security.web.context.request.async.WebAsyncManagerIntegrationFilter@5b01af1d, org.springframework.security.web.context.SecurityContextPersistenceFilter@104d60ef, org.springframework.security.web.header.HeaderWriterFilter@39e10ebd, org.springframework.web.filter.CorsFilter@626c4fce, org.springframework.security.web.authentication.logout.LogoutFilter@1ad98f28, com.bjfu.fcro.config.handler.CustomizeOncePerRequestFilter@1b6b2b61, org.springframework.security.web.authentication.UsernamePasswordAuthenticationFilter@2fb616a, org.springframework.security.web.session.ConcurrentSessionFilter@564f2467, org.springframework.security.web.savedrequest.RequestCacheAwareFilter@1f818fb2, org.springframework.security.web.servletapi.SecurityContextHolderAwareRequestFilter@3de25e61, org.springframework.security.web.authentication.AnonymousAuthenticationFilter@39ef5edd, org.springframework.security.web.session.SessionManagementFilter@4e3295d1, org.springframework.security.web.access.ExceptionTranslationFilter@4d8d5989, org.springframework.security.web.access.intercept.FilterSecurityInterceptor@32159d5d]
2020-12-19 23:15:23,627 INFO  [restartedMain] org.springframework.scheduling.concurrent.ThreadPoolTaskExecutor : Initializing ExecutorService 'applicationTaskExecutor'
2020-12-19 23:15:23,964 INFO  [restartedMain] com.alibaba.druid.pool.DruidDataSource : {dataSource-1} inited
2020-12-19 23:15:24,186 INFO  [restartedMain] org.springframework.boot.devtools.autoconfigure.OptionalLiveReloadServer : LiveReload server is running on port 35729
2020-12-19 23:15:24,220 INFO  [restartedMain] org.springframework.boot.web.embedded.tomcat.TomcatWebServer : Tomcat started on port(s): 7070 (http) with context path ''
2020-12-19 23:15:24,230 INFO  [restartedMain] com.bjfu.fcro.FoodcheckRouteoptiApplication : Started FoodcheckRouteoptiApplication in 3.325 seconds (JVM running for 4.371)
2020-12-19 23:15:27,275 INFO  [http-nio-7070-exec-1] org.apache.catalina.core.ContainerBase.[Tomcat].[localhost].[/] : Initializing Spring DispatcherServlet 'dispatcherServlet'
2020-12-19 23:15:27,275 INFO  [http-nio-7070-exec-1] org.springframework.web.servlet.DispatcherServlet : Initializing Servlet 'dispatcherServlet'
2020-12-19 23:15:27,281 INFO  [http-nio-7070-exec-1] org.springframework.web.servlet.DispatcherServlet : Completed initialization in 6 ms
2020-12-19 23:15:43,303 INFO  [restartedMain] com.bjfu.fcro.FoodcheckRouteoptiApplication : Starting FoodcheckRouteoptiApplication on DESKTOP-FVOEJCM with PID 14072 (E:\ltx\foodcheck_routeopti\target\classes started by ltx in E:\ltx\foodcheck_routeopti)
2020-12-19 23:15:43,306 INFO  [restartedMain] com.bjfu.fcro.FoodcheckRouteoptiApplication : No active profile set, falling back to default profiles: default
2020-12-19 23:15:43,357 INFO  [restartedMain] org.springframework.boot.devtools.env.DevToolsPropertyDefaultsPostProcessor : Devtools property defaults active! Set 'spring.devtools.add-properties' to 'false' to disable
2020-12-19 23:15:43,358 INFO  [restartedMain] org.springframework.boot.devtools.env.DevToolsPropertyDefaultsPostProcessor : For additional web related logging consider setting the 'logging.level.web' property to 'DEBUG'
2020-12-19 23:15:44,049 INFO  [restartedMain] org.springframework.data.repository.config.RepositoryConfigurationDelegate : Multiple Spring Data modules found, entering strict repository configuration mode!
2020-12-19 23:15:44,050 INFO  [restartedMain] org.springframework.data.repository.config.RepositoryConfigurationDelegate : Bootstrapping Spring Data JDBC repositories in DEFAULT mode.
2020-12-19 23:15:44,097 INFO  [restartedMain] org.springframework.data.repository.config.RepositoryConfigurationDelegate : Finished Spring Data repository scanning in 43ms. Found 0 JDBC repository interfaces.
2020-12-19 23:15:44,113 INFO  [restartedMain] org.springframework.data.repository.config.RepositoryConfigurationDelegate : Multiple Spring Data modules found, entering strict repository configuration mode!
2020-12-19 23:15:44,114 INFO  [restartedMain] org.springframework.data.repository.config.RepositoryConfigurationDelegate : Bootstrapping Spring Data Redis repositories in DEFAULT mode.
2020-12-19 23:15:44,145 INFO  [restartedMain] org.springframework.data.repository.config.RepositoryConfigurationDelegate : Finished Spring Data repository scanning in 22ms. Found 0 Redis repository interfaces.
2020-12-19 23:15:44,750 INFO  [restartedMain] org.springframework.boot.web.embedded.tomcat.TomcatWebServer : Tomcat initialized with port(s): 7070 (http)
2020-12-19 23:15:44,758 INFO  [restartedMain] org.apache.catalina.core.StandardService : Starting service [Tomcat]
2020-12-19 23:15:44,758 INFO  [restartedMain] org.apache.catalina.core.StandardEngine : Starting Servlet engine: [Apache Tomcat/9.0.38]
2020-12-19 23:15:44,901 INFO  [restartedMain] org.apache.catalina.core.ContainerBase.[Tomcat].[localhost].[/] : Initializing Spring embedded WebApplicationContext
2020-12-19 23:15:44,901 INFO  [restartedMain] org.springframework.boot.web.servlet.context.ServletWebServerApplicationContext : Root WebApplicationContext: initialization completed in 1543 ms
2020-12-19 23:15:45,110 WARN  [restartedMain] com.bjfu.fcro.config.handler.CustomizeAbstractSecurityInterceptor : Could not validate configuration attributes as the SecurityMetadataSource did not return any attributes from getAllConfigAttributes()
2020-12-19 23:15:45,447 INFO  [restartedMain] org.springframework.boot.autoconfigure.web.servlet.WelcomePageHandlerMapping : Adding welcome page: class path resource [static/index.html]
2020-12-19 23:15:45,579 INFO  [restartedMain] org.springframework.security.web.DefaultSecurityFilterChain : Creating filter chain: any request, [org.springframework.security.web.context.request.async.WebAsyncManagerIntegrationFilter@3c806fdb, org.springframework.security.web.context.SecurityContextPersistenceFilter@6aa70787, org.springframework.security.web.header.HeaderWriterFilter@2a5214bb, org.springframework.web.filter.CorsFilter@5521d996, org.springframework.security.web.authentication.logout.LogoutFilter@190963d7, com.bjfu.fcro.config.handler.CustomizeOncePerRequestFilter@40e3c30b, org.springframework.security.web.authentication.UsernamePasswordAuthenticationFilter@3409f76d, org.springframework.security.web.session.ConcurrentSessionFilter@15f36233, org.springframework.security.web.savedrequest.RequestCacheAwareFilter@1d7eeb1f, org.springframework.security.web.servletapi.SecurityContextHolderAwareRequestFilter@f0a8d8b, org.springframework.security.web.authentication.AnonymousAuthenticationFilter@24cb4271, org.springframework.security.web.session.SessionManagementFilter@4db28626, org.springframework.security.web.access.ExceptionTranslationFilter@2c5eef61, org.springframework.security.web.access.intercept.FilterSecurityInterceptor@1f376bf]
2020-12-19 23:15:45,614 INFO  [restartedMain] org.springframework.scheduling.concurrent.ThreadPoolTaskExecutor : Initializing ExecutorService 'applicationTaskExecutor'
2020-12-19 23:15:45,941 INFO  [restartedMain] com.alibaba.druid.pool.DruidDataSource : {dataSource-1} inited
2020-12-19 23:15:46,160 INFO  [restartedMain] org.springframework.boot.devtools.autoconfigure.OptionalLiveReloadServer : LiveReload server is running on port 35729
2020-12-19 23:15:46,193 INFO  [restartedMain] org.springframework.boot.web.embedded.tomcat.TomcatWebServer : Tomcat started on port(s): 7070 (http) with context path ''
2020-12-19 23:15:46,204 INFO  [restartedMain] com.bjfu.fcro.FoodcheckRouteoptiApplication : Started FoodcheckRouteoptiApplication in 3.366 seconds (JVM running for 4.395)
2020-12-19 23:15:49,035 INFO  [http-nio-7070-exec-1] org.apache.catalina.core.ContainerBase.[Tomcat].[localhost].[/] : Initializing Spring DispatcherServlet 'dispatcherServlet'
2020-12-19 23:15:49,035 INFO  [http-nio-7070-exec-1] org.springframework.web.servlet.DispatcherServlet : Initializing Servlet 'dispatcherServlet'
2020-12-19 23:15:49,041 INFO  [http-nio-7070-exec-1] org.springframework.web.servlet.DispatcherServlet : Completed initialization in 5 ms
2020-12-19 23:17:14,569 INFO  [restartedMain] com.bjfu.fcro.FoodcheckRouteoptiApplication : Starting FoodcheckRouteoptiApplication on DESKTOP-FVOEJCM with PID 11628 (E:\ltx\foodcheck_routeopti\target\classes started by ltx in E:\ltx\foodcheck_routeopti)
2020-12-19 23:17:14,572 INFO  [restartedMain] com.bjfu.fcro.FoodcheckRouteoptiApplication : No active profile set, falling back to default profiles: default
2020-12-19 23:17:14,626 INFO  [restartedMain] org.springframework.boot.devtools.env.DevToolsPropertyDefaultsPostProcessor : Devtools property defaults active! Set 'spring.devtools.add-properties' to 'false' to disable
2020-12-19 23:17:14,626 INFO  [restartedMain] org.springframework.boot.devtools.env.DevToolsPropertyDefaultsPostProcessor : For additional web related logging consider setting the 'logging.level.web' property to 'DEBUG'
2020-12-19 23:17:15,269 INFO  [restartedMain] org.springframework.data.repository.config.RepositoryConfigurationDelegate : Multiple Spring Data modules found, entering strict repository configuration mode!
2020-12-19 23:17:15,270 INFO  [restartedMain] org.springframework.data.repository.config.RepositoryConfigurationDelegate : Bootstrapping Spring Data JDBC repositories in DEFAULT mode.
2020-12-19 23:17:15,312 INFO  [restartedMain] org.springframework.data.repository.config.RepositoryConfigurationDelegate : Finished Spring Data repository scanning in 38ms. Found 0 JDBC repository interfaces.
2020-12-19 23:17:15,324 INFO  [restartedMain] org.springframework.data.repository.config.RepositoryConfigurationDelegate : Multiple Spring Data modules found, entering strict repository configuration mode!
2020-12-19 23:17:15,325 INFO  [restartedMain] org.springframework.data.repository.config.RepositoryConfigurationDelegate : Bootstrapping Spring Data Redis repositories in DEFAULT mode.
2020-12-19 23:17:15,351 INFO  [restartedMain] org.springframework.data.repository.config.RepositoryConfigurationDelegate : Finished Spring Data repository scanning in 18ms. Found 0 Redis repository interfaces.
2020-12-19 23:17:15,873 INFO  [restartedMain] org.springframework.boot.web.embedded.tomcat.TomcatWebServer : Tomcat initialized with port(s): 7070 (http)
2020-12-19 23:17:15,881 INFO  [restartedMain] org.apache.catalina.core.StandardService : Starting service [Tomcat]
2020-12-19 23:17:15,881 INFO  [restartedMain] org.apache.catalina.core.StandardEngine : Starting Servlet engine: [Apache Tomcat/9.0.38]
2020-12-19 23:17:15,999 INFO  [restartedMain] org.apache.catalina.core.ContainerBase.[Tomcat].[localhost].[/] : Initializing Spring embedded WebApplicationContext
2020-12-19 23:17:16,000 INFO  [restartedMain] org.springframework.boot.web.servlet.context.ServletWebServerApplicationContext : Root WebApplicationContext: initialization completed in 1373 ms
2020-12-19 23:17:16,198 WARN  [restartedMain] com.bjfu.fcro.config.handler.CustomizeAbstractSecurityInterceptor : Could not validate configuration attributes as the SecurityMetadataSource did not return any attributes from getAllConfigAttributes()
2020-12-19 23:17:16,544 INFO  [restartedMain] org.springframework.boot.autoconfigure.web.servlet.WelcomePageHandlerMapping : Adding welcome page: class path resource [static/index.html]
2020-12-19 23:17:16,676 INFO  [restartedMain] org.springframework.security.web.DefaultSecurityFilterChain : Creating filter chain: any request, [org.springframework.security.web.context.request.async.WebAsyncManagerIntegrationFilter@3ae872f7, org.springframework.security.web.context.SecurityContextPersistenceFilter@60e22d15, org.springframework.security.web.header.HeaderWriterFilter@218fefd1, org.springframework.web.filter.CorsFilter@72af999f, org.springframework.security.web.authentication.logout.LogoutFilter@6731e5fb, com.bjfu.fcro.config.handler.CustomizeOncePerRequestFilter@8b99347, org.springframework.security.web.authentication.UsernamePasswordAuthenticationFilter@79fc3c25, org.springframework.security.web.session.ConcurrentSessionFilter@78a62262, org.springframework.security.web.savedrequest.RequestCacheAwareFilter@4d0bea04, org.springframework.security.web.servletapi.SecurityContextHolderAwareRequestFilter@1a2a87a3, org.springframework.security.web.authentication.AnonymousAuthenticationFilter@354a928e, org.springframework.security.web.session.SessionManagementFilter@239472c9, org.springframework.security.web.access.ExceptionTranslationFilter@47efe9d8, org.springframework.security.web.access.intercept.FilterSecurityInterceptor@1eae161]
2020-12-19 23:17:16,711 INFO  [restartedMain] org.springframework.scheduling.concurrent.ThreadPoolTaskExecutor : Initializing ExecutorService 'applicationTaskExecutor'
2020-12-19 23:17:17,036 INFO  [restartedMain] com.alibaba.druid.pool.DruidDataSource : {dataSource-1} inited
2020-12-19 23:17:17,284 INFO  [restartedMain] org.springframework.boot.devtools.autoconfigure.OptionalLiveReloadServer : LiveReload server is running on port 35729
2020-12-19 23:17:17,318 INFO  [restartedMain] org.springframework.boot.web.embedded.tomcat.TomcatWebServer : Tomcat started on port(s): 7070 (http) with context path ''
2020-12-19 23:17:17,328 INFO  [restartedMain] com.bjfu.fcro.FoodcheckRouteoptiApplication : Started FoodcheckRouteoptiApplication in 3.207 seconds (JVM running for 4.25)
2020-12-19 23:17:21,011 INFO  [http-nio-7070-exec-1] org.apache.catalina.core.ContainerBase.[Tomcat].[localhost].[/] : Initializing Spring DispatcherServlet 'dispatcherServlet'
2020-12-19 23:17:21,011 INFO  [http-nio-7070-exec-1] org.springframework.web.servlet.DispatcherServlet : Initializing Servlet 'dispatcherServlet'
2020-12-19 23:17:21,017 INFO  [http-nio-7070-exec-1] org.springframework.web.servlet.DispatcherServlet : Completed initialization in 6 ms
2020-12-19 23:18:18,792 INFO  [restartedMain] com.bjfu.fcro.FoodcheckRouteoptiApplication : Starting FoodcheckRouteoptiApplication on DESKTOP-FVOEJCM with PID 12636 (E:\ltx\foodcheck_routeopti\target\classes started by ltx in E:\ltx\foodcheck_routeopti)
2020-12-19 23:18:18,794 INFO  [restartedMain] com.bjfu.fcro.FoodcheckRouteoptiApplication : No active profile set, falling back to default profiles: default
2020-12-19 23:18:18,843 INFO  [restartedMain] org.springframework.boot.devtools.env.DevToolsPropertyDefaultsPostProcessor : Devtools property defaults active! Set 'spring.devtools.add-properties' to 'false' to disable
2020-12-19 23:18:18,843 INFO  [restartedMain] org.springframework.boot.devtools.env.DevToolsPropertyDefaultsPostProcessor : For additional web related logging consider setting the 'logging.level.web' property to 'DEBUG'
2020-12-19 23:18:19,483 INFO  [restartedMain] org.springframework.data.repository.config.RepositoryConfigurationDelegate : Multiple Spring Data modules found, entering strict repository configuration mode!
2020-12-19 23:18:19,483 INFO  [restartedMain] org.springframework.data.repository.config.RepositoryConfigurationDelegate : Bootstrapping Spring Data JDBC repositories in DEFAULT mode.
2020-12-19 23:18:19,527 INFO  [restartedMain] org.springframework.data.repository.config.RepositoryConfigurationDelegate : Finished Spring Data repository scanning in 39ms. Found 0 JDBC repository interfaces.
2020-12-19 23:18:19,540 INFO  [restartedMain] org.springframework.data.repository.config.RepositoryConfigurationDelegate : Multiple Spring Data modules found, entering strict repository configuration mode!
2020-12-19 23:18:19,541 INFO  [restartedMain] org.springframework.data.repository.config.RepositoryConfigurationDelegate : Bootstrapping Spring Data Redis repositories in DEFAULT mode.
2020-12-19 23:18:19,568 INFO  [restartedMain] org.springframework.data.repository.config.RepositoryConfigurationDelegate : Finished Spring Data repository scanning in 18ms. Found 0 Redis repository interfaces.
2020-12-19 23:18:20,085 INFO  [restartedMain] org.springframework.boot.web.embedded.tomcat.TomcatWebServer : Tomcat initialized with port(s): 7070 (http)
2020-12-19 23:18:20,093 INFO  [restartedMain] org.apache.catalina.core.StandardService : Starting service [Tomcat]
2020-12-19 23:18:20,093 INFO  [restartedMain] org.apache.catalina.core.StandardEngine : Starting Servlet engine: [Apache Tomcat/9.0.38]
2020-12-19 23:18:20,233 INFO  [restartedMain] org.apache.catalina.core.ContainerBase.[Tomcat].[localhost].[/] : Initializing Spring embedded WebApplicationContext
2020-12-19 23:18:20,233 INFO  [restartedMain] org.springframework.boot.web.servlet.context.ServletWebServerApplicationContext : Root WebApplicationContext: initialization completed in 1390 ms
2020-12-19 23:18:20,442 WARN  [restartedMain] com.bjfu.fcro.config.handler.CustomizeAbstractSecurityInterceptor : Could not validate configuration attributes as the SecurityMetadataSource did not return any attributes from getAllConfigAttributes()
2020-12-19 23:18:20,773 INFO  [restartedMain] org.springframework.boot.autoconfigure.web.servlet.WelcomePageHandlerMapping : Adding welcome page: class path resource [static/index.html]
2020-12-19 23:18:20,906 INFO  [restartedMain] org.springframework.security.web.DefaultSecurityFilterChain : Creating filter chain: any request, [org.springframework.security.web.context.request.async.WebAsyncManagerIntegrationFilter@671959e0, org.springframework.security.web.context.SecurityContextPersistenceFilter@580ecaf1, org.springframework.security.web.header.HeaderWriterFilter@34c675cf, org.springframework.web.filter.CorsFilter@64312d11, org.springframework.security.web.authentication.logout.LogoutFilter@6eb83f0e, com.bjfu.fcro.config.handler.CustomizeOncePerRequestFilter@37df23ee, org.springframework.security.web.authentication.UsernamePasswordAuthenticationFilter@4980996d, org.springframework.security.web.session.ConcurrentSessionFilter@7869940d, org.springframework.security.web.savedrequest.RequestCacheAwareFilter@3a71213a, org.springframework.security.web.servletapi.SecurityContextHolderAwareRequestFilter@7b1d28f5, org.springframework.security.web.authentication.AnonymousAuthenticationFilter@40f22589, org.springframework.security.web.session.SessionManagementFilter@7a08519d, org.springframework.security.web.access.ExceptionTranslationFilter@7a264f41, org.springframework.security.web.access.intercept.FilterSecurityInterceptor@24c02446]
2020-12-19 23:18:20,942 INFO  [restartedMain] org.springframework.scheduling.concurrent.ThreadPoolTaskExecutor : Initializing ExecutorService 'applicationTaskExecutor'
2020-12-19 23:18:21,271 INFO  [restartedMain] com.alibaba.druid.pool.DruidDataSource : {dataSource-1} inited
2020-12-19 23:18:21,497 INFO  [restartedMain] org.springframework.boot.devtools.autoconfigure.OptionalLiveReloadServer : LiveReload server is running on port 35729
2020-12-19 23:18:21,530 INFO  [restartedMain] org.springframework.boot.web.embedded.tomcat.TomcatWebServer : Tomcat started on port(s): 7070 (http) with context path ''
2020-12-19 23:18:21,540 INFO  [restartedMain] com.bjfu.fcro.FoodcheckRouteoptiApplication : Started FoodcheckRouteoptiApplication in 3.282 seconds (JVM running for 4.363)
2020-12-19 23:18:26,348 INFO  [http-nio-7070-exec-1] org.apache.catalina.core.ContainerBase.[Tomcat].[localhost].[/] : Initializing Spring DispatcherServlet 'dispatcherServlet'
2020-12-19 23:18:26,349 INFO  [http-nio-7070-exec-1] org.springframework.web.servlet.DispatcherServlet : Initializing Servlet 'dispatcherServlet'
2020-12-19 23:18:26,354 INFO  [http-nio-7070-exec-1] org.springframework.web.servlet.DispatcherServlet : Completed initialization in 5 ms
2020-12-19 23:26:54,921 INFO  [restartedMain] com.bjfu.fcro.FoodcheckRouteoptiApplication : Starting FoodcheckRouteoptiApplication on DESKTOP-FVOEJCM with PID 15176 (E:\ltx\foodcheck_routeopti\target\classes started by ltx in E:\ltx\foodcheck_routeopti)
2020-12-19 23:26:54,929 INFO  [restartedMain] com.bjfu.fcro.FoodcheckRouteoptiApplication : No active profile set, falling back to default profiles: default
2020-12-19 23:26:54,981 INFO  [restartedMain] org.springframework.boot.devtools.env.DevToolsPropertyDefaultsPostProcessor : Devtools property defaults active! Set 'spring.devtools.add-properties' to 'false' to disable
2020-12-19 23:26:54,981 INFO  [restartedMain] org.springframework.boot.devtools.env.DevToolsPropertyDefaultsPostProcessor : For additional web related logging consider setting the 'logging.level.web' property to 'DEBUG'
2020-12-19 23:26:55,692 INFO  [restartedMain] org.springframework.data.repository.config.RepositoryConfigurationDelegate : Multiple Spring Data modules found, entering strict repository configuration mode!
2020-12-19 23:26:55,693 INFO  [restartedMain] org.springframework.data.repository.config.RepositoryConfigurationDelegate : Bootstrapping Spring Data JDBC repositories in DEFAULT mode.
2020-12-19 23:26:55,739 INFO  [restartedMain] org.springframework.data.repository.config.RepositoryConfigurationDelegate : Finished Spring Data repository scanning in 41ms. Found 0 JDBC repository interfaces.
2020-12-19 23:26:55,753 INFO  [restartedMain] org.springframework.data.repository.config.RepositoryConfigurationDelegate : Multiple Spring Data modules found, entering strict repository configuration mode!
2020-12-19 23:26:55,754 INFO  [restartedMain] org.springframework.data.repository.config.RepositoryConfigurationDelegate : Bootstrapping Spring Data Redis repositories in DEFAULT mode.
2020-12-19 23:26:55,781 INFO  [restartedMain] org.springframework.data.repository.config.RepositoryConfigurationDelegate : Finished Spring Data repository scanning in 19ms. Found 0 Redis repository interfaces.
2020-12-19 23:26:56,488 INFO  [restartedMain] org.springframework.boot.web.embedded.tomcat.TomcatWebServer : Tomcat initialized with port(s): 7070 (http)
2020-12-19 23:26:56,499 INFO  [restartedMain] org.apache.catalina.core.StandardService : Starting service [Tomcat]
2020-12-19 23:26:56,500 INFO  [restartedMain] org.apache.catalina.core.StandardEngine : Starting Servlet engine: [Apache Tomcat/9.0.38]
2020-12-19 23:26:56,684 INFO  [restartedMain] org.apache.catalina.core.ContainerBase.[Tomcat].[localhost].[/] : Initializing Spring embedded WebApplicationContext
2020-12-19 23:26:56,684 INFO  [restartedMain] org.springframework.boot.web.servlet.context.ServletWebServerApplicationContext : Root WebApplicationContext: initialization completed in 1703 ms
2020-12-19 23:26:56,922 WARN  [restartedMain] com.bjfu.fcro.config.handler.CustomizeAbstractSecurityInterceptor : Could not validate configuration attributes as the SecurityMetadataSource did not return any attributes from getAllConfigAttributes()
2020-12-19 23:26:57,309 INFO  [restartedMain] org.springframework.boot.autoconfigure.web.servlet.WelcomePageHandlerMapping : Adding welcome page: class path resource [static/index.html]
2020-12-19 23:26:57,453 INFO  [restartedMain] org.springframework.security.web.DefaultSecurityFilterChain : Creating filter chain: any request, [org.springframework.security.web.context.request.async.WebAsyncManagerIntegrationFilter@468d768, org.springframework.security.web.context.SecurityContextPersistenceFilter@5bb1a701, org.springframework.security.web.header.HeaderWriterFilter@481c70, org.springframework.web.filter.CorsFilter@284a82dd, org.springframework.security.web.authentication.logout.LogoutFilter@c124080, com.bjfu.fcro.config.handler.CustomizeOncePerRequestFilter@2c2b9998, org.springframework.security.web.authentication.UsernamePasswordAuthenticationFilter@53de4acd, org.springframework.security.web.session.ConcurrentSessionFilter@61a2f2b7, org.springframework.security.web.savedrequest.RequestCacheAwareFilter@43d3e753, org.springframework.security.web.servletapi.SecurityContextHolderAwareRequestFilter@70d11d63, org.springframework.security.web.authentication.AnonymousAuthenticationFilter@7a4441c6, org.springframework.security.web.session.SessionManagementFilter@77c4b48d, org.springframework.security.web.access.ExceptionTranslationFilter@375311e5, org.springframework.security.web.access.intercept.FilterSecurityInterceptor@acf91c3]
2020-12-19 23:26:57,492 INFO  [restartedMain] org.springframework.scheduling.concurrent.ThreadPoolTaskExecutor : Initializing ExecutorService 'applicationTaskExecutor'
2020-12-19 23:26:57,846 INFO  [restartedMain] com.alibaba.druid.pool.DruidDataSource : {dataSource-1} inited
2020-12-19 23:26:58,196 INFO  [restartedMain] org.springframework.boot.devtools.autoconfigure.OptionalLiveReloadServer : LiveReload server is running on port 35729
2020-12-19 23:26:58,234 INFO  [restartedMain] org.springframework.boot.web.embedded.tomcat.TomcatWebServer : Tomcat started on port(s): 7070 (http) with context path ''
2020-12-19 23:26:58,245 INFO  [restartedMain] com.bjfu.fcro.FoodcheckRouteoptiApplication : Started FoodcheckRouteoptiApplication in 3.773 seconds (JVM running for 5.084)
2020-12-19 23:27:04,333 INFO  [http-nio-7070-exec-1] org.apache.catalina.core.ContainerBase.[Tomcat].[localhost].[/] : Initializing Spring DispatcherServlet 'dispatcherServlet'
2020-12-19 23:27:04,333 INFO  [http-nio-7070-exec-1] org.springframework.web.servlet.DispatcherServlet : Initializing Servlet 'dispatcherServlet'
2020-12-19 23:27:04,340 INFO  [http-nio-7070-exec-1] org.springframework.web.servlet.DispatcherServlet : Completed initialization in 7 ms
2020-12-19 23:27:06,271 ERROR [http-nio-7070-exec-4] com.bjfu.fcro.common.exception.GlobalExceptionHandler : 未知异常！原因是:
org.springframework.web.bind.MissingServletRequestParameterException: Required int parameter 'size' is not present
	at org.springframework.web.method.annotation.RequestParamMethodArgumentResolver.handleMissingValue(RequestParamMethodArgumentResolver.java:204)
	at org.springframework.web.method.annotation.AbstractNamedValueMethodArgumentResolver.resolveArgument(AbstractNamedValueMethodArgumentResolver.java:114)
	at org.springframework.web.method.support.HandlerMethodArgumentResolverComposite.resolveArgument(HandlerMethodArgumentResolverComposite.java:121)
	at org.springframework.web.method.support.InvocableHandlerMethod.getMethodArgumentValues(InvocableHandlerMethod.java:167)
	at org.springframework.web.method.support.InvocableHandlerMethod.invokeForRequest(InvocableHandlerMethod.java:134)
	at org.springframework.web.servlet.mvc.method.annotation.ServletInvocableHandlerMethod.invokeAndHandle(ServletInvocableHandlerMethod.java:105)
	at org.springframework.web.servlet.mvc.method.annotation.RequestMappingHandlerAdapter.invokeHandlerMethod(RequestMappingHandlerAdapter.java:878)
	at org.springframework.web.servlet.mvc.method.annotation.RequestMappingHandlerAdapter.handleInternal(RequestMappingHandlerAdapter.java:792)
	at org.springframework.web.servlet.mvc.method.AbstractHandlerMethodAdapter.handle(AbstractHandlerMethodAdapter.java:87)
	at org.springframework.web.servlet.DispatcherServlet.doDispatch(DispatcherServlet.java:1040)
	at org.springframework.web.servlet.DispatcherServlet.doService(DispatcherServlet.java:943)
	at org.springframework.web.servlet.FrameworkServlet.processRequest(FrameworkServlet.java:1006)
	at org.springframework.web.servlet.FrameworkServlet.doPost(FrameworkServlet.java:909)
	at javax.servlet.http.HttpServlet.service(HttpServlet.java:652)
	at org.springframework.web.servlet.FrameworkServlet.service(FrameworkServlet.java:883)
	at javax.servlet.http.HttpServlet.service(HttpServlet.java:733)
	at org.apache.catalina.core.ApplicationFilterChain.internalDoFilter(ApplicationFilterChain.java:231)
	at org.apache.catalina.core.ApplicationFilterChain.doFilter(ApplicationFilterChain.java:166)
	at org.apache.tomcat.websocket.server.WsFilter.doFilter(WsFilter.java:53)
	at org.apache.catalina.core.ApplicationFilterChain.internalDoFilter(ApplicationFilterChain.java:193)
	at org.apache.catalina.core.ApplicationFilterChain.doFilter(ApplicationFilterChain.java:166)
	at org.springframework.web.filter.OncePerRequestFilter.doFilter(OncePerRequestFilter.java:113)
	at org.apache.catalina.core.ApplicationFilterChain.internalDoFilter(ApplicationFilterChain.java:193)
	at org.apache.catalina.core.ApplicationFilterChain.doFilter(ApplicationFilterChain.java:166)
	at com.bjfu.fcro.config.handler.CustomizeAbstractSecurityInterceptor.invoke(CustomizeAbstractSecurityInterceptor.java:56)
	at com.bjfu.fcro.config.handler.CustomizeAbstractSecurityInterceptor.doFilter(CustomizeAbstractSecurityInterceptor.java:46)
	at org.apache.catalina.core.ApplicationFilterChain.internalDoFilter(ApplicationFilterChain.java:193)
	at org.apache.catalina.core.ApplicationFilterChain.doFilter(ApplicationFilterChain.java:166)
	at com.bjfu.fcro.config.fliter.VerifyCodeFilter.doFilter(VerifyCodeFilter.java:62)
	at org.apache.catalina.core.ApplicationFilterChain.internalDoFilter(ApplicationFilterChain.java:193)
	at org.apache.catalina.core.ApplicationFilterChain.doFilter(ApplicationFilterChain.java:166)
	at org.springframework.security.web.FilterChainProxy$VirtualFilterChain.doFilter(FilterChainProxy.java:320)
	at org.springframework.security.web.access.intercept.FilterSecurityInterceptor.invoke(FilterSecurityInterceptor.java:126)
	at org.springframework.security.web.access.intercept.FilterSecurityInterceptor.doFilter(FilterSecurityInterceptor.java:90)
	at org.springframework.security.web.FilterChainProxy$VirtualFilterChain.doFilter(FilterChainProxy.java:334)
	at org.springframework.security.web.access.ExceptionTranslationFilter.doFilter(ExceptionTranslationFilter.java:118)
	at org.springframework.security.web.FilterChainProxy$VirtualFilterChain.doFilter(FilterChainProxy.java:334)
	at org.springframework.security.web.session.SessionManagementFilter.doFilter(SessionManagementFilter.java:137)
	at org.springframework.security.web.FilterChainProxy$VirtualFilterChain.doFilter(FilterChainProxy.java:334)
	at org.springframework.security.web.authentication.AnonymousAuthenticationFilter.doFilter(AnonymousAuthenticationFilter.java:111)
	at org.springframework.security.web.FilterChainProxy$VirtualFilterChain.doFilter(FilterChainProxy.java:334)
	at org.springframework.security.web.servletapi.SecurityContextHolderAwareRequestFilter.doFilter(SecurityContextHolderAwareRequestFilter.java:158)
	at org.springframework.security.web.FilterChainProxy$VirtualFilterChain.doFilter(FilterChainProxy.java:334)
	at org.springframework.security.web.savedrequest.RequestCacheAwareFilter.doFilter(RequestCacheAwareFilter.java:63)
	at org.springframework.security.web.FilterChainProxy$VirtualFilterChain.doFilter(FilterChainProxy.java:334)
	at org.springframework.security.web.session.ConcurrentSessionFilter.doFilter(ConcurrentSessionFilter.java:152)
	at org.springframework.security.web.FilterChainProxy$VirtualFilterChain.doFilter(FilterChainProxy.java:334)
	at org.springframework.security.web.authentication.AbstractAuthenticationProcessingFilter.doFilter(AbstractAuthenticationProcessingFilter.java:200)
	at org.springframework.security.web.FilterChainProxy$VirtualFilterChain.doFilter(FilterChainProxy.java:334)
	at com.bjfu.fcro.config.handler.CustomizeOncePerRequestFilter.doFilterInternal(CustomizeOncePerRequestFilter.java:98)
	at org.springframework.web.filter.OncePerRequestFilter.doFilter(OncePerRequestFilter.java:119)
	at org.springframework.security.web.FilterChainProxy$VirtualFilterChain.doFilter(FilterChainProxy.java:334)
	at org.springframework.security.web.authentication.logout.LogoutFilter.doFilter(LogoutFilter.java:116)
	at org.springframework.security.web.FilterChainProxy$VirtualFilterChain.doFilter(FilterChainProxy.java:334)
	at org.springframework.web.filter.CorsFilter.doFilterInternal(CorsFilter.java:92)
	at org.springframework.web.filter.OncePerRequestFilter.doFilter(OncePerRequestFilter.java:119)
	at org.springframework.security.web.FilterChainProxy$VirtualFilterChain.doFilter(FilterChainProxy.java:334)
	at org.springframework.security.web.header.HeaderWriterFilter.doHeadersAfter(HeaderWriterFilter.java:92)
	at org.springframework.security.web.header.HeaderWriterFilter.doFilterInternal(HeaderWriterFilter.java:77)
	at org.springframework.web.filter.OncePerRequestFilter.doFilter(OncePerRequestFilter.java:119)
	at org.springframework.security.web.FilterChainProxy$VirtualFilterChain.doFilter(FilterChainProxy.java:334)
	at org.springframework.security.web.context.SecurityContextPersistenceFilter.doFilter(SecurityContextPersistenceFilter.java:105)
	at org.springframework.security.web.FilterChainProxy$VirtualFilterChain.doFilter(FilterChainProxy.java:334)
	at org.springframework.security.web.context.request.async.WebAsyncManagerIntegrationFilter.doFilterInternal(WebAsyncManagerIntegrationFilter.java:56)
	at org.springframework.web.filter.OncePerRequestFilter.doFilter(OncePerRequestFilter.java:119)
	at org.springframework.security.web.FilterChainProxy$VirtualFilterChain.doFilter(FilterChainProxy.java:334)
	at org.springframework.security.web.FilterChainProxy.doFilterInternal(FilterChainProxy.java:215)
	at org.springframework.security.web.FilterChainProxy.doFilter(FilterChainProxy.java:178)
	at org.springframework.web.filter.DelegatingFilterProxy.invokeDelegate(DelegatingFilterProxy.java:358)
	at org.springframework.web.filter.DelegatingFilterProxy.doFilter(DelegatingFilterProxy.java:271)
	at org.apache.catalina.core.ApplicationFilterChain.internalDoFilter(ApplicationFilterChain.java:193)
	at org.apache.catalina.core.ApplicationFilterChain.doFilter(ApplicationFilterChain.java:166)
	at org.springframework.web.filter.RequestContextFilter.doFilterInternal(RequestContextFilter.java:100)
	at org.springframework.web.filter.OncePerRequestFilter.doFilter(OncePerRequestFilter.java:119)
	at org.apache.catalina.core.ApplicationFilterChain.internalDoFilter(ApplicationFilterChain.java:193)
	at org.apache.catalina.core.ApplicationFilterChain.doFilter(ApplicationFilterChain.java:166)
	at org.springframework.web.filter.FormContentFilter.doFilterInternal(FormContentFilter.java:93)
	at org.springframework.web.filter.OncePerRequestFilter.doFilter(OncePerRequestFilter.java:119)
	at org.apache.catalina.core.ApplicationFilterChain.internalDoFilter(ApplicationFilterChain.java:193)
	at org.apache.catalina.core.ApplicationFilterChain.doFilter(ApplicationFilterChain.java:166)
	at org.springframework.web.filter.CharacterEncodingFilter.doFilterInternal(CharacterEncodingFilter.java:201)
	at org.springframework.web.filter.OncePerRequestFilter.doFilter(OncePerRequestFilter.java:119)
	at org.apache.catalina.core.ApplicationFilterChain.internalDoFilter(ApplicationFilterChain.java:193)
	at org.apache.catalina.core.ApplicationFilterChain.doFilter(ApplicationFilterChain.java:166)
	at org.apache.catalina.core.StandardWrapperValve.invoke(StandardWrapperValve.java:202)
	at org.apache.catalina.core.StandardContextValve.invoke(StandardContextValve.java:97)
	at org.apache.catalina.authenticator.AuthenticatorBase.invoke(AuthenticatorBase.java:541)
	at org.apache.catalina.core.StandardHostValve.invoke(StandardHostValve.java:143)
	at org.apache.catalina.valves.ErrorReportValve.invoke(ErrorReportValve.java:92)
	at org.apache.catalina.core.StandardEngineValve.invoke(StandardEngineValve.java:78)
	at org.apache.catalina.connector.CoyoteAdapter.service(CoyoteAdapter.java:343)
	at org.apache.coyote.http11.Http11Processor.service(Http11Processor.java:374)
	at org.apache.coyote.AbstractProcessorLight.process(AbstractProcessorLight.java:65)
	at org.apache.coyote.AbstractProtocol$ConnectionHandler.process(AbstractProtocol.java:868)
	at org.apache.tomcat.util.net.NioEndpoint$SocketProcessor.doRun(NioEndpoint.java:1590)
	at org.apache.tomcat.util.net.SocketProcessorBase.run(SocketProcessorBase.java:49)
	at java.util.concurrent.ThreadPoolExecutor.runWorker(ThreadPoolExecutor.java:1142)
	at java.util.concurrent.ThreadPoolExecutor$Worker.run(ThreadPoolExecutor.java:617)
	at org.apache.tomcat.util.threads.TaskThread$WrappingRunnable.run(TaskThread.java:61)
	at java.lang.Thread.run(Thread.java:745)
2020-12-19 23:27:06,275 WARN  [http-nio-7070-exec-4] org.springframework.web.servlet.mvc.method.annotation.ExceptionHandlerExceptionResolver : Resolved [org.springframework.web.bind.MissingServletRequestParameterException: Required int parameter 'size' is not present]
